../Core/Inc/Stepper.h:37:19:static Stepper* Stepper::stepperX()	8	static
../Core/Inc/Stepper.h:38:19:static Stepper* Stepper::stepperY()	8	static
../Core/Inc/Stepper.h:39:19:static Stepper* Stepper::stepperZ()	8	static
../Core/Inc/Stepper.h:40:19:static Stepper* Stepper::stepperP()	8	static
../Core/Inc/Stepper.h:42:19:static Stepper* Stepper::stepperR()	8	static
../Core/Inc/Stepper.h:106:8:bool Stepper::isBusy() const	16	static
../Core/Inc/Stepper.h:109:11:int32_t Stepper::getPosition() const	16	static
../Core/Inc/Stepper.h:154:12:void Stepper::setMaxSpeedHz(uint32_t)	16	static
../Core/Inc/Stepper.h:242:15:bool Stepper::_isLimitAsserted() const	24	static
../Core/Inc/Orchestrator.h:159:29:static EventGroupDef_t* Orchestrator::getDoneEvents()	8	static
../Core/Src/Stepper.cpp:23:20:bool is_apb2_timer(TIM_TypeDef*)	16	static
../Core/Src/Stepper.cpp:26:20:bool is_32bit_timer(TIM_TypeDef*)	16	static
../Core/Src/Stepper.cpp:29:24:uint32_t timer_input_hz(TIM_HandleTypeDef*, uint16_t)	56	static
../Core/Src/Stepper.cpp:40:24:uint32_t timer_max_arr(TIM_HandleTypeDef*)	16	static
../Core/Src/Stepper.cpp:44:24:uint32_t arr_for_freq(uint32_t, uint32_t)	24	static
../Core/Src/Stepper.cpp:53:23:uint8_t port_code(GPIO_TypeDef*)	16	static
../Core/Src/Stepper.cpp:64:19:int pin_number_from_mask(uint16_t)	24	static
../Core/Src/Stepper.cpp:73:1:Stepper::Stepper()	16	static
../Core/Src/Stepper.cpp:76:10:static Stepper* Stepper::getAxis(Axis)	16	static
../Core/Src/Stepper.cpp:81:6:void Stepper::begin(Axis, TIM_HandleTypeDef*, GPIO_TypeDef*, uint16_t, GPIO_TypeDef*, uint16_t, GPIO_TypeDef*, uint16_t, uint32_t, uint16_t, bool, bool)	24	static
../Core/Src/Stepper.cpp:109:6:void Stepper::addDriver(GPIO_TypeDef*, uint16_t, GPIO_TypeDef*, uint16_t, GPIO_TypeDef*, uint16_t)	24	static
../Core/Src/Stepper.cpp:122:6:void Stepper::moveTo(bool, uint32_t, uint32_t, uint32_t)	48	static
../Core/Src/Stepper.cpp:138:6:void Stepper::move(bool, uint32_t, uint32_t, uint32_t)	184	static
../Core/Src/Stepper.cpp:234:6:void Stepper::setSpeedHz(uint32_t)	72	static
../Core/Src/Stepper.cpp:253:6:void Stepper::_requestSoftStop()	56	static
../Core/Src/Stepper.cpp:297:6:void Stepper::home(uint32_t, uint32_t, uint32_t)	64	static
../Core/Src/Stepper.cpp:388:6:void Stepper::waitUntilDone()	24	static
../Core/Src/Stepper.cpp:398:6:void Stepper::stop()	16	static
../Core/Src/Stepper.cpp:408:6:void Stepper::enableMotor()	16	static
../Core/Src/Stepper.cpp:415:6:void Stepper::disableMotor()	16	static
../Core/Src/Stepper.cpp:422:6:void Stepper::pauseMove()	16	static
../Core/Src/Stepper.cpp:427:6:void Stepper::resumeMove()	32	static
../Core/Src/Stepper.cpp:435:6:void Stepper::cancelMove()	16	static
../Core/Src/Stepper.cpp:461:17:Stepper::_stepTick()::<lambda(float)>	32	static
../Core/Src/Stepper.cpp:442:6:void Stepper::_stepTick()	56	static,ignoring_inline_asm
../Core/Src/Stepper.cpp:515:6:static void Stepper::dispatch(TIM_HandleTypeDef*)	24	static
../Core/Src/Stepper.cpp:526:6:void Stepper::configureLimitPin(GPIO_TypeDef*, uint16_t)	64	static
../Core/Src/Stepper.cpp:560:28:Stepper::attachLimitSwitch(GPIO_TypeDef*, uint16_t, TickType_t, bool)::<lambda(GPIO_TypeDef*)>	48	static
../Core/Src/Stepper.cpp:602:5:Stepper::attachLimitSwitch(GPIO_TypeDef*, uint16_t, TickType_t, bool)::<lambda(TimerHandle_t)>	24	static
../Core/Src/Stepper.cpp:602:5:static void Stepper::attachLimitSwitch(GPIO_TypeDef*, uint16_t, TickType_t, bool)::<lambda(TimerHandle_t)>::_FUN(TimerHandle_t)	16	static
../Core/Src/Stepper.cpp:602:5:Stepper::attachLimitSwitch(GPIO_TypeDef*, uint16_t, TickType_t, bool)::<lambda(TimerHandle_t)>::operator void (*)(TimerHandle_t)() const	16	static
../Core/Src/Stepper.cpp:551:6:void Stepper::attachLimitSwitch(GPIO_TypeDef*, uint16_t, TickType_t, bool)	80	static
../Core/Src/Stepper.cpp:616:6:void Stepper::_onRawLimitInterruptFromIsr()	40	static,ignoring_inline_asm
../Core/Src/Stepper.cpp:631:6:void Stepper::onLimitTriggered()	24	static,ignoring_inline_asm
../Core/Src/Stepper.cpp:656:6:static void Stepper::handleExtiFromIsr(uint16_t)	24	static
../Core/Src/Stepper.cpp:681:17:void MX_STEPPERX_Init()	56	static
../Core/Src/Stepper.cpp:706:17:void MX_STEPPERY_Init()	56	static
../Core/Src/Stepper.cpp:727:17:void MX_STEPPERZ_Init()	48	static
../Core/Src/Stepper.cpp:742:17:void MX_STEPPERP_Init()	56	static
../Core/Src/Stepper.cpp:763:17:void MX_STEPPERR_Init()	48	static
../Core/Src/Stepper.cpp:778:17:void MX_STEPPERX_Move(uint8_t, uint32_t, uint32_t, uint32_t)	32	static
../Core/Src/Stepper.cpp:779:17:void MX_STEPPERY_Move(uint8_t, uint32_t, uint32_t, uint32_t)	32	static
../Core/Src/Stepper.cpp:780:17:void MX_STEPPERZ_Move(uint8_t, uint32_t, uint32_t, uint32_t)	32	static
../Core/Src/Stepper.cpp:781:17:void MX_STEPPERP_Move(uint8_t, uint32_t, uint32_t, uint32_t)	32	static
../Core/Src/Stepper.cpp:783:17:void MX_STEPPERR_Move(uint8_t, uint32_t, uint32_t, uint32_t)	32	static
../Core/Src/Stepper.cpp:786:17:void MX_STEPPERX_MoveTo(uint8_t, uint32_t, uint32_t, uint32_t)	32	static
../Core/Src/Stepper.cpp:787:17:void MX_STEPPERY_MoveTo(uint8_t, uint32_t, uint32_t, uint32_t)	32	static
../Core/Src/Stepper.cpp:788:17:void MX_STEPPERZ_MoveTo(uint8_t, uint32_t, uint32_t, uint32_t)	32	static
../Core/Src/Stepper.cpp:789:17:void MX_STEPPERP_MoveTo(uint8_t, uint32_t, uint32_t, uint32_t)	32	static
../Core/Src/Stepper.cpp:791:17:void MX_STEPPERR_MoveTo(uint8_t, uint32_t, uint32_t, uint32_t)	32	static
../Core/Src/Stepper.cpp:794:17:void MX_STEPPERX_Home(uint32_t, uint32_t, uint32_t)	24	static
../Core/Src/Stepper.cpp:795:17:void MX_STEPPERY_Home(uint32_t, uint32_t, uint32_t)	24	static
../Core/Src/Stepper.cpp:796:17:void MX_STEPPERZ_Home(uint32_t, uint32_t, uint32_t)	24	static
../Core/Src/Stepper.cpp:797:17:void MX_STEPPERP_Home(uint32_t, uint32_t, uint32_t)	24	static
../Core/Src/Stepper.cpp:799:17:void MX_STEPPERR_Home(uint32_t, uint32_t, uint32_t)	24	static
../Core/Src/Stepper.cpp:802:16:uint8_t MX_STEPPERX_IsBusy()	8	static
../Core/Src/Stepper.cpp:803:16:uint8_t MX_STEPPERY_IsBusy()	8	static
../Core/Src/Stepper.cpp:804:16:uint8_t MX_STEPPERZ_IsBusy()	8	static
../Core/Src/Stepper.cpp:805:16:uint8_t MX_STEPPERP_IsBusy()	8	static
../Core/Src/Stepper.cpp:807:16:uint8_t MX_STEPPERR_IsBusy()	8	static
../Core/Src/Stepper.cpp:810:17:void MX_STEPPERX_Stop()	8	static
../Core/Src/Stepper.cpp:811:17:void MX_STEPPERY_Stop()	8	static
../Core/Src/Stepper.cpp:812:17:void MX_STEPPERZ_Stop()	8	static
../Core/Src/Stepper.cpp:813:17:void MX_STEPPERP_Stop()	8	static
../Core/Src/Stepper.cpp:815:17:void MX_STEPPERR_Stop()	8	static
../Core/Src/Stepper.cpp:818:20:int32_t MX_STEPPERX_GetPos()	8	static
../Core/Src/Stepper.cpp:819:20:int32_t MX_STEPPERY_GetPos()	8	static
../Core/Src/Stepper.cpp:820:20:int32_t MX_STEPPERZ_GetPos()	8	static
../Core/Src/Stepper.cpp:821:20:int32_t MX_STEPPERP_GetPos()	8	static
../Core/Src/Stepper.cpp:823:20:int32_t MX_STEPPERR_GetPos()	8	static
../Core/Src/Stepper.cpp:826:17:void MX_DISPATCH(TIM_HandleTypeDef*)	16	static
../Core/Src/Stepper.cpp:830:17:void MX_ATTACH_LIMIT(uint16_t)	16	static
