Archive member included to satisfy reference by file (symbol)

C:/ST/STM32CubeIDE_1.18.1/STM32CubeIDE/plugins/com.st.stm32cube.ide.mcu.externaltools.gnu-tools-for-stm32.13.3.rel1.win32_1.0.0.202411081344/tools/bin/../lib/gcc/arm-none-eabi/13.3.1/../../../../arm-none-eabi/lib/thumb/v7e-m+fp/hard\libstdc++_nano.a(guard.o)
                              ./Core/Src/Comm.o (__cxa_guard_acquire)
C:/ST/STM32CubeIDE_1.18.1/STM32CubeIDE/plugins/com.st.stm32cube.ide.mcu.externaltools.gnu-tools-for-stm32.13.3.rel1.win32_1.0.0.202411081344/tools/bin/../lib/gcc/arm-none-eabi/13.3.1/../../../../arm-none-eabi/lib/thumb/v7e-m+fp/hard\libm.a(libm_a-w_sqrt.o)
                              ./Core/Src/Stepper.o (sqrt)
C:/ST/STM32CubeIDE_1.18.1/STM32CubeIDE/plugins/com.st.stm32cube.ide.mcu.externaltools.gnu-tools-for-stm32.13.3.rel1.win32_1.0.0.202411081344/tools/bin/../lib/gcc/arm-none-eabi/13.3.1/../../../../arm-none-eabi/lib/thumb/v7e-m+fp/hard\libm.a(libm_a-sf_cos.o)
                              ./Core/Src/Stepper.o (cosf)
C:/ST/STM32CubeIDE_1.18.1/STM32CubeIDE/plugins/com.st.stm32cube.ide.mcu.externaltools.gnu-tools-for-stm32.13.3.rel1.win32_1.0.0.202411081344/tools/bin/../lib/gcc/arm-none-eabi/13.3.1/../../../../arm-none-eabi/lib/thumb/v7e-m+fp/hard\libm.a(libm_a-e_sqrt.o)
                              C:/ST/STM32CubeIDE_1.18.1/STM32CubeIDE/plugins/com.st.stm32cube.ide.mcu.externaltools.gnu-tools-for-stm32.13.3.rel1.win32_1.0.0.202411081344/tools/bin/../lib/gcc/arm-none-eabi/13.3.1/../../../../arm-none-eabi/lib/thumb/v7e-m+fp/hard\libm.a(libm_a-w_sqrt.o) (__ieee754_sqrt)
C:/ST/STM32CubeIDE_1.18.1/STM32CubeIDE/plugins/com.st.stm32cube.ide.mcu.externaltools.gnu-tools-for-stm32.13.3.rel1.win32_1.0.0.202411081344/tools/bin/../lib/gcc/arm-none-eabi/13.3.1/../../../../arm-none-eabi/lib/thumb/v7e-m+fp/hard\libm.a(libm_a-s_ceil.o)
                              ./Core/Src/Stepper.o (ceil)
C:/ST/STM32CubeIDE_1.18.1/STM32CubeIDE/plugins/com.st.stm32cube.ide.mcu.externaltools.gnu-tools-for-stm32.13.3.rel1.win32_1.0.0.202411081344/tools/bin/../lib/gcc/arm-none-eabi/13.3.1/../../../../arm-none-eabi/lib/thumb/v7e-m+fp/hard\libm.a(libm_a-s_floor.o)
                              ./Core/Src/Stepper.o (floor)
C:/ST/STM32CubeIDE_1.18.1/STM32CubeIDE/plugins/com.st.stm32cube.ide.mcu.externaltools.gnu-tools-for-stm32.13.3.rel1.win32_1.0.0.202411081344/tools/bin/../lib/gcc/arm-none-eabi/13.3.1/../../../../arm-none-eabi/lib/thumb/v7e-m+fp/hard\libm.a(libm_a-kf_cos.o)
                              C:/ST/STM32CubeIDE_1.18.1/STM32CubeIDE/plugins/com.st.stm32cube.ide.mcu.externaltools.gnu-tools-for-stm32.13.3.rel1.win32_1.0.0.202411081344/tools/bin/../lib/gcc/arm-none-eabi/13.3.1/../../../../arm-none-eabi/lib/thumb/v7e-m+fp/hard\libm.a(libm_a-sf_cos.o) (__kernel_cosf)
C:/ST/STM32CubeIDE_1.18.1/STM32CubeIDE/plugins/com.st.stm32cube.ide.mcu.externaltools.gnu-tools-for-stm32.13.3.rel1.win32_1.0.0.202411081344/tools/bin/../lib/gcc/arm-none-eabi/13.3.1/../../../../arm-none-eabi/lib/thumb/v7e-m+fp/hard\libm.a(libm_a-kf_sin.o)
                              C:/ST/STM32CubeIDE_1.18.1/STM32CubeIDE/plugins/com.st.stm32cube.ide.mcu.externaltools.gnu-tools-for-stm32.13.3.rel1.win32_1.0.0.202411081344/tools/bin/../lib/gcc/arm-none-eabi/13.3.1/../../../../arm-none-eabi/lib/thumb/v7e-m+fp/hard\libm.a(libm_a-sf_cos.o) (__kernel_sinf)
C:/ST/STM32CubeIDE_1.18.1/STM32CubeIDE/plugins/com.st.stm32cube.ide.mcu.externaltools.gnu-tools-for-stm32.13.3.rel1.win32_1.0.0.202411081344/tools/bin/../lib/gcc/arm-none-eabi/13.3.1/../../../../arm-none-eabi/lib/thumb/v7e-m+fp/hard\libm.a(libm_a-ef_rem_pio2.o)
                              C:/ST/STM32CubeIDE_1.18.1/STM32CubeIDE/plugins/com.st.stm32cube.ide.mcu.externaltools.gnu-tools-for-stm32.13.3.rel1.win32_1.0.0.202411081344/tools/bin/../lib/gcc/arm-none-eabi/13.3.1/../../../../arm-none-eabi/lib/thumb/v7e-m+fp/hard\libm.a(libm_a-sf_cos.o) (__ieee754_rem_pio2f)
C:/ST/STM32CubeIDE_1.18.1/STM32CubeIDE/plugins/com.st.stm32cube.ide.mcu.externaltools.gnu-tools-for-stm32.13.3.rel1.win32_1.0.0.202411081344/tools/bin/../lib/gcc/arm-none-eabi/13.3.1/../../../../arm-none-eabi/lib/thumb/v7e-m+fp/hard\libm.a(libm_a-sf_fabs.o)
                              C:/ST/STM32CubeIDE_1.18.1/STM32CubeIDE/plugins/com.st.stm32cube.ide.mcu.externaltools.gnu-tools-for-stm32.13.3.rel1.win32_1.0.0.202411081344/tools/bin/../lib/gcc/arm-none-eabi/13.3.1/../../../../arm-none-eabi/lib/thumb/v7e-m+fp/hard\libm.a(libm_a-ef_rem_pio2.o) (fabsf)
C:/ST/STM32CubeIDE_1.18.1/STM32CubeIDE/plugins/com.st.stm32cube.ide.mcu.externaltools.gnu-tools-for-stm32.13.3.rel1.win32_1.0.0.202411081344/tools/bin/../lib/gcc/arm-none-eabi/13.3.1/../../../../arm-none-eabi/lib/thumb/v7e-m+fp/hard\libm.a(libm_a-kf_rem_pio2.o)
[...]
Memory Configuration

Name             Origin             Length             Attributes
RAM              0x20000000         0x00020000         xrw
FLASH            0x08000000         0x00060000         xr
*default*        0x00000000         0xffffffff

Linker script and memory map

LOAD C:/ST/STM32CubeIDE_1.18.1/STM32CubeIDE/plugins/com.st.stm32cube.ide.mcu.externaltools.gnu-tools-for-stm32.13.3.rel1.win32_1.0.0.202411081344/tools/bin/../lib/gcc/arm-none-eabi/13.3.1/thumb/v7e-m+fp/hard/crti.o
LOAD C:/ST/STM32CubeIDE_1.18.1/STM32CubeIDE/plugins/com.st.stm32cube.ide.mcu.externaltools.gnu-tools-for-stm32.13.3.rel1.win32_1.0.0.202411081344/tools/bin/../lib/gcc/arm-none-eabi/13.3.1/thumb/v7e-m+fp/hard/crtbegin.o
LOAD C:/ST/STM32CubeIDE_1.18.1/STM32CubeIDE/plugins/com.st.stm32cube.ide.mcu.externaltools.gnu-tools-for-stm32.13.3.rel1.win32_1.0.0.202411081344/tools/bin/../lib/gcc/arm-none-eabi/13.3.1/../../../../arm-none-eabi/lib/thumb/v7e-m+fp/hard/crt0.o
LOAD ./Core/Src/Comm.o
LOAD ./Core/Src/Flash.o
LOAD ./Core/Src/Gantry.o
LOAD ./Core/Src/Gripper.o
LOAD ./Core/Src/Heartbeat.o
LOAD ./Core/Src/LEDController.o
LOAD ./Core/Src/LEDStrip.o
LOAD ./Core/Src/Logger.o
LOAD ./Core/Src/Orchestrator.o
LOAD ./Core/Src/PressureRegulator.o
LOAD ./Core/Src/PressureSensor.o
LOAD ./Core/Src/Printer.o
LOAD ./Core/Src/Stepper.o
LOAD ./Core/Src/TMC2208Driver.o
LOAD ./Core/Src/callbacks.o
LOAD ./Core/Src/freertos.o
LOAD ./Core/Src/main.o
LOAD ./Core/Src/nvm.o
LOAD ./Core/Src/stm32f4xx_hal_msp.o
LOAD ./Core/Src/stm32f4xx_hal_timebase_tim.o
LOAD ./Core/Src/stm32f4xx_it.o
LOAD ./Core/Src/syscalls.o
LOAD ./Core/Src/sysmem.o
LOAD ./Core/Src/system_stm32f4xx.o
LOAD ./Core/Startup/startup_stm32f446zetx.o
LOAD ./Drivers/STM32F4xx_HAL_Driver/Src/stm32f4xx_hal.o
LOAD ./Drivers/STM32F4xx_HAL_Driver/Src/stm32f4xx_hal_cortex.o
LOAD ./Drivers/STM32F4xx_HAL_Driver/Src/stm32f4xx_hal_dma.o
LOAD ./Drivers/STM32F4xx_HAL_Driver/Src/stm32f4xx_hal_dma_ex.o
LOAD ./Drivers/STM32F4xx_HAL_Driver/Src/stm32f4xx_hal_exti.o
LOAD ./Drivers/STM32F4xx_HAL_Driver/Src/stm32f4xx_hal_flash.o
LOAD ./Drivers/STM32F4xx_HAL_Driver/Src/stm32f4xx_hal_flash_ex.o
LOAD ./Drivers/STM32F4xx_HAL_Driver/Src/stm32f4xx_hal_flash_ramfunc.o
LOAD ./Drivers/STM32F4xx_HAL_Driver/Src/stm32f4xx_hal_gpio.o
LOAD ./Drivers/STM32F4xx_HAL_Driver/Src/stm32f4xx_hal_i2c.o
LOAD ./Drivers/STM32F4xx_HAL_Driver/Src/stm32f4xx_hal_i2c_ex.o
LOAD ./Drivers/STM32F4xx_HAL_Driver/Src/stm32f4xx_hal_pwr.o
LOAD ./Drivers/STM32F4xx_HAL_Driver/Src/stm32f4xx_hal_pwr_ex.o
LOAD ./Drivers/STM32F4xx_HAL_Driver/Src/stm32f4xx_hal_rcc.o
LOAD ./Drivers/STM32F4xx_HAL_Driver/Src/stm32f4xx_hal_rcc_ex.o
LOAD ./Drivers/STM32F4xx_HAL_Driver/Src/stm32f4xx_hal_tim.o
LOAD ./Drivers/STM32F4xx_HAL_Driver/Src/stm32f4xx_hal_tim_ex.o
LOAD ./Drivers/STM32F4xx_HAL_Driver/Src/stm32f4xx_hal_uart.o
LOAD ./Middlewares/Third_Party/FreeRTOS/Source/CMSIS_RTOS/cmsis_os.o
LOAD ./Middlewares/Third_Party/FreeRTOS/Source/croutine.o
LOAD ./Middlewares/Third_Party/FreeRTOS/Source/event_groups.o
LOAD ./Middlewares/Third_Party/FreeRTOS/Source/list.o
LOAD ./Middlewares/Third_Party/FreeRTOS/Source/queue.o
LOAD ./Middlewares/Third_Party/FreeRTOS/Source/stream_buffer.o
LOAD ./Middlewares/Third_Party/FreeRTOS/Source/tasks.o
LOAD ./Middlewares/Third_Party/FreeRTOS/Source/timers.o
LOAD ./Middlewares/Third_Party/FreeRTOS/Source/portable/GCC/ARM_CM4F/port.o
LOAD ./Middlewares/Third_Party/FreeRTOS/Source/portable/MemMang/heap_4.o
START GROUP
LOAD C:/ST/STM32CubeIDE_1.18.1/STM32CubeIDE/plugins/com.st.stm32cube.ide.mcu.externaltools.gnu-tools-for-stm32.13.3.rel1.win32_1.0.0.202411081344/tools/bin/../lib/gcc/arm-none-eabi/13.3.1/../../../../arm-none-eabi/lib/thumb/v7e-m+fp/hard\libstdc++_nano.a
LOAD C:/ST/STM32CubeIDE_1.18.1/STM32CubeIDE/plugins/com.st.stm32cube.ide.mcu.externaltools.gnu-tools-for-stm32.13.3.rel1.win32_1.0.0.202411081344/tools/bin/../lib/gcc/arm-none-eabi/13.3.1/../../../../arm-none-eabi/lib/thumb/v7e-m+fp/hard\libsupc++_nano.a
END GROUP
LOAD C:/ST/STM32CubeIDE_1.18.1/STM32CubeIDE/plugins/com.st.stm32cube.ide.mcu.externaltools.gnu-tools-for-stm32.13.3.rel1.win32_1.0.0.202411081344/tools/bin/../lib/gcc/arm-none-eabi/13.3.1/../../../../arm-none-eabi/lib/thumb/v7e-m+fp/hard\libstdc++_nano.a
LOAD C:/ST/STM32CubeIDE_1.18.1/STM32CubeIDE/plugins/com.st.stm32cube.ide.mcu.externaltools.gnu-tools-for-stm32.13.3.rel1.win32_1.0.0.202411081344/tools/bin/../lib/gcc/arm-none-eabi/13.3.1/../../../../arm-none-eabi/lib/thumb/v7e-m+fp/hard\libm.a
LOAD C:/ST/STM32CubeIDE_1.18.1/STM32CubeIDE/plugins/com.st.stm32cube.ide.mcu.externaltools.gnu-tools-for-stm32.13.3.rel1.win32_1.0.0.202411081344/tools/bin/../lib/gcc/arm-none-eabi/13.3.1/../../../../arm-none-eabi/lib/thumb/v7e-m+fp/hard\libc_nano.a
START GROUP
LOAD C:/ST/STM32CubeIDE_1.18.1/STM32CubeIDE/plugins/com.st.stm32cube.ide.mcu.externaltools.gnu-tools-for-stm32.13.3.rel1.win32_1.0.0.202411081344/tools/bin/../lib/gcc/arm-none-eabi/13.3.1/thumb/v7e-m+fp/hard\libgcc.a
LOAD C:/ST/STM32CubeIDE_1.18.1/STM32CubeIDE/plugins/com.st.stm32cube.ide.mcu.externaltools.gnu-tools-for-stm32.13.3.rel1.win32_1.0.0.202411081344/tools/bin/../lib/gcc/arm-none-eabi/13.3.1/../../../../arm-none-eabi/lib/thumb/v7e-m+fp/hard\libc_nano.a
END GROUP
START GROUP
LOAD C:/ST/STM32CubeIDE_1.18.1/STM32CubeIDE/plugins/com.st.stm32cube.ide.mcu.externaltools.gnu-tools-for-stm32.13.3.rel1.win32_1.0.0.202411081344/tools/bin/../lib/gcc/arm-none-eabi/13.3.1/thumb/v7e-m+fp/hard\libgcc.a
LOAD C:/ST/STM32CubeIDE_1.18.1/STM32CubeIDE/plugins/com.st.stm32cube.ide.mcu.externaltools.gnu-tools-for-stm32.13.3.rel1.win32_1.0.0.202411081344/tools/bin/../lib/gcc/arm-none-eabi/13.3.1/../../../../arm-none-eabi/lib/thumb/v7e-m+fp/hard\libc_nano.a
LOAD C:/ST/STM32CubeIDE_1.18.1/STM32CubeIDE/plugins/com.st.stm32cube.ide.mcu.externaltools.gnu-tools-for-stm32.13.3.rel1.win32_1.0.0.202411081344/tools/bin/../lib/gcc/arm-none-eabi/13.3.1/../../../../arm-none-eabi/lib/thumb/v7e-m+fp/hard\libnosys.a
END GROUP
START GROUP
LOAD C:/ST/STM32CubeIDE_1.18.1/STM32CubeIDE/plugins/com.st.stm32cube.ide.mcu.externaltools.gnu-tools-for-stm32.13.3.rel1.win32_1.0.0.202411081344/tools/bin/../lib/gcc/arm-none-eabi/13.3.1/thumb/v7e-m+fp/hard\libgcc.a
LOAD C:/ST/STM32CubeIDE_1.18.1/STM32CubeIDE/plugins/com.st.stm32cube.ide.mcu.externaltools.gnu-tools-for-stm32.13.3.rel1.win32_1.0.0.202411081344/tools/bin/../lib/gcc/arm-none-eabi/13.3.1/../../../../arm-none-eabi/lib/thumb/v7e-m+fp/hard\libc_nano.a
LOAD C:/ST/STM32CubeIDE_1.18.1/STM32CubeIDE/plugins/com.st.stm32cube.ide.mcu.externaltools.gnu-tools-for-stm32.13.3.rel1.win32_1.0.0.202411081344/tools/bin/../lib/gcc/arm-none-eabi/13.3.1/../../../../arm-none-eabi/lib/thumb/v7e-m+fp/hard\libnosys.a
END GROUP
LOAD C:/ST/STM32CubeIDE_1.18.1/STM32CubeIDE/plugins/com.st.stm32cube.ide.mcu.externaltools.gnu-tools-for-stm32.13.3.rel1.win32_1.0.0.202411081344/tools/bin/../lib/gcc/arm-none-eabi/13.3.1/thumb/v7e-m+fp/hard/crtend.o
LOAD C:/ST/STM32CubeIDE_1.18.1/STM32CubeIDE/plugins/com.st.stm32cube.ide.mcu.externaltools.gnu-tools-for-stm32.13.3.rel1.win32_1.0.0.202411081344/tools/bin/../lib/gcc/arm-none-eabi/13.3.1/thumb/v7e-m+fp/hard/crtn.o
                0x20020000                        _estack = (ORIGIN (RAM) + LENGTH (RAM))
                0x00000200                        _Min_Heap_Size = 0x200
                0x00000400                        _Min_Stack_Size = 0x400

.isr_vector     0x08000000      0x1c4
                0x08000000                        . = ALIGN (0x4)
 *(.isr_vector)
 .isr_vector    0x08000000      0x1c4 ./Core/Startup/startup_stm32f446zetx.o
                0x08000000                g_pfnVectors
                0x080001c4                        . = ALIGN (0x4)

.text           0x080001d0    0x1b25c
                0x080001d0                        . = ALIGN (0x4)
 *(.text)
 .text          0x080001d0       0x40 C:/ST/STM32CubeIDE_1.18.1/STM32CubeIDE/plugins/com.st.stm32cube.ide.mcu.externaltools.gnu-tools-for-stm32.13.3.rel1.win32_1.0.0.202411081344/tools/bin/../lib/gcc/arm-none-eabi/13.3.1/thumb/v7e-m+fp/hard/crtbegin.o
 .text          0x08000210       0xa0 C:/ST/STM32CubeIDE_1.18.1/STM32CubeIDE/plugins/com.st.stm32cube.ide.mcu.externaltools.gnu-tools-for-stm32.13.3.rel1.win32_1.0.0.202411081344/tools/bin/../lib/gcc/arm-none-eabi/13.3.1/../../../../arm-none-eabi/lib/thumb/v7e-m+fp/hard\libc_nano.a(libc_a-memchr.o)
                0x08000210                memchr
 .text          0x080002b0       0x10 C:/ST/STM32CubeIDE_1.18.1/STM32CubeIDE/plugins/com.st.stm32cube.ide.mcu.externaltools.gnu-tools-for-stm32.13.3.rel1.win32_1.0.0.202411081344/tools/bin/../lib/gcc/arm-none-eabi/13.3.1/../../../../arm-none-eabi/lib/thumb/v7e-m+fp/hard\libc_nano.a(libc_a-strlen.o)
                0x080002b0                strlen
 .text          0x080002c0      0x378 C:/ST/STM32CubeIDE_1.18.1/STM32CubeIDE/plugins/com.st.stm32cube.ide.mcu.externaltools.gnu-tools-for-stm32.13.3.rel1.win32_1.0.0.202411081344/tools/bin/../lib/gcc/arm-none-eabi/13.3.1/thumb/v7e-m+fp/hard\libgcc.a(_arm_addsubdf3.o)
                0x080002c0                __aeabi_drsub
                0x080002c8                __aeabi_dsub
                0x080002c8                __subdf3
                0x080002cc                __aeabi_dadd
                0x080002cc                __adddf3
                0x08000544                __floatunsidf
                0x08000544                __aeabi_ui2d
                0x08000564                __floatsidf
                0x08000564                __aeabi_i2d
                0x08000588                __aeabi_f2d
                0x08000588                __extendsfdf2
                0x080005cc                __floatundidf
                0x080005cc                __aeabi_ul2d
                0x080005dc                __floatdidf
                0x080005dc                __aeabi_l2d
 .text          0x08000638      0x424 C:/ST/STM32CubeIDE_1.18.1/STM32CubeIDE/plugins/com.st.stm32cube.ide.mcu.externaltools.gnu-tools-for-stm32.13.3.rel1.win32_1.0.0.202411081344/tools/bin/../lib/gcc/arm-none-eabi/13.3.1/thumb/v7e-m+fp/hard\libgcc.a(_arm_muldivdf3.o)
                0x08000638                __aeabi_dmul
                0x08000638                __muldf3
                0x0800088c                __divdf3
                0x0800088c                __aeabi_ddiv
 .text          0x08000a5c      0x110 C:/ST/STM32CubeIDE_1.18.1/STM32CubeIDE/plugins/com.st.stm32cube.ide.mcu.externaltools.gnu-tools-for-stm32.13.3.rel1.win32_1.0.0.202411081344/tools/bin/../lib/gcc/arm-none-eabi/13.3.1/thumb/v7e-m+fp/hard\libgcc.a(_arm_cmpdf2.o)
                0x08000a5c                __gtdf2
                0x08000a5c                __gedf2
                0x08000a64                __ltdf2
                0x08000a64                __ledf2
                0x08000a6c                __nedf2
                0x08000a6c                __eqdf2
                0x08000a6c                __cmpdf2
                0x08000ae8                __aeabi_cdrcmple
                0x08000af8                __aeabi_cdcmpeq
                0x08000af8                __aeabi_cdcmple
                0x08000b08                __aeabi_dcmpeq
                0x08000b1c                __aeabi_dcmplt
                0x08000b30                __aeabi_dcmple
                0x08000b44                __aeabi_dcmpge
                0x08000b58                __aeabi_dcmpgt
 .text          0x08000b6c       0x2c C:/ST/STM32CubeIDE_1.18.1/STM32CubeIDE/plugins/com.st.stm32cube.ide.mcu.externaltools.gnu-tools-for-stm32.13.3.rel1.win32_1.0.0.202411081344/tools/bin/../lib/gcc/arm-none-eabi/13.3.1/thumb/v7e-m+fp/hard\libgcc.a(_arm_unorddf2.o)
                0x08000b6c                __unorddf2
                0x08000b6c                __aeabi_dcmpun
 .text          0x08000b98       0x50 C:/ST/STM32CubeIDE_1.18.1/STM32CubeIDE/plugins/com.st.stm32cube.ide.mcu.externaltools.gnu-tools-for-stm32.13.3.rel1.win32_1.0.0.202411081344/tools/bin/../lib/gcc/arm-none-eabi/13.3.1/thumb/v7e-m+fp/hard\libgcc.a(_arm_fixdfsi.o)
                0x08000b98                __aeabi_d2iz
                0x08000b98                __fixdfsi
 .text          0x08000be8       0x40 C:/ST/STM32CubeIDE_1.18.1/STM32CubeIDE/plugins/com.st.stm32cube.ide.mcu.externaltools.gnu-tools-for-stm32.13.3.rel1.win32_1.0.0.202411081344/tools/bin/../lib/gcc/arm-none-eabi/13.3.1/thumb/v7e-m+fp/hard\libgcc.a(_arm_fixunsdfsi.o)
                0x08000be8                __aeabi_d2uiz
                0x08000be8                __fixunsdfsi
 .text          0x08000c28       0xa0 C:/ST/STM32CubeIDE_1.18.1/STM32CubeIDE/plugins/com.st.stm32cube.ide.mcu.externaltools.gnu-tools-for-stm32.13.3.rel1.win32_1.0.0.202411081344/tools/bin/../lib/gcc/arm-none-eabi/13.3.1/thumb/v7e-m+fp/hard\libgcc.a(_aeabi_ldivmod.o)
                0x08000c28                __aeabi_ldivmod
 .text          0x08000cc8       0x30 C:/ST/STM32CubeIDE_1.18.1/STM32CubeIDE/plugins/com.st.stm32cube.ide.mcu.externaltools.gnu-tools-for-stm32.13.3.rel1.win32_1.0.0.202411081344/tools/bin/../lib/gcc/arm-none-eabi/13.3.1/thumb/v7e-m+fp/hard\libgcc.a(_aeabi_uldivmod.o)
                0x08000cc8                __aeabi_uldivmod
 .text          0x08000cf8      0x2f8 C:/ST/STM32CubeIDE_1.18.1/STM32CubeIDE/plugins/com.st.stm32cube.ide.mcu.externaltools.gnu-tools-for-stm32.13.3.rel1.win32_1.0.0.202411081344/tools/bin/../lib/gcc/arm-none-eabi/13.3.1/thumb/v7e-m+fp/hard\libgcc.a(_udivmoddi4.o)
                0x08000cf8                __udivmoddi4
 .text          0x08000ff0        0x4 C:/ST/STM32CubeIDE_1.18.1/STM32CubeIDE/plugins/com.st.stm32cube.ide.mcu.externaltools.gnu-tools-for-stm32.13.3.rel1.win32_1.0.0.202411081344/tools/bin/../lib/gcc/arm-none-eabi/13.3.1/thumb/v7e-m+fp/hard\libgcc.a(_dvmd_tls.o)
                0x08000ff0                __aeabi_idiv0
                0x08000ff0                __aeabi_ldiv0
 *(.text*)
 .text._ZN4Comm8instanceEv
                0x08000ff4       0x18 ./Core/Src/Comm.o
                0x08000ff4                Comm::instance()
 .text._ZNK14PressureSensor16getPrintPressureEv
                0x0800100c       0x1a ./Core/Src/Comm.o
                0x0800100c                PressureSensor::getPrintPressure() const
 .text._ZNK14PressureSensor17getRefuelPressureEv
                0x08001026       0x2c ./Core/Src/Comm.o
                0x08001026                PressureSensor::getRefuelPressure() const
 .text._ZNK7Printer13getPrintPulseEv
                0x08001052       0x18 ./Core/Src/Comm.o
                0x08001052                Printer::getPrintPulse() const
 .text._ZNK7Printer14getRefuelPulseEv
                0x0800106a       0x18 ./Core/Src/Comm.o
                0x0800106a                Printer::getRefuelPulse() const
 .text._ZNK7Printer13getDispenseHzEv
                0x08001082       0x18 ./Core/Src/Comm.o
                0x08001082                Printer::getDispenseHz() const
 .text._ZN7Stepper8stepperXEv
                0x0800109a       0x10 ./Core/Src/Comm.o
                0x0800109a                Stepper::stepperX()
 .text._ZN7Stepper8stepperYEv
                0x080010aa       0x10 ./Core/Src/Comm.o
                0x080010aa                Stepper::stepperY()
 .text._ZN7Stepper8stepperZEv
                0x080010ba       0x10 ./Core/Src/Comm.o
                0x080010ba                Stepper::stepperZ()
 .text._ZN7Stepper8stepperPEv
                0x080010ca       0x10 ./Core/Src/Comm.o
                0x080010ca                Stepper::stepperP()
 .text._ZN7Stepper8stepperREv
                0x080010da       0x10 ./Core/Src/Comm.o
                0x080010da                Stepper::stepperR()
 .text._ZNK7Stepper11getPositionEv
                0x080010ea       0x18 ./Core/Src/Comm.o
                0x080010ea                Stepper::getPosition() const
 .text._ZNK7Stepper17getTargetPositionEv
                0x08001102       0x18 ./Core/Src/Comm.o
                0x08001102                Stepper::getTargetPosition() const
 .text._ZNK7Stepper17accelStepsPerSec2Ev
                0x0800111a       0x1e ./Core/Src/Comm.o
                0x0800111a                Stepper::accelStepsPerSec2() const
 .text._ZNK7Stepper10maxSpeedHzEv
                0x08001138       0x1a ./Core/Src/Comm.o
                0x08001138                Stepper::maxSpeedHz() const
 .text._ZNK17PressureRegulator9getTargetEv
                0x08001152       0x18 ./Core/Src/Comm.o
                0x08001152                PressureRegulator::getTarget() const
 .text._ZNK17PressureRegulator8isActiveEv
                0x0800116a       0x1c ./Core/Src/Comm.o
                0x0800116a                PressureRegulator::isActive() const
 .text._ZN17PressureRegulator4regPEv
                0x08001186       0x10 ./Core/Src/Comm.o
                0x08001186                PressureRegulator::regP()
 .text._ZN17PressureRegulator4regREv
                0x08001196       0x10 ./Core/Src/Comm.o
                0x08001196                PressureRegulator::regR()
 *fill*         0x080011a6        0x2 
 .text._ZN17PressureRegulator3getEi
                0x080011a8       0x58 ./Core/Src/Comm.o
                0x080011a8                PressureRegulator::get(int)
 .text._ZN12Orchestrator15getCommandDepthEv
                0x08001200       0x18 ./Core/Src/Comm.o
                0x08001200                Orchestrator::getCommandDepth()
 .text._ZN12Orchestrator13getLastCmdNumEv
                0x08001218       0x10 ./Core/Src/Comm.o
                0x08001218                Orchestrator::getLastCmdNum()
 .text._ZN12Orchestrator16getCurrentCmdNumEv
                0x08001228       0x10 ./Core/Src/Comm.o
                0x08001228                Orchestrator::getCurrentCmdNum()
 .text._ZN12Orchestrator13getFlashDelayEv
                0x08001238       0x10 ./Core/Src/Comm.o
                0x08001238                Orchestrator::getFlashDelay()
 .text._ZN12Orchestrator11getExtCountEv
                0x08001248       0x10 ./Core/Src/Comm.o
                0x08001248                Orchestrator::getExtCount()
 .text._ZN12Orchestrator18getImagingDropletsEv
                0x08001258       0x12 ./Core/Src/Comm.o
                0x08001258                Orchestrator::getImagingDroplets()
 .text._ZNK5Flash9getPulsesEv
                0x0800126a       0x18 ./Core/Src/Comm.o
                0x0800126a                Flash::getPulses() const
 .text._ZNK5Flash16getPulseDurationEv
                0x08001282       0x18 ./Core/Src/Comm.o
                0x08001282                Flash::getPulseDuration() const
 .text._ZN4CommC2EP20__UART_HandleTypeDef
                0x0800129a       0x68 ./Core/Src/Comm.o
                0x0800129a                Comm::Comm(__UART_HandleTypeDef*)
                0x0800129a                Comm::Comm(__UART_HandleTypeDef*)
 .text._ZN4Comm5crc16EPKht
                0x08001302       0x78 ./Core/Src/Comm.o
                0x08001302                Comm::crc16(unsigned char const*, unsigned short)
 *fill*         0x0800137a        0x2 
 .text._ZN4Comm5beginEv
                0x0800137c       0x58 ./Core/Src/Comm.o
                0x0800137c                Comm::begin()
 .text.MX_COMM_Init
                0x080013d4       0x5c ./Core/Src/Comm.o
                0x080013d4                MX_COMM_Init
 .text.HAL_UART_ErrorCallback
                0x08001430       0xb8 ./Core/Src/Comm.o
                0x08001430                HAL_UART_ErrorCallback
 .text.HAL_UART_RxCpltCallback
                0x080014e8      0x136 ./Core/Src/Comm.o
                0x080014e8                HAL_UART_RxCpltCallback
 .text._ZN4Comm15setStatusPausedEb
                0x0800161e       0x20 ./Core/Src/Comm.o
                0x0800161e                Comm::setStatusPaused(bool)
 *fill*         0x0800163e        0x2 
 .text._ZN4Comm12handlePacketEPKhh
                0x08001640      0x19c ./Core/Src/Comm.o
                0x08001640                Comm::handlePacket(unsigned char const*, unsigned char)
 .text._ZN4Comm17resetReceiveStateEv
                0x080017dc       0x28 ./Core/Src/Comm.o
                0x080017dc                Comm::resetReceiveState()
 .text._ZN4Comm16sendAckWithSeq32Ehhmb
                0x08001804      0x144 ./Core/Src/Comm.o
                0x08001804                Comm::sendAckWithSeq32(unsigned char, unsigned char, unsigned long, bool)
 .text._ZN4Comm15statusTaskEntryEPv
                0x08001948       0x1c ./Core/Src/Comm.o
                0x08001948                Comm::statusTaskEntry(void*)
 .text._ZN4Comm9sendFrameEP20__UART_HandleTypeDefPKhj
                0x08001964       0xa4 ./Core/Src/Comm.o
                0x08001964                Comm::sendFrame(__UART_HandleTypeDef*, unsigned char const*, unsigned int)
 .text._ZN4Comm10statusTaskEv
                0x08001a08     0x17f4 ./Core/Src/Comm.o
                0x08001a08                Comm::statusTask()
 .text._ZL13tim1_input_hzP17TIM_HandleTypeDef
                0x080031fc       0x56 ./Core/Src/Flash.o
 *fill*         0x08003252        0x6 
 .text._ZL11ns_to_ticksmt
                0x08003258       0x74 ./Core/Src/Flash.o
 .text._ZN5FlashC2EP17TIM_HandleTypeDefm
                0x080032cc       0x48 ./Core/Src/Flash.o
                0x080032cc                Flash::Flash(TIM_HandleTypeDef*, unsigned long)
                0x080032cc                Flash::Flash(TIM_HandleTypeDef*, unsigned long)
 .text._ZN5Flash8instanceEv
                0x08003314       0x18 ./Core/Src/Flash.o
                0x08003314                Flash::instance()
 .text._ZN5Flash5beginEt
                0x0800332c       0x56 ./Core/Src/Flash.o
                0x0800332c                Flash::begin(unsigned short)
 .text._ZN5Flash14configureTimerEv
                0x08003382       0x84 ./Core/Src/Flash.o
                0x08003382                Flash::configureTimer()
 .text._ZN5Flash13setDurationNsEt
                0x08003406       0x5e ./Core/Src/Flash.o
                0x08003406                Flash::setDurationNs(unsigned short)
 .text._ZN5Flash9flashOnceEv
                0x08003464       0x76 ./Core/Src/Flash.o
                0x08003464                Flash::flashOnce()
 *fill*         0x080034da        0x2 
 .text.MX_FLASH_Init
                0x080034dc       0x68 ./Core/Src/Flash.o
                0x080034dc                MX_FLASH_Init
 .text.MX_FLASH_ONCE
                0x08003544       0x14 ./Core/Src/Flash.o
                0x08003544                MX_FLASH_ONCE
 .text._ZN7Stepper15setAccelProfileENS_12AccelProfileE
                0x08003558       0x20 ./Core/Src/Gantry.o
                0x08003558                Stepper::setAccelProfile(Stepper::AccelProfile)
 .text._ZN7Stepper20setAccelStepsPerSec2Ef
                0x08003578       0x36 ./Core/Src/Gantry.o
                0x08003578                Stepper::setAccelStepsPerSec2(float)
 .text._ZSt3absl
                0x080035ae       0x1c ./Core/Src/Gantry.o
                0x080035ae                std::abs(long)
 *fill*         0x080035ca        0x2 
 .text._ZN6Gantry8instanceEv
                0x080035cc       0x18 ./Core/Src/Gantry.o
                0x080035cc                Gantry::instance()
 .text._ZN6GantryC2Ev
                0x080035e4       0x1e ./Core/Src/Gantry.o
                0x080035e4                Gantry::Gantry()
                0x080035e4                Gantry::Gantry()
 *fill*         0x08003602        0x2 
 .text._ZN6Gantry5beginEv
                0x08003604       0x20 ./Core/Src/Gantry.o
                0x08003604                Gantry::begin()
 .text._ZN6Gantry6moveToEllm
                0x08003624       0x42 ./Core/Src/Gantry.o
                0x08003624                Gantry::moveTo(long, long, unsigned long)
 .text._ZSt3maxImERKT_S2_S2_
                0x08003666       0x28 ./Core/Src/Gantry.o
                0x08003666                unsigned long const& std::max<unsigned long>(unsigned long const&, unsigned long const&)
 .text._ZZN6Gantry6moveByElllmENKUlP7SteppermE_clES1_m
                0x0800368e       0xae ./Core/Src/Gantry.o
 .text._ZN6Gantry6moveByElllm
                0x0800373c      0x12a ./Core/Src/Gantry.o
                0x0800373c                Gantry::moveBy(long, long, long, unsigned long)
 *fill*         0x08003866        0x2 
 .text._ZN6Gantry14pauseXYZMotorsEv
                0x08003868       0x74 ./Core/Src/Gantry.o
                0x08003868                Gantry::pauseXYZMotors()
 .text._ZN6Gantry15resumeXYZMotorsEv
                0x080038dc       0x74 ./Core/Src/Gantry.o
                0x080038dc                Gantry::resumeXYZMotors()
 .text._ZN6Gantry15cancelXYZMotorsEv
                0x08003950       0x74 ./Core/Src/Gantry.o
                0x08003950                Gantry::cancelXYZMotors()
 .text._ZNK6Gantry11getPositionEv
                0x080039c4       0x30 ./Core/Src/Gantry.o
                0x080039c4                Gantry::getPosition() const
 .text.MX_GANTRY_Init
                0x080039f4       0x60 ./Core/Src/Gantry.o
                0x080039f4                MX_GANTRY_Init
 .text._ZSt3minIyERKT_S2_S2_
                0x08003a54       0x30 ./Core/Src/Gantry.o
                0x08003a54                unsigned long long const& std::min<unsigned long long>(unsigned long long const&, unsigned long long const&)
 .text._ZNKSt16initializer_listIN7Stepper4AxisEE5beginEv
                0x08003a84       0x18 ./Core/Src/Gantry.o
                0x08003a84                std::initializer_list<Stepper::Axis>::begin() const
 .text._ZNKSt16initializer_listIN7Stepper4AxisEE3endEv
                0x08003a9c       0x22 ./Core/Src/Gantry.o
                0x08003a9c                std::initializer_list<Stepper::Axis>::end() const
 .text._ZNKSt16initializer_listIN7Stepper4AxisEE4sizeEv
                0x08003abe       0x18 ./Core/Src/Gantry.o
                0x08003abe                std::initializer_list<Stepper::Axis>::size() const
 .text._ZN12Orchestrator13getDoneEventsEv
                0x08003ad6       0x10 ./Core/Src/Gripper.o
                0x08003ad6                Orchestrator::getDoneEvents()
 *fill*         0x08003ae6        0x2 
 .text._ZL21EXTI8_SoftwareTriggerv
                0x08003ae8       0x28 ./Core/Src/Gripper.o
 .text._ZN7Gripper8instanceEv
                0x08003b10       0x50 ./Core/Src/Gripper.o
                0x08003b10                Gripper::instance()
 .text._ZN7GripperC2Ev
                0x08003b60       0x68 ./Core/Src/Gripper.o
                0x08003b60                Gripper::Gripper()
                0x08003b60                Gripper::Gripper()
 .text._ZN7Gripper5beginEP12GPIO_TypeDeftS1_tmm
                0x08003bc8      0x190 ./Core/Src/Gripper.o
                0x08003bc8                Gripper::begin(GPIO_TypeDef*, unsigned short, GPIO_TypeDef*, unsigned short, unsigned long, unsigned long)
 .text._ZN7Gripper14lockVacuumGateEm
                0x08003d58       0x44 ./Core/Src/Gripper.o
                0x08003d58                Gripper::lockVacuumGate(unsigned long)
 .text._ZN7Gripper16unlockVacuumGateEv
                0x08003d9c       0x2c ./Core/Src/Gripper.o
                0x08003d9c                Gripper::unlockVacuumGate()
 .text._ZN7Gripper4openEv
                0x08003dc8       0xaa ./Core/Src/Gripper.o
                0x08003dc8                Gripper::open()
 .text._ZN7Gripper5closeEv
                0x08003e72       0xa6 ./Core/Src/Gripper.o
                0x08003e72                Gripper::close()
 .text._ZN7Gripper11stopRefreshEv
                0x08003f18       0x3a ./Core/Src/Gripper.o
                0x08003f18                Gripper::stopRefresh()
 .text._ZN7Gripper21setRefreshPeriodTicksEm
                0x08003f52       0x56 ./Core/Src/Gripper.o
                0x08003f52                Gripper::setRefreshPeriodTicks(unsigned long)
 .text._ZN7Gripper21setPulseDurationTicksEm
                0x08003fa8       0x56 ./Core/Src/Gripper.o
                0x08003fa8                Gripper::setPulseDurationTicks(unsigned long)
 *fill*         0x08003ffe        0x2 
 .text._ZN7Gripper18setRefreshPeriodMsEm
                0x08004000       0x30 ./Core/Src/Gripper.o
                0x08004000                Gripper::setRefreshPeriodMs(unsigned long)
 .text._ZN7Gripper18setPulseDurationMsEm
                0x08004030       0x30 ./Core/Src/Gripper.o
                0x08004030                Gripper::setPulseDurationMs(unsigned long)
 .text._ZNK7Gripper18getRefreshPeriodMsEv
                0x08004060       0x18 ./Core/Src/Gripper.o
                0x08004060                Gripper::getRefreshPeriodMs() const
 .text._ZNK7Gripper18getPulseDurationMsEv
                0x08004078       0x18 ./Core/Src/Gripper.o
                0x08004078                Gripper::getPulseDurationMs() const
 .text._ZN7Gripper20refreshTimerCallbackEP15tmrTimerControl
                0x08004090       0x34 ./Core/Src/Gripper.o
                0x08004090                Gripper::refreshTimerCallback(tmrTimerControl*)
 .text._ZN7Gripper16refreshTaskEntryEPv
                0x080040c4       0x58 ./Core/Src/Gripper.o
                0x080040c4                Gripper::refreshTaskEntry(void*)
 .text._ZN7Gripper20pumpOffTimerCallbackEP15tmrTimerControl
                0x0800411c       0x74 ./Core/Src/Gripper.o
                0x0800411c                Gripper::pumpOffTimerCallback(tmrTimerControl*)
 .text._ZN7Gripper9pulsePumpEv
                0x08004190       0x38 ./Core/Src/Gripper.o
                0x08004190                Gripper::pulsePump()
 .text.MX_GRIPPER_Init
                0x080041c8       0x38 ./Core/Src/Gripper.o
                0x080041c8                MX_GRIPPER_Init
 .text.MX_GRIPPER_Open
                0x08004200       0x14 ./Core/Src/Gripper.o
                0x08004200                MX_GRIPPER_Open
 .text.MX_GRIPPER_Close
                0x08004214       0x14 ./Core/Src/Gripper.o
                0x08004214                MX_GRIPPER_Close
 .text.MX_GRIPPER_StopRefresh
                0x08004228       0x14 ./Core/Src/Gripper.o
                0x08004228                MX_GRIPPER_StopRefresh
 .text.MX_GRIPPER_SetRefreshPeriodMs
                0x0800423c       0x1e ./Core/Src/Gripper.o
                0x0800423c                MX_GRIPPER_SetRefreshPeriodMs
 .text.MX_GRIPPER_SetPulseDurationMs
                0x0800425a       0x1e ./Core/Src/Gripper.o
                0x0800425a                MX_GRIPPER_SetPulseDurationMs
 .text.HeartbeatTask
                0x08004278       0x24 ./Core/Src/Heartbeat.o
 .text.MX_HEARTBEAT_Start
                0x0800429c       0x30 ./Core/Src/Heartbeat.o
                0x0800429c                MX_HEARTBEAT_Start
 .text.MX_LED_Init
                0x080042cc       0x14 ./Core/Src/LEDController.o
                0x080042cc                MX_LED_Init
 .text._ZN13LEDControllerC2EP12GPIO_TypeDeft
                0x080042e0       0x40 ./Core/Src/LEDController.o
                0x080042e0                LEDController::LEDController(GPIO_TypeDef*, unsigned short)
                0x080042e0                LEDController::LEDController(GPIO_TypeDef*, unsigned short)
 .text._ZN13LEDController5beginEv
                0x08004320       0x48 ./Core/Src/LEDController.o
                0x08004320                LEDController::begin()
 .text._ZN13LEDController9taskEntryEPv
                0x08004368       0x1c ./Core/Src/LEDController.o
                0x08004368                LEDController::taskEntry(void*)
 .text._ZN13LEDController8taskLoopEv
                0x08004384       0xc0 ./Core/Src/LEDController.o
                0x08004384                LEDController::taskLoop()
 .text._Z41__static_initialization_and_destruction_0v
                0x08004444       0x1c ./Core/Src/LEDController.o
 .text._GLOBAL__sub_I__ZN13LEDController9_instanceE
                0x08004460        0xa ./Core/Src/LEDController.o
 *fill*         0x0800446a        0x2 
 .text._ZN8LEDStrip8instanceEv
                0x0800446c       0x14 ./Core/Src/LEDStrip.o
                0x0800446c                LEDStrip::instance()
 .text._ZN8LEDStrip5beginEP17TIM_HandleTypeDef
                0x08004480       0xa8 ./Core/Src/LEDStrip.o
                0x08004480                LEDStrip::begin(TIM_HandleTypeDef*)
 .text._ZN8LEDStrip13setBrightnessEh
                0x08004528       0x94 ./Core/Src/LEDStrip.o
                0x08004528                LEDStrip::setBrightness(unsigned char)
 .text._ZN8LEDStrip6fadeToEhm
                0x080045bc       0x62 ./Core/Src/LEDStrip.o
                0x080045bc                LEDStrip::fadeTo(unsigned char, unsigned long)
 .text._ZN8LEDStrip13fadeTaskEntryEPv
                0x0800461e       0x16 ./Core/Src/LEDStrip.o
                0x0800461e                LEDStrip::fadeTaskEntry(void*)
 .text._ZN8LEDStrip8fadeTaskEv
                0x08004634       0xe4 ./Core/Src/LEDStrip.o
                0x08004634                LEDStrip::fadeTask()
 .text.MX_LEDSTRIP_Init
                0x08004718       0x1e ./Core/Src/LEDStrip.o
                0x08004718                MX_LEDSTRIP_Init
 .text.MX_LEDSTRIP_SetBrightness
                0x08004736       0x22 ./Core/Src/LEDStrip.o
                0x08004736                MX_LEDSTRIP_SetBrightness
 .text.MX_LEDSTRIP_FadeTo
                0x08004758       0x22 ./Core/Src/LEDStrip.o
                0x08004758                MX_LEDSTRIP_FadeTo
 .text._ZN6LoggerC2Ev
                0x0800477a       0x48 ./Core/Src/Logger.o
                0x0800477a                Logger::Logger()
                0x0800477a                Logger::Logger()
 *fill*         0x080047c2        0x2 
 .text._ZN6Logger8instanceEv
                0x080047c4       0x18 ./Core/Src/Logger.o
                0x080047c4                Logger::instance()
 .text._ZN6Logger5beginEP20__UART_HandleTypeDefP19__DMA_HandleTypeDef
                0x080047dc       0x30 ./Core/Src/Logger.o
                0x080047dc                Logger::begin(__UART_HandleTypeDef*, __DMA_HandleTypeDef*)
 .text._ZN6Logger3logEPKcz
                0x0800480c       0xe8 ./Core/Src/Logger.o
                0x0800480c                Logger::log(char const*, ...)
 .text._ZN6Logger6_flushEv
                0x080048f4       0x8c ./Core/Src/Logger.o
                0x080048f4                Logger::_flush()
 .text._ZN6Logger10on_tx_cpltEv
                0x08004980       0x16 ./Core/Src/Logger.o
                0x08004980                Logger::on_tx_cplt()
 .text._ZN6Logger12_dmaCompleteEv
                0x08004996       0x3c ./Core/Src/Logger.o
                0x08004996                Logger::_dmaComplete()
 *fill*         0x080049d2        0x2 
 .text.MX_LOGGER_Init
                0x080049d4       0x6c ./Core/Src/Logger.o
                0x080049d4                MX_LOGGER_Init
 .text._ZL14EXTI8_DiagDumpv
                0x08004a40       0xa8 ./Core/Src/Logger.o
 .text._ZN6Logger21startRunTimeStatsTaskEm
                0x08004ae8       0x38 ./Core/Src/Logger.o
                0x08004ae8                Logger::startRunTimeStatsTask(unsigned long)
 .text._ZN6Logger14statsTaskEntryEPv
                0x08004b20       0x28 ./Core/Src/Logger.o
                0x08004b20                Logger::statsTaskEntry(void*)
 .text._ZN6Logger9statsTaskEm
                0x08004b48       0x80 ./Core/Src/Logger.o
                0x08004b48                Logger::statsTask(unsigned long)
 .text._ZN7Stepper13setMaxSpeedHzEm
                0x08004bc8       0x28 ./Core/Src/Orchestrator.o
                0x08004bc8                Stepper::setMaxSpeedHz(unsigned long)
 .text._ZNK12Orchestrator7Command3p1uEv
                0x08004bf0       0x18 ./Core/Src/Orchestrator.o
                0x08004bf0                Orchestrator::Command::p1u() const
 .text._ZNK12Orchestrator7Command3p2uEv
                0x08004c08       0x18 ./Core/Src/Orchestrator.o
                0x08004c08                Orchestrator::Command::p2u() const
 .text._ZNK12Orchestrator7Command3p1bEv
                0x08004c20       0x22 ./Core/Src/Orchestrator.o
                0x08004c20                Orchestrator::Command::p1b() const
 .text._ZN12Orchestrator18setImagingDropletsEt
                0x08004c42       0x20 ./Core/Src/Orchestrator.o
                0x08004c42                Orchestrator::setImagingDroplets(unsigned short)
 .text._ZN7Printer13setPrintPulseEm
                0x08004c62       0x1c ./Core/Src/Orchestrator.o
                0x08004c62                Printer::setPrintPulse(unsigned long)
 .text._ZN7Printer14setRefuelPulseEm
                0x08004c7e       0x1c ./Core/Src/Orchestrator.o
                0x08004c7e                Printer::setRefuelPulse(unsigned long)
 .text._ZN7Printer14setFlashOnLastEb
                0x08004c9a       0x20 ./Core/Src/Orchestrator.o
                0x08004c9a                Printer::setFlashOnLast(bool)
 .text._ZN12Orchestrator7CommandC2Ev
                0x08004cba       0x3a ./Core/Src/Orchestrator.o
                0x08004cba                Orchestrator::Command::Command()
                0x08004cba                Orchestrator::Command::Command()
 .text._ZN12OrchestratorC2Ev
                0x08004cf4      0x1ac ./Core/Src/Orchestrator.o
                0x08004cf4                Orchestrator::Orchestrator()
                0x08004cf4                Orchestrator::Orchestrator()
 .text._ZN12Orchestrator8instanceEv
                0x08004ea0       0x18 ./Core/Src/Orchestrator.o
                0x08004ea0                Orchestrator::instance()
 .text._ZN12Orchestrator5beginEv
                0x08004eb8       0x4c ./Core/Src/Orchestrator.o
                0x08004eb8                Orchestrator::begin()
 .text.MX_ORCH_Init
                0x08004f04       0x54 ./Core/Src/Orchestrator.o
                0x08004f04                MX_ORCH_Init
 .text._ZN12Orchestrator14enqueueFromISRERKNS_7CommandEPl
                0x08004f58      0x168 ./Core/Src/Orchestrator.o
                0x08004f58                Orchestrator::enqueueFromISR(Orchestrator::Command const&, long*)
 .text._ZN12Orchestrator12pauseCurrentEv
                0x080050c0       0x44 ./Core/Src/Orchestrator.o
                0x080050c0                Orchestrator::pauseCurrent()
 .text._ZN12Orchestrator13resumeCurrentEv
                0x08005104       0x38 ./Core/Src/Orchestrator.o
                0x08005104                Orchestrator::resumeCurrent()
 .text._ZN12Orchestrator13cancelCurrentEv
                0x0800513c       0x24 ./Core/Src/Orchestrator.o
                0x0800513c                Orchestrator::cancelCurrent()
 .text._ZN12Orchestrator10_taskEntryEPv
                0x08005160       0x16 ./Core/Src/Orchestrator.o
                0x08005160                Orchestrator::_taskEntry(void*)
 *fill*         0x08005176        0x2 
 .text._ZN12Orchestrator16msToAtLeast1TickEm
                0x08005178       0x44 ./Core/Src/Orchestrator.o
                0x08005178                Orchestrator::msToAtLeast1Tick(unsigned long)
 .text._ZN12Orchestrator20pauseAwareDelayTicksERm
                0x080051bc       0x9a ./Core/Src/Orchestrator.o
                0x080051bc                Orchestrator::pauseAwareDelayTicks(unsigned long&)
 .text._ZN12Orchestrator10waitForBitEm
                0x08005256       0x74 ./Core/Src/Orchestrator.o
                0x08005256                Orchestrator::waitForBit(unsigned long)
 .text._ZN12Orchestrator11waitForBitsEm
                0x080052ca       0x48 ./Core/Src/Orchestrator.o
                0x080052ca                Orchestrator::waitForBits(unsigned long)
 *fill*         0x08005312        0x2 
 .text._ZN12Orchestrator4_runEv
                0x08005314      0x3ec ./Core/Src/Orchestrator.o
                0x08005314                Orchestrator::_run()
 .text._ZN12Orchestrator14executeCommandERKNS_7CommandE
                0x08005700      0xbf0 ./Core/Src/Orchestrator.o
                0x08005700                Orchestrator::executeCommand(Orchestrator::Command const&)
 .text._ZN12Orchestrator15performShutdownEhmb
                0x080062f0      0x164 ./Core/Src/Orchestrator.o
                0x080062f0                Orchestrator::performShutdown(unsigned char, unsigned long, bool)
 .text._ZN12Orchestrator14_homeTaskEntryEPv
                0x08006454       0x8a ./Core/Src/Orchestrator.o
                0x08006454                Orchestrator::_homeTaskEntry(void*)
 *fill*         0x080064de        0x2 
 .text._ZN12Orchestrator14startHomeAsyncEP7Steppermmmm
                0x080064e0      0x16c ./Core/Src/Orchestrator.o
                0x080064e0                Orchestrator::startHomeAsync(Stepper*, unsigned long, unsigned long, unsigned long, unsigned long)
 .text._ZN12Orchestrator17_regHomeTaskEntryEPv
                0x0800664c       0x96 ./Core/Src/Orchestrator.o
                0x0800664c                Orchestrator::_regHomeTaskEntry(void*)
 *fill*         0x080066e2        0x2 
 .text._ZN12Orchestrator17startRegHomeAsyncEP17PressureRegulatormmmm
                0x080066e4      0x178 ./Core/Src/Orchestrator.o
                0x080066e4                Orchestrator::startRegHomeAsync(PressureRegulator*, unsigned long, unsigned long, unsigned long, unsigned long)
 .text._ZN12Orchestrator13setFlashDelayEm
                0x0800685c       0x1c ./Core/Src/Orchestrator.o
                0x0800685c                Orchestrator::setFlashDelay(unsigned long)
 .text._ZN12Orchestrator15scheduleFlashInEv
                0x08006878       0x50 ./Core/Src/Orchestrator.o
                0x08006878                Orchestrator::scheduleFlashIn()
 .text._ZN12Orchestrator18flashNotifyFromISREt
                0x080068c8       0xa0 ./Core/Src/Orchestrator.o
                0x080068c8                Orchestrator::flashNotifyFromISR(unsigned short)
 .text._ZN12Orchestrator15_flashTaskEntryEPv
                0x08006968       0x16 ./Core/Src/Orchestrator.o
                0x08006968                Orchestrator::_flashTaskEntry(void*)
 *fill*         0x0800697e        0x2 
 .text._ZN12Orchestrator14_flashTaskLoopEv
                0x08006980      0x114 ./Core/Src/Orchestrator.o
                0x08006980                Orchestrator::_flashTaskLoop()
 .text._ZN12Orchestrator13_flashAckHighEv
                0x08006a94       0x22 ./Core/Src/Orchestrator.o
                0x08006a94                Orchestrator::_flashAckHigh()
 .text._ZN12Orchestrator12_flashAckLowEv
                0x08006ab6       0x22 ./Core/Src/Orchestrator.o
                0x08006ab6                Orchestrator::_flashAckLow()
 .text._ZN12Orchestrator16_flashAckTimerCbEP15tmrTimerControl
                0x08006ad8       0x1e ./Core/Src/Orchestrator.o
                0x08006ad8                Orchestrator::_flashAckTimerCb(tmrTimerControl*)
 .text.MX_FLASH_TriggerCallback
                0x08006af6       0x22 ./Core/Src/Orchestrator.o
                0x08006af6                MX_FLASH_TriggerCallback
 .text.MX_FLASH_Acknowledge
                0x08006b18       0x54 ./Core/Src/Orchestrator.o
                0x08006b18                MX_FLASH_Acknowledge
 .text._ZNK7Stepper6isBusyEv
                0x08006b6c       0x22 ./Core/Src/PressureRegulator.o
                0x08006b6c                Stepper::isBusy() const
 .text._ZNK7Stepper6dirPinEv
                0x08006b8e       0x18 ./Core/Src/PressureRegulator.o
                0x08006b8e                Stepper::dirPin() const
 .text._ZNK7Stepper7dirPortEv
                0x08006ba6       0x18 ./Core/Src/PressureRegulator.o
                0x08006ba6                Stepper::dirPort() const
 .text._ZNK14PressureSensor11getPressureEh
                0x08006bbe       0x3c ./Core/Src/PressureRegulator.o
                0x08006bbe                PressureSensor::getPressure(unsigned char) const
 .text._ZN17PressureRegulator9taskEntryEPv
                0x08006bfa       0x16 ./Core/Src/PressureRegulator.o
                0x08006bfa                PressureRegulator::taskEntry(void*)
 .text._ZL12pr_port_codeP12GPIO_TypeDef
                0x08006c10       0x98 ./Core/Src/PressureRegulator.o
 .text._ZL17enable_gpio_clockP12GPIO_TypeDef
                0x08006ca8      0x168 ./Core/Src/PressureRegulator.o
 .text._ZL23pr_pin_number_from_maskt
                0x08006e10       0x3e ./Core/Src/PressureRegulator.o
 .text._ZL12rtos_runningv
                0x08006e4e       0x18 ./Core/Src/PressureRegulator.o
 *fill*         0x08006e66        0x2 
 .text._ZN17PressureRegulator5beginER7StepperP17TIM_HandleTypeDefhlmmlP12GPIO_TypeDeftm
                0x08006e68      0x15c ./Core/Src/PressureRegulator.o
                0x08006e68                PressureRegulator::begin(Stepper&, TIM_HandleTypeDef*, unsigned char, long, unsigned long, unsigned long, long, GPIO_TypeDef*, unsigned short, unsigned long)
 .text._ZN17PressureRegulator5startEv
                0x08006fc4      0x1a8 ./Core/Src/PressureRegulator.o
                0x08006fc4                PressureRegulator::start()
 .text._ZN17PressureRegulator5pauseEv
                0x0800716c       0x54 ./Core/Src/PressureRegulator.o
                0x0800716c                PressureRegulator::pause()
 .text._ZN17PressureRegulator15setPrintProfileEb
                0x080071c0      0x160 ./Core/Src/PressureRegulator.o
                0x080071c0                PressureRegulator::setPrintProfile(bool)
 .text._ZN17PressureRegulator18beginDispenseQuietEm
                0x08007320       0x68 ./Core/Src/PressureRegulator.o
                0x08007320                PressureRegulator::beginDispenseQuiet(unsigned long)
 .text._ZN17PressureRegulator16endDispenseQuietEm
                0x08007388       0x3c ./Core/Src/PressureRegulator.o
                0x08007388                PressureRegulator::endDispenseQuiet(unsigned long)
 .text._ZN17PressureRegulator13setTargetSafeEl
                0x080073c4       0x80 ./Core/Src/PressureRegulator.o
                0x080073c4                PressureRegulator::setTargetSafe(long)
 .text._ZN17PressureRegulator21setRelativeTargetSafeEbl
                0x08007444       0x7a ./Core/Src/PressureRegulator.o
                0x08007444                PressureRegulator::setRelativeTargetSafe(bool, long)
 .text._ZN17PressureRegulator9openValveEv
                0x080074be       0x22 ./Core/Src/PressureRegulator.o
                0x080074be                PressureRegulator::openValve()
 .text._ZN17PressureRegulator10closeValveEv
                0x080074e0       0x22 ./Core/Src/PressureRegulator.o
                0x080074e0                PressureRegulator::closeValve()
 *fill*         0x08007502        0x2 
 .text._ZN17PressureRegulator13homeWithValveEmmm
                0x08007504      0x128 ./Core/Src/PressureRegulator.o
                0x08007504                PressureRegulator::homeWithValve(unsigned long, unsigned long, unsigned long)
 .text._ZN17PressureRegulator12resetSyringeEv
                0x0800762c      0x134 ./Core/Src/PressureRegulator.o
                0x0800762c                PressureRegulator::resetSyringe()
 .text._ZN17PressureRegulator17homeWithValveFastEv
                0x08007760       0x22 ./Core/Src/PressureRegulator.o
                0x08007760                PressureRegulator::homeWithValveFast()
 *fill*         0x08007782        0x2 
 .text._ZN17PressureRegulator11controlLoopEv
                0x08007784      0x5d0 ./Core/Src/PressureRegulator.o
                0x08007784                PressureRegulator::controlLoop()
 .text._ZZN17PressureRegulator22attachInnerLimitSwitchEP12GPIO_TypeDeftmbENKUlS1_E_clES1_
                0x08007d54      0x168 ./Core/Src/PressureRegulator.o
 .text._ZZN17PressureRegulator22attachInnerLimitSwitchEP12GPIO_TypeDeftmbENKUlP15tmrTimerControlE_clES3_
                0x08007ebc       0x88 ./Core/Src/PressureRegulator.o
 .text._ZZN17PressureRegulator22attachInnerLimitSwitchEP12GPIO_TypeDeftmbENUlP15tmrTimerControlE_4_FUNES3_
                0x08007f44       0x16 ./Core/Src/PressureRegulator.o
 *fill*         0x08007f5a        0x2 
 .text._ZZN17PressureRegulator22attachInnerLimitSwitchEP12GPIO_TypeDeftmbENKUlP15tmrTimerControlE_cvPFvS3_EEv
                0x08007f5c       0x1c ./Core/Src/PressureRegulator.o
 .text._ZN17PressureRegulator22attachInnerLimitSwitchEP12GPIO_TypeDeftmb
                0x08007f78      0x198 ./Core/Src/PressureRegulator.o
                0x08007f78                PressureRegulator::attachInnerLimitSwitch(GPIO_TypeDef*, unsigned short, unsigned long, bool)
 .text._ZN17PressureRegulator32_onRawInnerLimitInterruptFromIsrEv
                0x08008110       0x94 ./Core/Src/PressureRegulator.o
                0x08008110                PressureRegulator::_onRawInnerLimitInterruptFromIsr()
 .text._ZN17PressureRegulator23handleInnerLimitFromIsrEt
                0x080081a4       0x58 ./Core/Src/PressureRegulator.o
                0x080081a4                PressureRegulator::handleInnerLimitFromIsr(unsigned short)
 .text.MX_PRESSURE_REGP_Init
                0x080081fc       0x84 ./Core/Src/PressureRegulator.o
                0x080081fc                MX_PRESSURE_REGP_Init
 .text.MX_PRESSURE_REGR_Init
                0x08008280       0x84 ./Core/Src/PressureRegulator.o
                0x08008280                MX_PRESSURE_REGR_Init
 .text.MX_REG_INNER_LIMIT
                0x08008304       0x1a ./Core/Src/PressureRegulator.o
                0x08008304                MX_REG_INNER_LIMIT
 *fill*         0x0800831e        0x2 
 .text._ZN14PressureSensorC2EP17I2C_HandleTypeDefhhm
                0x08008320       0xf4 ./Core/Src/PressureSensor.o
                0x08008320                PressureSensor::PressureSensor(I2C_HandleTypeDef*, unsigned char, unsigned char, unsigned long)
                0x08008320                PressureSensor::PressureSensor(I2C_HandleTypeDef*, unsigned char, unsigned char, unsigned long)
 .text._ZN14PressureSensor8instanceEv
                0x08008414       0x18 ./Core/Src/PressureSensor.o
                0x08008414                PressureSensor::instance()
 .text._ZN14PressureSensor16I2C1_BusRecoveryEv
                0x0800842c       0xe4 ./Core/Src/PressureSensor.o
                0x0800842c                PressureSensor::I2C1_BusRecovery()
 .text._ZN14PressureSensor5beginEv
                0x08008510       0x3c ./Core/Src/PressureSensor.o
                0x08008510                PressureSensor::begin()
 .text._ZN14PressureSensor9taskEntryEPv
                0x0800854c       0x1c ./Core/Src/PressureSensor.o
                0x0800854c                PressureSensor::taskEntry(void*)
 .text._ZN14PressureSensor8taskLoopEv
                0x08008568      0x218 ./Core/Src/PressureSensor.o
                0x08008568                PressureSensor::taskLoop()
 .text._ZN14PressureSensor10selectPortEh
                0x08008780       0x3e ./Core/Src/PressureSensor.o
                0x08008780                PressureSensor::selectPort(unsigned char)
 *fill*         0x080087be        0x2 
 .text._ZN14PressureSensor13readSensorRawEh
                0x080087c0       0x9c ./Core/Src/PressureSensor.o
                0x080087c0                PressureSensor::readSensorRaw(unsigned char)
 .text._ZN14PressureSensor15setSafetyRawMaxEht
                0x0800885c       0x42 ./Core/Src/PressureSensor.o
                0x0800885c                PressureSensor::setSafetyRawMax(unsigned char, unsigned short)
 .text._ZN14PressureSensor12enableSafetyEb
                0x0800889e       0x38 ./Core/Src/PressureSensor.o
                0x0800889e                PressureSensor::enableSafety(bool)
 .text._ZN14PressureSensor16clearSafetyFaultEh
                0x080088d6       0x3c ./Core/Src/PressureSensor.o
                0x080088d6                PressureSensor::clearSafetyFault(unsigned char)
 *fill*         0x08008912        0x2 
 .text.MX_PS_Init
                0x08008914       0x8c ./Core/Src/PressureSensor.o
                0x08008914                MX_PS_Init
 .text._ZNK17PressureRegulator12isPressureOkEv
                0x080089a0       0x1a ./Core/Src/Printer.o
                0x080089a0                PressureRegulator::isPressureOk() const
 *fill*         0x080089ba        0x2 
 .text._ZN7Printer8instanceEv
                0x080089bc       0x18 ./Core/Src/Printer.o
                0x080089bc                Printer::instance()
 .text._ZN7PrinterC2Ev
                0x080089d4       0x80 ./Core/Src/Printer.o
                0x080089d4                Printer::Printer()
                0x080089d4                Printer::Printer()
 .text._ZN7Printer5beginEP17TIM_HandleTypeDefmP12GPIO_TypeDeftS1_mS3_tmm
                0x08008a54       0x94 ./Core/Src/Printer.o
                0x08008a54                Printer::begin(TIM_HandleTypeDef*, unsigned long, GPIO_TypeDef*, unsigned short, TIM_HandleTypeDef*, unsigned long, GPIO_TypeDef*, unsigned short, unsigned long, unsigned long)
 .text._ZN7Printer19configureTimerPrintEv
                0x08008ae8       0x8e ./Core/Src/Printer.o
                0x08008ae8                Printer::configureTimerPrint()
 .text._ZN7Printer20configureTimerRefuelEv
                0x08008b76       0x8e ./Core/Src/Printer.o
                0x08008b76                Printer::configureTimerRefuel()
 .text._ZN7Printer7enqueueEtt9PulseMode
                0x08008c04       0x40 ./Core/Src/Printer.o
                0x08008c04                Printer::enqueue(unsigned short, unsigned short, PulseMode)
 .text._ZNK7Printer17getTotalDispensedEv
                0x08008c44       0x18 ./Core/Src/Printer.o
                0x08008c44                Printer::getTotalDispensed() const
 .text._ZNK7Printer12getRemainingEv
                0x08008c5c       0x18 ./Core/Src/Printer.o
                0x08008c5c                Printer::getRemaining() const
 .text._ZN7Printer9taskEntryEPv
                0x08008c74       0x1c ./Core/Src/Printer.o
                0x08008c74                Printer::taskEntry(void*)
 .text._ZN7Printer8taskLoopEv
                0x08008c90      0x244 ./Core/Src/Printer.o
                0x08008c90                Printer::taskLoop()
 .text._ZN7Printer13pauseDispenseEv
                0x08008ed4       0x22 ./Core/Src/Printer.o
                0x08008ed4                Printer::pauseDispense()
 .text._ZN7Printer14resumeDispenseEv
                0x08008ef6       0x22 ./Core/Src/Printer.o
                0x08008ef6                Printer::resumeDispense()
 .text._ZN7Printer14cancelDispenseEv
                0x08008f18       0x44 ./Core/Src/Printer.o
                0x08008f18                Printer::cancelDispense()
 .text._ZN7Printer10pulsePrintEv
                0x08008f5c       0x6c ./Core/Src/Printer.o
                0x08008f5c                Printer::pulsePrint()
 .text._ZN7Printer11pulseRefuelEv
                0x08008fc8       0x76 ./Core/Src/Printer.o
                0x08008fc8                Printer::pulseRefuel()
 *fill*         0x0800903e        0x2 
 .text.MX_PRINTER_Init
                0x08009040       0x90 ./Core/Src/Printer.o
                0x08009040                MX_PRINTER_Init
 .text._ZNK7Stepper16_isLimitAssertedEv
                0x080090d0       0x46 ./Core/Src/Stepper.o
                0x080090d0                Stepper::_isLimitAsserted() const
 *fill*         0x08009116        0x2 
 .text._ZL13is_apb2_timerP11TIM_TypeDef
                0x08009118       0x58 ./Core/Src/Stepper.o
 .text._ZL14is_32bit_timerP11TIM_TypeDef
                0x08009170       0x30 ./Core/Src/Stepper.o
 .text._ZL14timer_input_hzP17TIM_HandleTypeDeft
                0x080091a0       0x8e ./Core/Src/Stepper.o
 .text._ZL13timer_max_arrP17TIM_HandleTypeDef
                0x0800922e       0x2a ./Core/Src/Stepper.o
 .text._ZL12arr_for_freqmm
                0x08009258       0x50 ./Core/Src/Stepper.o
 .text._ZL9port_codeP12GPIO_TypeDef
                0x080092a8       0x98 ./Core/Src/Stepper.o
 .text._ZL20pin_number_from_maskt
                0x08009340       0x3e ./Core/Src/Stepper.o
 *fill*         0x0800937e        0x2 
 .text._ZN7StepperC2Ev
                0x08009380      0x178 ./Core/Src/Stepper.o
                0x08009380                Stepper::Stepper()
                0x08009380                Stepper::Stepper()
 .text._ZN7Stepper7getAxisENS_4AxisE
                0x080094f8       0x2c ./Core/Src/Stepper.o
                0x080094f8                Stepper::getAxis(Stepper::Axis)
 .text._ZN7Stepper5beginENS_4AxisEP17TIM_HandleTypeDefP12GPIO_TypeDeftS4_tS4_tmtbb
                0x08009524       0x88 ./Core/Src/Stepper.o
                0x08009524                Stepper::begin(Stepper::Axis, TIM_HandleTypeDef*, GPIO_TypeDef*, unsigned short, GPIO_TypeDef*, unsigned short, GPIO_TypeDef*, unsigned short, unsigned long, unsigned short, bool, bool)
 .text._ZN7Stepper9addDriverEP12GPIO_TypeDeftS1_tS1_t
                0x080095ac       0x54 ./Core/Src/Stepper.o
                0x080095ac                Stepper::addDriver(GPIO_TypeDef*, unsigned short, GPIO_TypeDef*, unsigned short, GPIO_TypeDef*, unsigned short)
 .text._ZN7Stepper6moveToEbmmm
                0x08009600       0x7a ./Core/Src/Stepper.o
                0x08009600                Stepper::moveTo(bool, unsigned long, unsigned long, unsigned long)
 *fill*         0x0800967a        0x6 
 .text._ZN7Stepper4moveEbmmm
                0x08009680      0x494 ./Core/Src/Stepper.o
                0x08009680                Stepper::move(bool, unsigned long, unsigned long, unsigned long)
 *fill*         0x08009b14        0x4 
 .text._ZN7Stepper10setSpeedHzEm
                0x08009b18      0x114 ./Core/Src/Stepper.o
                0x08009b18                Stepper::setSpeedHz(unsigned long)
 .text._ZN7Stepper16_requestSoftStopEv
                0x08009c2c      0x19c ./Core/Src/Stepper.o
                0x08009c2c                Stepper::_requestSoftStop()
 .text._ZN7Stepper4homeEmmm
                0x08009dc8      0x25c ./Core/Src/Stepper.o
                0x08009dc8                Stepper::home(unsigned long, unsigned long, unsigned long)
 .text._ZN7Stepper13waitUntilDoneEv
                0x0800a024       0x26 ./Core/Src/Stepper.o
                0x0800a024                Stepper::waitUntilDone()
 .text._ZN7Stepper4stopEv
                0x0800a04a       0x3a ./Core/Src/Stepper.o
                0x0800a04a                Stepper::stop()
 .text._ZN7Stepper11enableMotorEv
                0x0800a084       0x3a ./Core/Src/Stepper.o
                0x0800a084                Stepper::enableMotor()
 .text._ZN7Stepper12disableMotorEv
                0x0800a0be       0x3a ./Core/Src/Stepper.o
                0x0800a0be                Stepper::disableMotor()
 .text._ZN7Stepper9pauseMoveEv
                0x0800a0f8       0x24 ./Core/Src/Stepper.o
                0x0800a0f8                Stepper::pauseMove()
 .text._ZN7Stepper10resumeMoveEv
                0x0800a11c       0x50 ./Core/Src/Stepper.o
                0x0800a11c                Stepper::resumeMove()
 .text._ZN7Stepper10cancelMoveEv
                0x0800a16c       0x34 ./Core/Src/Stepper.o
                0x0800a16c                Stepper::cancelMove()
 .text._ZZN7Stepper9_stepTickEvENKUlfE_clEf
                0x0800a1a0       0xf4 ./Core/Src/Stepper.o
 .text._ZN7Stepper9_stepTickEv
                0x0800a294      0x1d8 ./Core/Src/Stepper.o
                0x0800a294                Stepper::_stepTick()
 .text._ZN7Stepper8dispatchEP17TIM_HandleTypeDef
                0x0800a46c       0x4c ./Core/Src/Stepper.o
                0x0800a46c                Stepper::dispatch(TIM_HandleTypeDef*)
 .text._ZZN7Stepper17attachLimitSwitchEP12GPIO_TypeDeftmbENKUlS1_E_clES1_
                0x0800a4b8      0x168 ./Core/Src/Stepper.o
 .text._ZZN7Stepper17attachLimitSwitchEP12GPIO_TypeDeftmbENKUlP15tmrTimerControlE_clES3_
                0x0800a620       0x78 ./Core/Src/Stepper.o
 .text._ZZN7Stepper17attachLimitSwitchEP12GPIO_TypeDeftmbENUlP15tmrTimerControlE_4_FUNES3_
                0x0800a698       0x16 ./Core/Src/Stepper.o
 *fill*         0x0800a6ae        0x2 
 .text._ZZN7Stepper17attachLimitSwitchEP12GPIO_TypeDeftmbENKUlP15tmrTimerControlE_cvPFvS3_EEv
                0x0800a6b0       0x1c ./Core/Src/Stepper.o
 .text._ZN7Stepper17attachLimitSwitchEP12GPIO_TypeDeftmb
                0x0800a6cc      0x18c ./Core/Src/Stepper.o
                0x0800a6cc                Stepper::attachLimitSwitch(GPIO_TypeDef*, unsigned short, unsigned long, bool)
 .text._ZN7Stepper27_onRawLimitInterruptFromIsrEv
                0x0800a858       0x64 ./Core/Src/Stepper.o
                0x0800a858                Stepper::_onRawLimitInterruptFromIsr()
 .text._ZN7Stepper16onLimitTriggeredEv
                0x0800a8bc       0x60 ./Core/Src/Stepper.o
                0x0800a8bc                Stepper::onLimitTriggered()
 .text._ZN7Stepper17handleExtiFromIsrEt
                0x0800a91c       0x50 ./Core/Src/Stepper.o
                0x0800a91c                Stepper::handleExtiFromIsr(unsigned short)
 .text.MX_STEPPERX_Init
                0x0800a96c       0xc8 ./Core/Src/Stepper.o
                0x0800a96c                MX_STEPPERX_Init
 .text.MX_STEPPERY_Init
                0x0800aa34       0xac ./Core/Src/Stepper.o
                0x0800aa34                MX_STEPPERY_Init
 .text.MX_STEPPERZ_Init
                0x0800aae0       0xb0 ./Core/Src/Stepper.o
                0x0800aae0                MX_STEPPERZ_Init
 .text.MX_STEPPERP_Init
                0x0800ab90       0xac ./Core/Src/Stepper.o
                0x0800ab90                MX_STEPPERP_Init
 .text.MX_STEPPERR_Init
                0x0800ac3c       0xa4 ./Core/Src/Stepper.o
                0x0800ac3c                MX_STEPPERR_Init
 .text.MX_STEPPERX_Move
                0x0800ace0       0x34 ./Core/Src/Stepper.o
                0x0800ace0                MX_STEPPERX_Move
 .text.MX_STEPPERY_Move
                0x0800ad14       0x34 ./Core/Src/Stepper.o
                0x0800ad14                MX_STEPPERY_Move
 .text.MX_STEPPERZ_Move
                0x0800ad48       0x34 ./Core/Src/Stepper.o
                0x0800ad48                MX_STEPPERZ_Move
 .text.MX_STEPPERX_Home
                0x0800ad7c       0x22 ./Core/Src/Stepper.o
                0x0800ad7c                MX_STEPPERX_Home
 .text.MX_STEPPERY_Home
                0x0800ad9e       0x22 ./Core/Src/Stepper.o
                0x0800ad9e                MX_STEPPERY_Home
 .text.MX_STEPPERZ_Home
                0x0800adc0       0x22 ./Core/Src/Stepper.o
                0x0800adc0                MX_STEPPERZ_Home
 .text.MX_STEPPERX_GetPos
                0x0800ade2       0x16 ./Core/Src/Stepper.o
                0x0800ade2                MX_STEPPERX_GetPos
 .text.MX_STEPPERY_GetPos
                0x0800adf8       0x16 ./Core/Src/Stepper.o
                0x0800adf8                MX_STEPPERY_GetPos
 .text.MX_STEPPERZ_GetPos
                0x0800ae0e       0x16 ./Core/Src/Stepper.o
                0x0800ae0e                MX_STEPPERZ_GetPos
 .text.MX_DISPATCH
                0x0800ae24       0x16 ./Core/Src/Stepper.o
                0x0800ae24                MX_DISPATCH
 .text.MX_ATTACH_LIMIT
                0x0800ae3a       0x1a ./Core/Src/Stepper.o
                0x0800ae3a                MX_ATTACH_LIMIT
 .text._ZN13TMC2208Driver14I_scale_analogEb
                0x0800ae54       0x24 ./Core/Src/TMC2208Driver.o
                0x0800ae54                TMC2208Driver::I_scale_analog(bool)
 .text._ZN13TMC2208Driver15internal_RsenseEb
                0x0800ae78       0x24 ./Core/Src/TMC2208Driver.o
                0x0800ae78                TMC2208Driver::internal_Rsense(bool)
 .text._ZN13TMC2208Driver14en_spreadCycleEb
                0x0800ae9c       0x24 ./Core/Src/TMC2208Driver.o
                0x0800ae9c                TMC2208Driver::en_spreadCycle(bool)
 .text._ZN13TMC2208Driver11pdn_disableEb
                0x0800aec0       0x24 ./Core/Src/TMC2208Driver.o
                0x0800aec0                TMC2208Driver::pdn_disable(bool)
 .text._ZN13TMC2208Driver16mstep_reg_selectEb
                0x0800aee4       0x24 ./Core/Src/TMC2208Driver.o
                0x0800aee4                TMC2208Driver::mstep_reg_select(bool)
 .text._ZN13TMC2208Driver14multistep_filtEb
                0x0800af08       0x24 ./Core/Src/TMC2208Driver.o
                0x0800af08                TMC2208Driver::multistep_filt(bool)
 .text._ZN13TMC2208Driver4mresEh
                0x0800af2c       0x2a ./Core/Src/TMC2208Driver.o
                0x0800af2c                TMC2208Driver::mres(unsigned char)
 .text._ZN13TMC2208Driver5dedgeEb
                0x0800af56       0x24 ./Core/Src/TMC2208Driver.o
                0x0800af56                TMC2208Driver::dedge(bool)
 .text._ZN13TMC2208Driver8tpwmthrsEt
                0x0800af7a       0x40 ./Core/Src/TMC2208Driver.o
                0x0800af7a                TMC2208Driver::tpwmthrs(unsigned short)
 *fill*         0x0800afba        0x2 
 .text._ZN13TMC2208DriverC2EP20__UART_HandleTypeDef
                0x0800afbc       0x68 ./Core/Src/TMC2208Driver.o
                0x0800afbc                TMC2208Driver::TMC2208Driver(__UART_HandleTypeDef*)
                0x0800afbc                TMC2208Driver::TMC2208Driver(__UART_HandleTypeDef*)
 .text._ZN13TMC2208Driver7calcCRCEPhh
                0x0800b024       0x80 ./Core/Src/TMC2208Driver.o
                0x0800b024                TMC2208Driver::calcCRC(unsigned char*, unsigned char)
 .text._ZN13TMC2208Driver5writeEhm
                0x0800b0a4       0x6a ./Core/Src/TMC2208Driver.o
                0x0800b0a4                TMC2208Driver::write(unsigned char, unsigned long)
 .text._ZN13TMC2208Driver10writeGCONFEv
                0x0800b10e       0x24 ./Core/Src/TMC2208Driver.o
                0x0800b10e                TMC2208Driver::writeGCONF()
 .text._ZN13TMC2208Driver13writeCHOPCONFEv
                0x0800b132       0x20 ./Core/Src/TMC2208Driver.o
                0x0800b132                TMC2208Driver::writeCHOPCONF()
 .text._ZN13TMC2208Driver12writePWMCONFEv
                0x0800b152       0x20 ./Core/Src/TMC2208Driver.o
                0x0800b152                TMC2208Driver::writePWMCONF()
 .text._ZN13TMC2208Driver13writeTPWMTHRSEv
                0x0800b172       0x20 ./Core/Src/TMC2208Driver.o
                0x0800b172                TMC2208Driver::writeTPWMTHRS()
 .text._ZN13TMC2208Driver4pushEv
                0x0800b192       0x28 ./Core/Src/TMC2208Driver.o
                0x0800b192                TMC2208Driver::push()
 *fill*         0x0800b1ba        0x2 
 .text.MX_TMC2208_Init
                0x0800b1bc       0xa4 ./Core/Src/TMC2208Driver.o
                0x0800b1bc                MX_TMC2208_Init
 .text._ZNK6Logger6handleEv
                0x0800b260       0x18 ./Core/Src/callbacks.o
                0x0800b260                Logger::handle() const
 .text._ZNK4Comm6handleEv
                0x0800b278       0x18 ./Core/Src/callbacks.o
                0x0800b278                Comm::handle() const
 .text._ZN4Comm10on_tx_cpltEv
                0x0800b290       0x1c ./Core/Src/callbacks.o
                0x0800b290                Comm::on_tx_cplt()
 .text.HAL_UART_TxCpltCallback
                0x0800b2ac       0x64 ./Core/Src/callbacks.o
                0x0800b2ac                HAL_UART_TxCpltCallback
 .text.vApplicationGetIdleTaskMemory
                0x0800b310       0x34 ./Core/Src/freertos.o
                0x0800b310                vApplicationGetIdleTaskMemory
 .text.vApplicationGetTimerTaskMemory
                0x0800b344       0x34 ./Core/Src/freertos.o
                0x0800b344                vApplicationGetTimerTaskMemory
 .text.main     0x0800b378       0xfc ./Core/Src/main.o
                0x0800b378                main
 .text.SystemClock_Config
                0x0800b474       0xe4 ./Core/Src/main.o
                0x0800b474                SystemClock_Config
 .text.MX_I2C1_Init
                0x0800b558       0x5c ./Core/Src/main.o
 .text.MX_TIM1_Init
                0x0800b5b4      0x154 ./Core/Src/main.o
 .text.MX_TIM2_Init
                0x0800b708       0xb0 ./Core/Src/main.o
 .text.MX_TIM3_Init
                0x0800b7b8       0xec ./Core/Src/main.o
 .text.MX_TIM4_Init
                0x0800b8a4      0x100 ./Core/Src/main.o
 .text.MX_TIM5_Init
                0x0800b9a4       0x9c ./Core/Src/main.o
 .text.MX_TIM7_Init
                0x0800ba40       0x6c ./Core/Src/main.o
 .text.MX_TIM9_Init
                0x0800baac       0xd8 ./Core/Src/main.o
 .text.MX_TIM10_Init
                0x0800bb84       0x48 ./Core/Src/main.o
 .text.MX_TIM12_Init
                0x0800bbcc       0xd0 ./Core/Src/main.o
 .text.MX_TIM13_Init
                0x0800bc9c       0x48 ./Core/Src/main.o
 .text.MX_TIM14_Init
                0x0800bce4       0x48 ./Core/Src/main.o
 .text.MX_USART1_UART_Init
                0x0800bd2c       0x54 ./Core/Src/main.o
 .text.MX_USART2_UART_Init
                0x0800bd80       0x54 ./Core/Src/main.o
 .text.MX_USART3_UART_Init
                0x0800bdd4       0x54 ./Core/Src/main.o
 .text.MX_USART6_UART_Init
                0x0800be28       0x54 ./Core/Src/main.o
 .text.MX_DMA_Init
                0x0800be7c       0x40 ./Core/Src/main.o
 .text.MX_GPIO_Init
                0x0800bebc      0x268 ./Core/Src/main.o
 .text.configureTimerForRunTimeStats
                0x0800c124       0x14 ./Core/Src/main.o
                0x0800c124                configureTimerForRunTimeStats
 .text.getRunTimeCounterValue
                0x0800c138       0x18 ./Core/Src/main.o
                0x0800c138                getRunTimeCounterValue
 .text.HAL_GPIO_EXTI_Callback
                0x0800c150       0x34 ./Core/Src/main.o
                0x0800c150                HAL_GPIO_EXTI_Callback
 .text.HAL_TIM_OC_DelayElapsedCallback
                0x0800c184       0x38 ./Core/Src/main.o
                0x0800c184                HAL_TIM_OC_DelayElapsedCallback
 .text.StartDefaultTask
                0x0800c1bc       0x5c ./Core/Src/main.o
                0x0800c1bc                StartDefaultTask
 .text.HAL_TIM_PeriodElapsedCallback
                0x0800c218       0x6c ./Core/Src/main.o
                0x0800c218                HAL_TIM_PeriodElapsedCallback
 .text.Error_Handler
                0x0800c284        0xc ./Core/Src/main.o
                0x0800c284                Error_Handler
 .text.crc32_update
                0x0800c290       0x74 ./Core/Src/nvm.o
 .text.crc32_block
                0x0800c304       0x1e ./Core/Src/nvm.o
 *fill*         0x0800c322        0x2 
 .text.nvm_load
                0x0800c324       0x7c ./Core/Src/nvm.o
                0x0800c324                nvm_load
 .text.nvm_defaults
                0x0800c3a0       0x94 ./Core/Src/nvm.o
                0x0800c3a0                nvm_defaults
 .text.nvm_save
                0x0800c434       0xe8 ./Core/Src/nvm.o
                0x0800c434                nvm_save
 .text.HAL_MspInit
                0x0800c51c       0x58 ./Core/Src/stm32f4xx_hal_msp.o
                0x0800c51c                HAL_MspInit
 .text.HAL_I2C_MspInit
                0x0800c574       0x90 ./Core/Src/stm32f4xx_hal_msp.o
                0x0800c574                HAL_I2C_MspInit
 .text.HAL_I2C_MspDeInit
                0x0800c604       0x48 ./Core/Src/stm32f4xx_hal_msp.o
                0x0800c604                HAL_I2C_MspDeInit
 .text.HAL_TIM_Base_MspInit
                0x0800c64c      0x2a4 ./Core/Src/stm32f4xx_hal_msp.o
                0x0800c64c                HAL_TIM_Base_MspInit
 .text.HAL_TIM_MspPostInit
                0x0800c8f0      0x164 ./Core/Src/stm32f4xx_hal_msp.o
                0x0800c8f0                HAL_TIM_MspPostInit
 .text.HAL_UART_MspInit
                0x0800ca54      0x25c ./Core/Src/stm32f4xx_hal_msp.o
                0x0800ca54                HAL_UART_MspInit
 .text.HAL_InitTick
                0x0800ccb0       0xf8 ./Core/Src/stm32f4xx_hal_timebase_tim.o
                0x0800ccb0                HAL_InitTick
 .text.NMI_Handler
                0x0800cda8        0x8 ./Core/Src/stm32f4xx_it.o
                0x0800cda8                NMI_Handler
 .text.HardFault_Handler
                0x0800cdb0        0x8 ./Core/Src/stm32f4xx_it.o
                0x0800cdb0                HardFault_Handler
 .text.MemManage_Handler
                0x0800cdb8        0x8 ./Core/Src/stm32f4xx_it.o
                0x0800cdb8                MemManage_Handler
 .text.BusFault_Handler
                0x0800cdc0        0x8 ./Core/Src/stm32f4xx_it.o
                0x0800cdc0                BusFault_Handler
 .text.UsageFault_Handler
                0x0800cdc8        0x8 ./Core/Src/stm32f4xx_it.o
                0x0800cdc8                UsageFault_Handler
 .text.DebugMon_Handler
                0x0800cdd0        0xe ./Core/Src/stm32f4xx_it.o
                0x0800cdd0                DebugMon_Handler
 .text.EXTI9_5_IRQHandler
                0x0800cdde       0x1e ./Core/Src/stm32f4xx_it.o
                0x0800cdde                EXTI9_5_IRQHandler
 .text.TIM1_BRK_TIM9_IRQHandler
                0x0800cdfc       0x1c ./Core/Src/stm32f4xx_it.o
                0x0800cdfc                TIM1_BRK_TIM9_IRQHandler
 .text.TIM1_UP_TIM10_IRQHandler
                0x0800ce18       0x1c ./Core/Src/stm32f4xx_it.o
                0x0800ce18                TIM1_UP_TIM10_IRQHandler
 .text.TIM2_IRQHandler
                0x0800ce34       0x14 ./Core/Src/stm32f4xx_it.o
                0x0800ce34                TIM2_IRQHandler
 .text.TIM3_IRQHandler
                0x0800ce48       0x14 ./Core/Src/stm32f4xx_it.o
                0x0800ce48                TIM3_IRQHandler
 .text.TIM4_IRQHandler
                0x0800ce5c       0x14 ./Core/Src/stm32f4xx_it.o
                0x0800ce5c                TIM4_IRQHandler
 .text.USART1_IRQHandler
                0x0800ce70       0x14 ./Core/Src/stm32f4xx_it.o
                0x0800ce70                USART1_IRQHandler
 .text.USART2_IRQHandler
                0x0800ce84       0x14 ./Core/Src/stm32f4xx_it.o
                0x0800ce84                USART2_IRQHandler
 .text.EXTI15_10_IRQHandler
                0x0800ce98       0x30 ./Core/Src/stm32f4xx_it.o
                0x0800ce98                EXTI15_10_IRQHandler
 .text.TIM8_BRK_TIM12_IRQHandler
                0x0800cec8       0x14 ./Core/Src/stm32f4xx_it.o
                0x0800cec8                TIM8_BRK_TIM12_IRQHandler
 .text.TIM8_UP_TIM13_IRQHandler
                0x0800cedc       0x14 ./Core/Src/stm32f4xx_it.o
                0x0800cedc                TIM8_UP_TIM13_IRQHandler
 .text.TIM8_TRG_COM_TIM14_IRQHandler
                0x0800cef0       0x14 ./Core/Src/stm32f4xx_it.o
                0x0800cef0                TIM8_TRG_COM_TIM14_IRQHandler
 .text.TIM6_DAC_IRQHandler
                0x0800cf04       0x14 ./Core/Src/stm32f4xx_it.o
                0x0800cf04                TIM6_DAC_IRQHandler
 .text.TIM7_IRQHandler
                0x0800cf18       0x14 ./Core/Src/stm32f4xx_it.o
                0x0800cf18                TIM7_IRQHandler
 .text.DMA2_Stream7_IRQHandler
                0x0800cf2c       0x14 ./Core/Src/stm32f4xx_it.o
                0x0800cf2c                DMA2_Stream7_IRQHandler
 .text._getpid  0x0800cf40       0x10 ./Core/Src/syscalls.o
                0x0800cf40                _getpid
 .text._kill    0x0800cf50       0x20 ./Core/Src/syscalls.o
                0x0800cf50                _kill
 .text._exit    0x0800cf70       0x16 ./Core/Src/syscalls.o
                0x0800cf70                _exit
 .text._read    0x0800cf86       0x3a ./Core/Src/syscalls.o
                0x0800cf86                _read
 .text._write   0x0800cfc0       0x38 ./Core/Src/syscalls.o
                0x0800cfc0                _write
 .text._close   0x0800cff8       0x18 ./Core/Src/syscalls.o
                0x0800cff8                _close
 .text._fstat   0x0800d010       0x20 ./Core/Src/syscalls.o
                0x0800d010                _fstat
 .text._isatty  0x0800d030       0x16 ./Core/Src/syscalls.o
                0x0800d030                _isatty
 .text._lseek   0x0800d046       0x1a ./Core/Src/syscalls.o
                0x0800d046                _lseek
 .text._sbrk    0x0800d060       0x6c ./Core/Src/sysmem.o
                0x0800d060                _sbrk
 .text.SystemInit
                0x0800d0cc       0x24 ./Core/Src/system_stm32f4xx.o
                0x0800d0cc                SystemInit
 .text.Reset_Handler
                0x0800d0f0       0x50 ./Core/Startup/startup_stm32f446zetx.o
                0x0800d0f0                Reset_Handler
 .text.Default_Handler
                0x0800d140        0x2 ./Core/Startup/startup_stm32f446zetx.o
                0x0800d140                RTC_Alarm_IRQHandler
                0x0800d140                EXTI2_IRQHandler
                0x0800d140                TIM8_CC_IRQHandler
                0x0800d140                FMPI2C1_EV_IRQHandler
                0x0800d140                SPI4_IRQHandler
                0x0800d140                TIM1_CC_IRQHandler
                0x0800d140                DMA2_Stream5_IRQHandler
                0x0800d140                DMA1_Stream5_IRQHandler
                0x0800d140                PVD_IRQHandler
                0x0800d140                SDIO_IRQHandler
                0x0800d140                TAMP_STAMP_IRQHandler
                0x0800d140                CAN2_RX1_IRQHandler
                0x0800d140                EXTI3_IRQHandler
                0x0800d140                I2C3_ER_IRQHandler
                0x0800d140                EXTI0_IRQHandler
                0x0800d140                I2C2_EV_IRQHandler
                0x0800d140                DMA1_Stream2_IRQHandler
                0x0800d140                CAN1_RX0_IRQHandler
                0x0800d140                FPU_IRQHandler
                0x0800d140                OTG_HS_WKUP_IRQHandler
                0x0800d140                CAN2_SCE_IRQHandler
                0x0800d140                DMA2_Stream2_IRQHandler
                0x0800d140                SPI1_IRQHandler
                0x0800d140                DCMI_IRQHandler
                0x0800d140                CAN2_RX0_IRQHandler
                0x0800d140                DMA2_Stream3_IRQHandler
                0x0800d140                SAI2_IRQHandler
                0x0800d140                USART6_IRQHandler
                0x0800d140                USART3_IRQHandler
                0x0800d140                CAN1_RX1_IRQHandler
                0x0800d140                UART5_IRQHandler
                0x0800d140                DMA2_Stream0_IRQHandler
                0x0800d140                QUADSPI_IRQHandler
                0x0800d140                I2C1_EV_IRQHandler
                0x0800d140                DMA1_Stream6_IRQHandler
                0x0800d140                DMA1_Stream1_IRQHandler
                0x0800d140                UART4_IRQHandler
                0x0800d140                RCC_IRQHandler
                0x0800d140                Default_Handler
                0x0800d140                CEC_IRQHandler
                0x0800d140                ADC_IRQHandler
                0x0800d140                DMA1_Stream7_IRQHandler
                0x0800d140                CAN2_TX_IRQHandler
                0x0800d140                TIM5_IRQHandler
                0x0800d140                I2C3_EV_IRQHandler
                0x0800d140                RTC_WKUP_IRQHandler
                0x0800d140                SPDIF_RX_IRQHandler
                0x0800d140                SPI2_IRQHandler
                0x0800d140                OTG_HS_EP1_IN_IRQHandler
                0x0800d140                DMA1_Stream0_IRQHandler
                0x0800d140                CAN1_TX_IRQHandler
                0x0800d140                FMPI2C1_ER_IRQHandler
                0x0800d140                EXTI4_IRQHandler
                0x0800d140                OTG_HS_EP1_OUT_IRQHandler
                0x0800d140                WWDG_IRQHandler
                0x0800d140                OTG_FS_WKUP_IRQHandler
                0x0800d140                TIM1_TRG_COM_TIM11_IRQHandler
                0x0800d140                OTG_HS_IRQHandler
                0x0800d140                EXTI1_IRQHandler
                0x0800d140                I2C2_ER_IRQHandler
                0x0800d140                DMA2_Stream1_IRQHandler
                0x0800d140                CAN1_SCE_IRQHandler
                0x0800d140                FLASH_IRQHandler
                0x0800d140                DMA2_Stream4_IRQHandler
                0x0800d140                OTG_FS_IRQHandler
                0x0800d140                SPI3_IRQHandler
                0x0800d140                DMA1_Stream4_IRQHandler
                0x0800d140                I2C1_ER_IRQHandler
                0x0800d140                FMC_IRQHandler
                0x0800d140                DMA2_Stream6_IRQHandler
                0x0800d140                SAI1_IRQHandler
                0x0800d140                DMA1_Stream3_IRQHandler
 *fill*         0x0800d142        0x2 
 .text.HAL_Init
                0x0800d144       0x44 ./Drivers/STM32F4xx_HAL_Driver/Src/stm32f4xx_hal.o
                0x0800d144                HAL_Init
 .text.HAL_IncTick
                0x0800d188       0x28 ./Drivers/STM32F4xx_HAL_Driver/Src/stm32f4xx_hal.o
                0x0800d188                HAL_IncTick
 .text.HAL_GetTick
                0x0800d1b0       0x18 ./Drivers/STM32F4xx_HAL_Driver/Src/stm32f4xx_hal.o
                0x0800d1b0                HAL_GetTick
 .text.__NVIC_SetPriorityGrouping
                0x0800d1c8       0x48 ./Drivers/STM32F4xx_HAL_Driver/Src/stm32f4xx_hal_cortex.o
 .text.__NVIC_GetPriorityGrouping
                0x0800d210       0x1c ./Drivers/STM32F4xx_HAL_Driver/Src/stm32f4xx_hal_cortex.o
 .text.__NVIC_EnableIRQ
                0x0800d22c       0x3c ./Drivers/STM32F4xx_HAL_Driver/Src/stm32f4xx_hal_cortex.o
 .text.__NVIC_DisableIRQ
                0x0800d268       0x48 ./Drivers/STM32F4xx_HAL_Driver/Src/stm32f4xx_hal_cortex.o
 .text.__NVIC_SetPriority
                0x0800d2b0       0x54 ./Drivers/STM32F4xx_HAL_Driver/Src/stm32f4xx_hal_cortex.o
 .text.NVIC_EncodePriority
                0x0800d304       0x66 ./Drivers/STM32F4xx_HAL_Driver/Src/stm32f4xx_hal_cortex.o
 .text.HAL_NVIC_SetPriorityGrouping
                0x0800d36a       0x16 ./Drivers/STM32F4xx_HAL_Driver/Src/stm32f4xx_hal_cortex.o
                0x0800d36a                HAL_NVIC_SetPriorityGrouping
 .text.HAL_NVIC_SetPriority
                0x0800d380       0x38 ./Drivers/STM32F4xx_HAL_Driver/Src/stm32f4xx_hal_cortex.o
                0x0800d380                HAL_NVIC_SetPriority
 .text.HAL_NVIC_EnableIRQ
                0x0800d3b8       0x1c ./Drivers/STM32F4xx_HAL_Driver/Src/stm32f4xx_hal_cortex.o
                0x0800d3b8                HAL_NVIC_EnableIRQ
 .text.HAL_NVIC_DisableIRQ
                0x0800d3d4       0x1c ./Drivers/STM32F4xx_HAL_Driver/Src/stm32f4xx_hal_cortex.o
                0x0800d3d4                HAL_NVIC_DisableIRQ
 .text.HAL_DMA_Init
                0x0800d3f0      0x15c ./Drivers/STM32F4xx_HAL_Driver/Src/stm32f4xx_hal_dma.o
                0x0800d3f0                HAL_DMA_Init
 .text.HAL_DMA_Start_IT
                0x0800d54c       0xb0 ./Drivers/STM32F4xx_HAL_Driver/Src/stm32f4xx_hal_dma.o
                0x0800d54c                HAL_DMA_Start_IT
 .text.HAL_DMA_Abort
                0x0800d5fc       0xe0 ./Drivers/STM32F4xx_HAL_Driver/Src/stm32f4xx_hal_dma.o
                0x0800d5fc                HAL_DMA_Abort
 .text.HAL_DMA_Abort_IT
                0x0800d6dc       0x44 ./Drivers/STM32F4xx_HAL_Driver/Src/stm32f4xx_hal_dma.o
                0x0800d6dc                HAL_DMA_Abort_IT
 .text.HAL_DMA_IRQHandler
                0x0800d720      0x314 ./Drivers/STM32F4xx_HAL_Driver/Src/stm32f4xx_hal_dma.o
                0x0800d720                HAL_DMA_IRQHandler
 .text.DMA_SetConfig
                0x0800da34       0x5c ./Drivers/STM32F4xx_HAL_Driver/Src/stm32f4xx_hal_dma.o
 .text.DMA_CalcBaseAndBitshift
                0x0800da90       0x6c ./Drivers/STM32F4xx_HAL_Driver/Src/stm32f4xx_hal_dma.o
 .text.DMA_CheckFifoParam
                0x0800dafc       0xf8 ./Drivers/STM32F4xx_HAL_Driver/Src/stm32f4xx_hal_dma.o
 .text.HAL_FLASH_Program
                0x0800dbf4       0xa4 ./Drivers/STM32F4xx_HAL_Driver/Src/stm32f4xx_hal_flash.o
                0x0800dbf4                HAL_FLASH_Program
 .text.HAL_FLASH_Unlock
                0x0800dc98       0x44 ./Drivers/STM32F4xx_HAL_Driver/Src/stm32f4xx_hal_flash.o
                0x0800dc98                HAL_FLASH_Unlock
 .text.HAL_FLASH_Lock
                0x0800dcdc       0x20 ./Drivers/STM32F4xx_HAL_Driver/Src/stm32f4xx_hal_flash.o
                0x0800dcdc                HAL_FLASH_Lock
 .text.FLASH_WaitForLastOperation
                0x0800dcfc       0x80 ./Drivers/STM32F4xx_HAL_Driver/Src/stm32f4xx_hal_flash.o
                0x0800dcfc                FLASH_WaitForLastOperation
 .text.FLASH_Program_DoubleWord
                0x0800dd7c       0x64 ./Drivers/STM32F4xx_HAL_Driver/Src/stm32f4xx_hal_flash.o
 .text.FLASH_Program_Word
                0x0800dde0       0x44 ./Drivers/STM32F4xx_HAL_Driver/Src/stm32f4xx_hal_flash.o
 .text.FLASH_Program_HalfWord
                0x0800de24       0x48 ./Drivers/STM32F4xx_HAL_Driver/Src/stm32f4xx_hal_flash.o
 .text.FLASH_Program_Byte
                0x0800de6c       0x44 ./Drivers/STM32F4xx_HAL_Driver/Src/stm32f4xx_hal_flash.o
 .text.FLASH_SetErrorCode
                0x0800deb0       0xcc ./Drivers/STM32F4xx_HAL_Driver/Src/stm32f4xx_hal_flash.o
 .text.HAL_FLASHEx_Erase
                0x0800df7c       0xdc ./Drivers/STM32F4xx_HAL_Driver/Src/stm32f4xx_hal_flash_ex.o
                0x0800df7c                HAL_FLASHEx_Erase
 .text.FLASH_MassErase
                0x0800e058       0x48 ./Drivers/STM32F4xx_HAL_Driver/Src/stm32f4xx_hal_flash_ex.o
 .text.FLASH_Erase_Sector
                0x0800e0a0       0x90 ./Drivers/STM32F4xx_HAL_Driver/Src/stm32f4xx_hal_flash_ex.o
                0x0800e0a0                FLASH_Erase_Sector
 .text.FLASH_FlushCaches
                0x0800e130       0x8c ./Drivers/STM32F4xx_HAL_Driver/Src/stm32f4xx_hal_flash_ex.o
                0x0800e130                FLASH_FlushCaches
 .text.HAL_GPIO_Init
                0x0800e1bc      0x328 ./Drivers/STM32F4xx_HAL_Driver/Src/stm32f4xx_hal_gpio.o
                0x0800e1bc                HAL_GPIO_Init
 .text.HAL_GPIO_DeInit
                0x0800e4e4      0x1e8 ./Drivers/STM32F4xx_HAL_Driver/Src/stm32f4xx_hal_gpio.o
                0x0800e4e4                HAL_GPIO_DeInit
 .text.HAL_GPIO_ReadPin
                0x0800e6cc       0x30 ./Drivers/STM32F4xx_HAL_Driver/Src/stm32f4xx_hal_gpio.o
                0x0800e6cc                HAL_GPIO_ReadPin
 .text.HAL_GPIO_WritePin
                0x0800e6fc       0x32 ./Drivers/STM32F4xx_HAL_Driver/Src/stm32f4xx_hal_gpio.o
                0x0800e6fc                HAL_GPIO_WritePin
 .text.HAL_GPIO_TogglePin
                0x0800e72e       0x34 ./Drivers/STM32F4xx_HAL_Driver/Src/stm32f4xx_hal_gpio.o
                0x0800e72e                HAL_GPIO_TogglePin
 *fill*         0x0800e762        0x2 
 .text.HAL_GPIO_EXTI_IRQHandler
                0x0800e764       0x30 ./Drivers/STM32F4xx_HAL_Driver/Src/stm32f4xx_hal_gpio.o
                0x0800e764                HAL_GPIO_EXTI_IRQHandler
 .text.HAL_I2C_Init
                0x0800e794      0x288 ./Drivers/STM32F4xx_HAL_Driver/Src/stm32f4xx_hal_i2c.o
                0x0800e794                HAL_I2C_Init
 .text.HAL_I2C_DeInit
                0x0800ea1c       0x5e ./Drivers/STM32F4xx_HAL_Driver/Src/stm32f4xx_hal_i2c.o
                0x0800ea1c                HAL_I2C_DeInit
 *fill*         0x0800ea7a        0x2 
 .text.HAL_I2C_Master_Transmit
                0x0800ea7c      0x1fc ./Drivers/STM32F4xx_HAL_Driver/Src/stm32f4xx_hal_i2c.o
                0x0800ea7c                HAL_I2C_Master_Transmit
 .text.HAL_I2C_Master_Receive
                0x0800ec78      0x464 ./Drivers/STM32F4xx_HAL_Driver/Src/stm32f4xx_hal_i2c.o
                0x0800ec78                HAL_I2C_Master_Receive
 .text.I2C_MasterRequestWrite
                0x0800f0dc      0x104 ./Drivers/STM32F4xx_HAL_Driver/Src/stm32f4xx_hal_i2c.o
 .text.I2C_MasterRequestRead
                0x0800f1e0      0x19c ./Drivers/STM32F4xx_HAL_Driver/Src/stm32f4xx_hal_i2c.o
 .text.I2C_WaitOnFlagUntilTimeout
                0x0800f37c       0xf4 ./Drivers/STM32F4xx_HAL_Driver/Src/stm32f4xx_hal_i2c.o
 .text.I2C_WaitOnMasterAddressFlagUntilTimeout
                0x0800f470      0x140 ./Drivers/STM32F4xx_HAL_Driver/Src/stm32f4xx_hal_i2c.o
 .text.I2C_WaitOnTXEFlagUntilTimeout
                0x0800f5b0       0x90 ./Drivers/STM32F4xx_HAL_Driver/Src/stm32f4xx_hal_i2c.o
 .text.I2C_WaitOnBTFFlagUntilTimeout
                0x0800f640       0x90 ./Drivers/STM32F4xx_HAL_Driver/Src/stm32f4xx_hal_i2c.o
 .text.I2C_WaitOnRXNEFlagUntilTimeout
                0x0800f6d0       0xba ./Drivers/STM32F4xx_HAL_Driver/Src/stm32f4xx_hal_i2c.o
 .text.I2C_IsAcknowledgeFailed
                0x0800f78a       0x5e ./Drivers/STM32F4xx_HAL_Driver/Src/stm32f4xx_hal_i2c.o
 .text.HAL_PWREx_EnableOverDrive
                0x0800f7e8       0xa0 ./Drivers/STM32F4xx_HAL_Driver/Src/stm32f4xx_hal_pwr_ex.o
                0x0800f7e8                HAL_PWREx_EnableOverDrive
 .text.HAL_RCC_ClockConfig
                0x0800f888      0x1cc ./Drivers/STM32F4xx_HAL_Driver/Src/stm32f4xx_hal_rcc.o
                0x0800f888                HAL_RCC_ClockConfig
 .text.HAL_RCC_GetHCLKFreq
                0x0800fa54       0x18 ./Drivers/STM32F4xx_HAL_Driver/Src/stm32f4xx_hal_rcc.o
                0x0800fa54                HAL_RCC_GetHCLKFreq
 .text.HAL_RCC_GetPCLK1Freq
                0x0800fa6c       0x28 ./Drivers/STM32F4xx_HAL_Driver/Src/stm32f4xx_hal_rcc.o
                0x0800fa6c                HAL_RCC_GetPCLK1Freq
 .text.HAL_RCC_GetPCLK2Freq
                0x0800fa94       0x28 ./Drivers/STM32F4xx_HAL_Driver/Src/stm32f4xx_hal_rcc.o
                0x0800fa94                HAL_RCC_GetPCLK2Freq
 .text.HAL_RCC_GetClockConfig
                0x0800fabc       0x64 ./Drivers/STM32F4xx_HAL_Driver/Src/stm32f4xx_hal_rcc.o
                0x0800fabc                HAL_RCC_GetClockConfig
 .text.HAL_RCC_GetSysClockFreq
                0x0800fb20      0x354 ./Drivers/STM32F4xx_HAL_Driver/Src/stm32f4xx_hal_rcc_ex.o
                0x0800fb20                HAL_RCC_GetSysClockFreq
 .text.HAL_RCC_OscConfig
                0x0800fe74      0x53c ./Drivers/STM32F4xx_HAL_Driver/Src/stm32f4xx_hal_rcc_ex.o
                0x0800fe74                HAL_RCC_OscConfig
 .text.HAL_TIM_Base_Init
                0x080103b0       0x9e ./Drivers/STM32F4xx_HAL_Driver/Src/stm32f4xx_hal_tim.o
                0x080103b0                HAL_TIM_Base_Init
 *fill*         0x0801044e        0x2 
 .text.HAL_TIM_Base_Start
                0x08010450       0xd0 ./Drivers/STM32F4xx_HAL_Driver/Src/stm32f4xx_hal_tim.o
                0x08010450                HAL_TIM_Base_Start
 .text.HAL_TIM_Base_Start_IT
                0x08010520       0xe0 ./Drivers/STM32F4xx_HAL_Driver/Src/stm32f4xx_hal_tim.o
                0x08010520                HAL_TIM_Base_Start_IT
 .text.HAL_TIM_Base_Stop_IT
                0x08010600       0x5e ./Drivers/STM32F4xx_HAL_Driver/Src/stm32f4xx_hal_tim.o
                0x08010600                HAL_TIM_Base_Stop_IT
 .text.HAL_TIM_OC_Init
                0x0801065e       0x9e ./Drivers/STM32F4xx_HAL_Driver/Src/stm32f4xx_hal_tim.o
                0x0801065e                HAL_TIM_OC_Init
 .text.HAL_TIM_OC_MspInit
                0x080106fc       0x14 ./Drivers/STM32F4xx_HAL_Driver/Src/stm32f4xx_hal_tim.o
                0x080106fc                HAL_TIM_OC_MspInit
 .text.HAL_TIM_OC_Start_IT
                0x08010710      0x22c ./Drivers/STM32F4xx_HAL_Driver/Src/stm32f4xx_hal_tim.o
                0x08010710                HAL_TIM_OC_Start_IT
 .text.HAL_TIM_OC_Stop_IT
                0x0801093c      0x17c ./Drivers/STM32F4xx_HAL_Driver/Src/stm32f4xx_hal_tim.o
                0x0801093c                HAL_TIM_OC_Stop_IT
 .text.HAL_TIM_PWM_Init
                0x08010ab8       0x9e ./Drivers/STM32F4xx_HAL_Driver/Src/stm32f4xx_hal_tim.o
                0x08010ab8                HAL_TIM_PWM_Init
 .text.HAL_TIM_PWM_MspInit
                0x08010b56       0x14 ./Drivers/STM32F4xx_HAL_Driver/Src/stm32f4xx_hal_tim.o
                0x08010b56                HAL_TIM_PWM_MspInit
 *fill*         0x08010b6a        0x2 
 .text.HAL_TIM_PWM_Start
                0x08010b6c      0x190 ./Drivers/STM32F4xx_HAL_Driver/Src/stm32f4xx_hal_tim.o
                0x08010b6c                HAL_TIM_PWM_Start
 .text.HAL_TIM_OnePulse_Init
                0x08010cfc       0xa0 ./Drivers/STM32F4xx_HAL_Driver/Src/stm32f4xx_hal_tim.o
                0x08010cfc                HAL_TIM_OnePulse_Init
 .text.HAL_TIM_OnePulse_MspInit
                0x08010d9c       0x14 ./Drivers/STM32F4xx_HAL_Driver/Src/stm32f4xx_hal_tim.o
                0x08010d9c                HAL_TIM_OnePulse_MspInit
 .text.HAL_TIM_OnePulse_Start
                0x08010db0       0xc4 ./Drivers/STM32F4xx_HAL_Driver/Src/stm32f4xx_hal_tim.o
                0x08010db0                HAL_TIM_OnePulse_Start
 .text.HAL_TIM_IRQHandler
                0x08010e74      0x1e0 ./Drivers/STM32F4xx_HAL_Driver/Src/stm32f4xx_hal_tim.o
                0x08010e74                HAL_TIM_IRQHandler
 .text.HAL_TIM_OC_ConfigChannel
                0x08011054       0xb8 ./Drivers/STM32F4xx_HAL_Driver/Src/stm32f4xx_hal_tim.o
                0x08011054                HAL_TIM_OC_ConfigChannel
 .text.HAL_TIM_PWM_ConfigChannel
                0x0801110c      0x184 ./Drivers/STM32F4xx_HAL_Driver/Src/stm32f4xx_hal_tim.o
                0x0801110c                HAL_TIM_PWM_ConfigChannel
 .text.HAL_TIM_ConfigClockSource
                0x08011290      0x18e ./Drivers/STM32F4xx_HAL_Driver/Src/stm32f4xx_hal_tim.o
                0x08011290                HAL_TIM_ConfigClockSource
 .text.HAL_TIM_IC_CaptureCallback
                0x0801141e       0x14 ./Drivers/STM32F4xx_HAL_Driver/Src/stm32f4xx_hal_tim.o
                0x0801141e                HAL_TIM_IC_CaptureCallback
 .text.HAL_TIM_PWM_PulseFinishedCallback
                0x08011432       0x14 ./Drivers/STM32F4xx_HAL_Driver/Src/stm32f4xx_hal_tim.o
                0x08011432                HAL_TIM_PWM_PulseFinishedCallback
 .text.HAL_TIM_TriggerCallback
                0x08011446       0x14 ./Drivers/STM32F4xx_HAL_Driver/Src/stm32f4xx_hal_tim.o
                0x08011446                HAL_TIM_TriggerCallback
 *fill*         0x0801145a        0x2 
 .text.TIM_Base_SetConfig
                0x0801145c      0x14c ./Drivers/STM32F4xx_HAL_Driver/Src/stm32f4xx_hal_tim.o
                0x0801145c                TIM_Base_SetConfig
 .text.TIM_OC1_SetConfig
                0x080115a8       0xe0 ./Drivers/STM32F4xx_HAL_Driver/Src/stm32f4xx_hal_tim.o