Archive member included to satisfy reference by file (symbol)

C:/ST/STM32CubeIDE_1.18.1/STM32CubeIDE/plugins/com.st.stm32cube.ide.mcu.externaltools.gnu-tools-for-stm32.13.3.rel1.win32_1.0.0.202411081344/tools/bin/../lib/gcc/arm-none-eabi/13.3.1/../../../../arm-none-eabi/lib/thumb/v7e-m+fp/hard\libstdc++_nano.a(guard.o)
                              ./Core/Src/Comm.o (__cxa_guard_acquire)
C:/ST/STM32CubeIDE_1.18.1/STM32CubeIDE/plugins/com.st.stm32cube.ide.mcu.externaltools.gnu-tools-for-stm32.13.3.rel1.win32_1.0.0.202411081344/tools/bin/../lib/gcc/arm-none-eabi/13.3.1/../../../../arm-none-eabi/lib/thumb/v7e-m+fp/hard\libm.a(libm_a-w_sqrt.o)
                              ./Core/Src/Stepper.o (sqrt)
C:/ST/STM32CubeIDE_1.18.1/STM32CubeIDE/plugins/com.st.stm32cube.ide.mcu.externaltools.gnu-tools-for-stm32.13.3.rel1.win32_1.0.0.202411081344/tools/bin/../lib/gcc/arm-none-eabi/13.3.1/../../../../arm-none-eabi/lib/thumb/v7e-m+fp/hard\libm.a(libm_a-sf_cos.o)
                              ./Core/Src/Stepper.o (cosf)
C:/ST/STM32CubeIDE_1.18.1/STM32CubeIDE/plugins/com.st.stm32cube.ide.mcu.externaltools.gnu-tools-for-stm32.13.3.rel1.win32_1.0.0.202411081344/tools/bin/../lib/gcc/arm-none-eabi/13.3.1/../../../../arm-none-eabi/lib/thumb/v7e-m+fp/hard\libm.a(libm_a-e_sqrt.o)
                              C:/ST/STM32CubeIDE_1.18.1/STM32CubeIDE/plugins/com.st.stm32cube.ide.mcu.externaltools.gnu-tools-for-stm32.13.3.rel1.win32_1.0.0.202411081344/tools/bin/../lib/gcc/arm-none-eabi/13.3.1/../../../../arm-none-eabi/lib/thumb/v7e-m+fp/hard\libm.a(libm_a-w_sqrt.o) (__ieee754_sqrt)
C:/ST/STM32CubeIDE_1.18.1/STM32CubeIDE/plugins/com.st.stm32cube.ide.mcu.externaltools.gnu-tools-for-stm32.13.3.rel1.win32_1.0.0.202411081344/tools/bin/../lib/gcc/arm-none-eabi/13.3.1/../../../../arm-none-eabi/lib/thumb/v7e-m+fp/hard\libm.a(libm_a-s_ceil.o)
                              ./Core/Src/Stepper.o (ceil)
C:/ST/STM32CubeIDE_1.18.1/STM32CubeIDE/plugins/com.st.stm32cube.ide.mcu.externaltools.gnu-tools-for-stm32.13.3.rel1.win32_1.0.0.202411081344/tools/bin/../lib/gcc/arm-none-eabi/13.3.1/../../../../arm-none-eabi/lib/thumb/v7e-m+fp/hard\libm.a(libm_a-s_floor.o)
                              ./Core/Src/Stepper.o (floor)
C:/ST/STM32CubeIDE_1.18.1/STM32CubeIDE/plugins/com.st.stm32cube.ide.mcu.externaltools.gnu-tools-for-stm32.13.3.rel1.win32_1.0.0.202411081344/tools/bin/../lib/gcc/arm-none-eabi/13.3.1/../../../../arm-none-eabi/lib/thumb/v7e-m+fp/hard\libm.a(libm_a-kf_cos.o)
                              C:/ST/STM32CubeIDE_1.18.1/STM32CubeIDE/plugins/com.st.stm32cube.ide.mcu.externaltools.gnu-tools-for-stm32.13.3.rel1.win32_1.0.0.202411081344/tools/bin/../lib/gcc/arm-none-eabi/13.3.1/../../../../arm-none-eabi/lib/thumb/v7e-m+fp/hard\libm.a(libm_a-sf_cos.o) (__kernel_cosf)
C:/ST/STM32CubeIDE_1.18.1/STM32CubeIDE/plugins/com.st.stm32cube.ide.mcu.externaltools.gnu-tools-for-stm32.13.3.rel1.win32_1.0.0.202411081344/tools/bin/../lib/gcc/arm-none-eabi/13.3.1/../../../../arm-none-eabi/lib/thumb/v7e-m+fp/hard\libm.a(libm_a-kf_sin.o)
                              C:/ST/STM32CubeIDE_1.18.1/STM32CubeIDE/plugins/com.st.stm32cube.ide.mcu.externaltools.gnu-tools-for-stm32.13.3.rel1.win32_1.0.0.202411081344/tools/bin/../lib/gcc/arm-none-eabi/13.3.1/../../../../arm-none-eabi/lib/thumb/v7e-m+fp/hard\libm.a(libm_a-sf_cos.o) (__kernel_sinf)
C:/ST/STM32CubeIDE_1.18.1/STM32CubeIDE/plugins/com.st.stm32cube.ide.mcu.externaltools.gnu-tools-for-stm32.13.3.rel1.win32_1.0.0.202411081344/tools/bin/../lib/gcc/arm-none-eabi/13.3.1/../../../../arm-none-eabi/lib/thumb/v7e-m+fp/hard\libm.a(libm_a-ef_rem_pio2.o)
                              C:/ST/STM32CubeIDE_1.18.1/STM32CubeIDE/plugins/com.st.stm32cube.ide.mcu.externaltools.gnu-tools-for-stm32.13.3.rel1.win32_1.0.0.202411081344/tools/bin/../lib/gcc/arm-none-eabi/13.3.1/../../../../arm-none-eabi/lib/thumb/v7e-m+fp/hard\libm.a(libm_a-sf_cos.o) (__ieee754_rem_pio2f)
C:/ST/STM32CubeIDE_1.18.1/STM32CubeIDE/plugins/com.st.stm32cube.ide.mcu.externaltools.gnu-tools-for-stm32.13.3.rel1.win32_1.0.0.202411081344/tools/bin/../lib/gcc/arm-none-eabi/13.3.1/../../../../arm-none-eabi/lib/thumb/v7e-m+fp/hard\libm.a(libm_a-sf_fabs.o)
                              C:/ST/STM32CubeIDE_1.18.1/STM32CubeIDE/plugins/com.st.stm32cube.ide.mcu.externaltools.gnu-tools-for-stm32.13.3.rel1.win32_1.0.0.202411081344/tools/bin/../lib/gcc/arm-none-eabi/13.3.1/../../../../arm-none-eabi/lib/thumb/v7e-m+fp/hard\libm.a(libm_a-ef_rem_pio2.o) (fabsf)
C:/ST/STM32CubeIDE_1.18.1/STM32CubeIDE/plugins/com.st.stm32cube.ide.mcu.externaltools.gnu-tools-for-stm32.13.3.rel1.win32_1.0.0.202411081344/tools/bin/../lib/gcc/arm-none-eabi/13.3.1/../../../../arm-none-eabi/lib/thumb/v7e-m+fp/hard\libm.a(libm_a-kf_rem_pio2.o)
[...]
Memory Configuration

Name             Origin             Length             Attributes
RAM              0x20000000         0x00020000         xrw
FLASH            0x08000000         0x00060000         xr
*default*        0x00000000         0xffffffff

Linker script and memory map

LOAD C:/ST/STM32CubeIDE_1.18.1/STM32CubeIDE/plugins/com.st.stm32cube.ide.mcu.externaltools.gnu-tools-for-stm32.13.3.rel1.win32_1.0.0.202411081344/tools/bin/../lib/gcc/arm-none-eabi/13.3.1/thumb/v7e-m+fp/hard/crti.o
LOAD C:/ST/STM32CubeIDE_1.18.1/STM32CubeIDE/plugins/com.st.stm32cube.ide.mcu.externaltools.gnu-tools-for-stm32.13.3.rel1.win32_1.0.0.202411081344/tools/bin/../lib/gcc/arm-none-eabi/13.3.1/thumb/v7e-m+fp/hard/crtbegin.o
LOAD C:/ST/STM32CubeIDE_1.18.1/STM32CubeIDE/plugins/com.st.stm32cube.ide.mcu.externaltools.gnu-tools-for-stm32.13.3.rel1.win32_1.0.0.202411081344/tools/bin/../lib/gcc/arm-none-eabi/13.3.1/../../../../arm-none-eabi/lib/thumb/v7e-m+fp/hard/crt0.o
LOAD ./Core/Src/Comm.o
LOAD ./Core/Src/Flash.o
LOAD ./Core/Src/Gantry.o
LOAD ./Core/Src/Gripper.o
LOAD ./Core/Src/Heartbeat.o
LOAD ./Core/Src/LEDController.o
LOAD ./Core/Src/LEDStrip.o
LOAD ./Core/Src/Logger.o
LOAD ./Core/Src/Orchestrator.o
LOAD ./Core/Src/PressureRegulator.o
LOAD ./Core/Src/PressureSensor.o
LOAD ./Core/Src/Printer.o
LOAD ./Core/Src/Stepper.o
LOAD ./Core/Src/TMC2208Driver.o
LOAD ./Core/Src/callbacks.o
LOAD ./Core/Src/freertos.o
LOAD ./Core/Src/main.o
LOAD ./Core/Src/nvm.o
LOAD ./Core/Src/stm32f4xx_hal_msp.o
LOAD ./Core/Src/stm32f4xx_hal_timebase_tim.o
LOAD ./Core/Src/stm32f4xx_it.o
LOAD ./Core/Src/syscalls.o
LOAD ./Core/Src/sysmem.o
LOAD ./Core/Src/system_stm32f4xx.o
LOAD ./Core/Startup/startup_stm32f446zetx.o
LOAD ./Drivers/STM32F4xx_HAL_Driver/Src/stm32f4xx_hal.o
LOAD ./Drivers/STM32F4xx_HAL_Driver/Src/stm32f4xx_hal_cortex.o
LOAD ./Drivers/STM32F4xx_HAL_Driver/Src/stm32f4xx_hal_dma.o
LOAD ./Drivers/STM32F4xx_HAL_Driver/Src/stm32f4xx_hal_dma_ex.o
LOAD ./Drivers/STM32F4xx_HAL_Driver/Src/stm32f4xx_hal_exti.o
LOAD ./Drivers/STM32F4xx_HAL_Driver/Src/stm32f4xx_hal_flash.o
LOAD ./Drivers/STM32F4xx_HAL_Driver/Src/stm32f4xx_hal_flash_ex.o
LOAD ./Drivers/STM32F4xx_HAL_Driver/Src/stm32f4xx_hal_flash_ramfunc.o
LOAD ./Drivers/STM32F4xx_HAL_Driver/Src/stm32f4xx_hal_gpio.o
LOAD ./Drivers/STM32F4xx_HAL_Driver/Src/stm32f4xx_hal_i2c.o
LOAD ./Drivers/STM32F4xx_HAL_Driver/Src/stm32f4xx_hal_i2c_ex.o
LOAD ./Drivers/STM32F4xx_HAL_Driver/Src/stm32f4xx_hal_pwr.o
LOAD ./Drivers/STM32F4xx_HAL_Driver/Src/stm32f4xx_hal_pwr_ex.o
LOAD ./Drivers/STM32F4xx_HAL_Driver/Src/stm32f4xx_hal_rcc.o
LOAD ./Drivers/STM32F4xx_HAL_Driver/Src/stm32f4xx_hal_rcc_ex.o
LOAD ./Drivers/STM32F4xx_HAL_Driver/Src/stm32f4xx_hal_tim.o
LOAD ./Drivers/STM32F4xx_HAL_Driver/Src/stm32f4xx_hal_tim_ex.o
LOAD ./Drivers/STM32F4xx_HAL_Driver/Src/stm32f4xx_hal_uart.o
LOAD ./Middlewares/Third_Party/FreeRTOS/Source/CMSIS_RTOS/cmsis_os.o
LOAD ./Middlewares/Third_Party/FreeRTOS/Source/croutine.o
LOAD ./Middlewares/Third_Party/FreeRTOS/Source/event_groups.o
LOAD ./Middlewares/Third_Party/FreeRTOS/Source/list.o
LOAD ./Middlewares/Third_Party/FreeRTOS/Source/queue.o
LOAD ./Middlewares/Third_Party/FreeRTOS/Source/stream_buffer.o
LOAD ./Middlewares/Third_Party/FreeRTOS/Source/tasks.o
LOAD ./Middlewares/Third_Party/FreeRTOS/Source/timers.o
LOAD ./Middlewares/Third_Party/FreeRTOS/Source/portable/GCC/ARM_CM4F/port.o
LOAD ./Middlewares/Third_Party/FreeRTOS/Source/portable/MemMang/heap_4.o
START GROUP
LOAD C:/ST/STM32CubeIDE_1.18.1/STM32CubeIDE/plugins/com.st.stm32cube.ide.mcu.externaltools.gnu-tools-for-stm32.13.3.rel1.win32_1.0.0.202411081344/tools/bin/../lib/gcc/arm-none-eabi/13.3.1/../../../../arm-none-eabi/lib/thumb/v7e-m+fp/hard\libstdc++_nano.a
LOAD C:/ST/STM32CubeIDE_1.18.1/STM32CubeIDE/plugins/com.st.stm32cube.ide.mcu.externaltools.gnu-tools-for-stm32.13.3.rel1.win32_1.0.0.202411081344/tools/bin/../lib/gcc/arm-none-eabi/13.3.1/../../../../arm-none-eabi/lib/thumb/v7e-m+fp/hard\libsupc++_nano.a
END GROUP
LOAD C:/ST/STM32CubeIDE_1.18.1/STM32CubeIDE/plugins/com.st.stm32cube.ide.mcu.externaltools.gnu-tools-for-stm32.13.3.rel1.win32_1.0.0.202411081344/tools/bin/../lib/gcc/arm-none-eabi/13.3.1/../../../../arm-none-eabi/lib/thumb/v7e-m+fp/hard\libstdc++_nano.a
LOAD C:/ST/STM32CubeIDE_1.18.1/STM32CubeIDE/plugins/com.st.stm32cube.ide.mcu.externaltools.gnu-tools-for-stm32.13.3.rel1.win32_1.0.0.202411081344/tools/bin/../lib/gcc/arm-none-eabi/13.3.1/../../../../arm-none-eabi/lib/thumb/v7e-m+fp/hard\libm.a
LOAD C:/ST/STM32CubeIDE_1.18.1/STM32CubeIDE/plugins/com.st.stm32cube.ide.mcu.externaltools.gnu-tools-for-stm32.13.3.rel1.win32_1.0.0.202411081344/tools/bin/../lib/gcc/arm-none-eabi/13.3.1/../../../../arm-none-eabi/lib/thumb/v7e-m+fp/hard\libc_nano.a
START GROUP
LOAD C:/ST/STM32CubeIDE_1.18.1/STM32CubeIDE/plugins/com.st.stm32cube.ide.mcu.externaltools.gnu-tools-for-stm32.13.3.rel1.win32_1.0.0.202411081344/tools/bin/../lib/gcc/arm-none-eabi/13.3.1/thumb/v7e-m+fp/hard\libgcc.a
LOAD C:/ST/STM32CubeIDE_1.18.1/STM32CubeIDE/plugins/com.st.stm32cube.ide.mcu.externaltools.gnu-tools-for-stm32.13.3.rel1.win32_1.0.0.202411081344/tools/bin/../lib/gcc/arm-none-eabi/13.3.1/../../../../arm-none-eabi/lib/thumb/v7e-m+fp/hard\libc_nano.a
END GROUP
START GROUP
LOAD C:/ST/STM32CubeIDE_1.18.1/STM32CubeIDE/plugins/com.st.stm32cube.ide.mcu.externaltools.gnu-tools-for-stm32.13.3.rel1.win32_1.0.0.202411081344/tools/bin/../lib/gcc/arm-none-eabi/13.3.1/thumb/v7e-m+fp/hard\libgcc.a
LOAD C:/ST/STM32CubeIDE_1.18.1/STM32CubeIDE/plugins/com.st.stm32cube.ide.mcu.externaltools.gnu-tools-for-stm32.13.3.rel1.win32_1.0.0.202411081344/tools/bin/../lib/gcc/arm-none-eabi/13.3.1/../../../../arm-none-eabi/lib/thumb/v7e-m+fp/hard\libc_nano.a
LOAD C:/ST/STM32CubeIDE_1.18.1/STM32CubeIDE/plugins/com.st.stm32cube.ide.mcu.externaltools.gnu-tools-for-stm32.13.3.rel1.win32_1.0.0.202411081344/tools/bin/../lib/gcc/arm-none-eabi/13.3.1/../../../../arm-none-eabi/lib/thumb/v7e-m+fp/hard\libnosys.a
END GROUP
START GROUP
LOAD C:/ST/STM32CubeIDE_1.18.1/STM32CubeIDE/plugins/com.st.stm32cube.ide.mcu.externaltools.gnu-tools-for-stm32.13.3.rel1.win32_1.0.0.202411081344/tools/bin/../lib/gcc/arm-none-eabi/13.3.1/thumb/v7e-m+fp/hard\libgcc.a
LOAD C:/ST/STM32CubeIDE_1.18.1/STM32CubeIDE/plugins/com.st.stm32cube.ide.mcu.externaltools.gnu-tools-for-stm32.13.3.rel1.win32_1.0.0.202411081344/tools/bin/../lib/gcc/arm-none-eabi/13.3.1/../../../../arm-none-eabi/lib/thumb/v7e-m+fp/hard\libc_nano.a
LOAD C:/ST/STM32CubeIDE_1.18.1/STM32CubeIDE/plugins/com.st.stm32cube.ide.mcu.externaltools.gnu-tools-for-stm32.13.3.rel1.win32_1.0.0.202411081344/tools/bin/../lib/gcc/arm-none-eabi/13.3.1/../../../../arm-none-eabi/lib/thumb/v7e-m+fp/hard\libnosys.a
END GROUP
LOAD C:/ST/STM32CubeIDE_1.18.1/STM32CubeIDE/plugins/com.st.stm32cube.ide.mcu.externaltools.gnu-tools-for-stm32.13.3.rel1.win32_1.0.0.202411081344/tools/bin/../lib/gcc/arm-none-eabi/13.3.1/thumb/v7e-m+fp/hard/crtend.o
LOAD C:/ST/STM32CubeIDE_1.18.1/STM32CubeIDE/plugins/com.st.stm32cube.ide.mcu.externaltools.gnu-tools-for-stm32.13.3.rel1.win32_1.0.0.202411081344/tools/bin/../lib/gcc/arm-none-eabi/13.3.1/thumb/v7e-m+fp/hard/crtn.o
                0x20020000                        _estack = (ORIGIN (RAM) + LENGTH (RAM))
                0x00000200                        _Min_Heap_Size = 0x200
                0x00000400                        _Min_Stack_Size = 0x400

.isr_vector     0x08000000      0x1c4
                0x08000000                        . = ALIGN (0x4)
 *(.isr_vector)
 .isr_vector    0x08000000      0x1c4 ./Core/Startup/startup_stm32f446zetx.o
                0x08000000                g_pfnVectors
                0x080001c4                        . = ALIGN (0x4)

.text           0x080001d0    0x199ac
                0x080001d0                        . = ALIGN (0x4)
 *(.text)
 .text          0x080001d0       0x40 C:/ST/STM32CubeIDE_1.18.1/STM32CubeIDE/plugins/com.st.stm32cube.ide.mcu.externaltools.gnu-tools-for-stm32.13.3.rel1.win32_1.0.0.202411081344/tools/bin/../lib/gcc/arm-none-eabi/13.3.1/thumb/v7e-m+fp/hard/crtbegin.o
 .text          0x08000210       0xa0 C:/ST/STM32CubeIDE_1.18.1/STM32CubeIDE/plugins/com.st.stm32cube.ide.mcu.externaltools.gnu-tools-for-stm32.13.3.rel1.win32_1.0.0.202411081344/tools/bin/../lib/gcc/arm-none-eabi/13.3.1/../../../../arm-none-eabi/lib/thumb/v7e-m+fp/hard\libc_nano.a(libc_a-memchr.o)
                0x08000210                memchr
 .text          0x080002b0       0x10 C:/ST/STM32CubeIDE_1.18.1/STM32CubeIDE/plugins/com.st.stm32cube.ide.mcu.externaltools.gnu-tools-for-stm32.13.3.rel1.win32_1.0.0.202411081344/tools/bin/../lib/gcc/arm-none-eabi/13.3.1/../../../../arm-none-eabi/lib/thumb/v7e-m+fp/hard\libc_nano.a(libc_a-strlen.o)
                0x080002b0                strlen
 .text          0x080002c0      0x378 C:/ST/STM32CubeIDE_1.18.1/STM32CubeIDE/plugins/com.st.stm32cube.ide.mcu.externaltools.gnu-tools-for-stm32.13.3.rel1.win32_1.0.0.202411081344/tools/bin/../lib/gcc/arm-none-eabi/13.3.1/thumb/v7e-m+fp/hard\libgcc.a(_arm_addsubdf3.o)
                0x080002c0                __aeabi_drsub
                0x080002c8                __aeabi_dsub
                0x080002c8                __subdf3
                0x080002cc                __aeabi_dadd
                0x080002cc                __adddf3
                0x08000544                __floatunsidf
                0x08000544                __aeabi_ui2d
                0x08000564                __floatsidf
                0x08000564                __aeabi_i2d
                0x08000588                __aeabi_f2d
                0x08000588                __extendsfdf2
                0x080005cc                __floatundidf
                0x080005cc                __aeabi_ul2d
                0x080005dc                __floatdidf
                0x080005dc                __aeabi_l2d
 .text          0x08000638      0x424 C:/ST/STM32CubeIDE_1.18.1/STM32CubeIDE/plugins/com.st.stm32cube.ide.mcu.externaltools.gnu-tools-for-stm32.13.3.rel1.win32_1.0.0.202411081344/tools/bin/../lib/gcc/arm-none-eabi/13.3.1/thumb/v7e-m+fp/hard\libgcc.a(_arm_muldivdf3.o)
                0x08000638                __aeabi_dmul
                0x08000638                __muldf3
                0x0800088c                __divdf3
                0x0800088c                __aeabi_ddiv
 .text          0x08000a5c      0x110 C:/ST/STM32CubeIDE_1.18.1/STM32CubeIDE/plugins/com.st.stm32cube.ide.mcu.externaltools.gnu-tools-for-stm32.13.3.rel1.win32_1.0.0.202411081344/tools/bin/../lib/gcc/arm-none-eabi/13.3.1/thumb/v7e-m+fp/hard\libgcc.a(_arm_cmpdf2.o)
                0x08000a5c                __gtdf2
                0x08000a5c                __gedf2
                0x08000a64                __ltdf2
                0x08000a64                __ledf2
                0x08000a6c                __nedf2
                0x08000a6c                __eqdf2
                0x08000a6c                __cmpdf2
                0x08000ae8                __aeabi_cdrcmple
                0x08000af8                __aeabi_cdcmpeq
                0x08000af8                __aeabi_cdcmple
                0x08000b08                __aeabi_dcmpeq
                0x08000b1c                __aeabi_dcmplt
                0x08000b30                __aeabi_dcmple
                0x08000b44                __aeabi_dcmpge
                0x08000b58                __aeabi_dcmpgt
 .text          0x08000b6c       0x2c C:/ST/STM32CubeIDE_1.18.1/STM32CubeIDE/plugins/com.st.stm32cube.ide.mcu.externaltools.gnu-tools-for-stm32.13.3.rel1.win32_1.0.0.202411081344/tools/bin/../lib/gcc/arm-none-eabi/13.3.1/thumb/v7e-m+fp/hard\libgcc.a(_arm_unorddf2.o)
                0x08000b6c                __unorddf2
                0x08000b6c                __aeabi_dcmpun
 .text          0x08000b98       0x50 C:/ST/STM32CubeIDE_1.18.1/STM32CubeIDE/plugins/com.st.stm32cube.ide.mcu.externaltools.gnu-tools-for-stm32.13.3.rel1.win32_1.0.0.202411081344/tools/bin/../lib/gcc/arm-none-eabi/13.3.1/thumb/v7e-m+fp/hard\libgcc.a(_arm_fixdfsi.o)
                0x08000b98                __aeabi_d2iz
                0x08000b98                __fixdfsi
 .text          0x08000be8       0x40 C:/ST/STM32CubeIDE_1.18.1/STM32CubeIDE/plugins/com.st.stm32cube.ide.mcu.externaltools.gnu-tools-for-stm32.13.3.rel1.win32_1.0.0.202411081344/tools/bin/../lib/gcc/arm-none-eabi/13.3.1/thumb/v7e-m+fp/hard\libgcc.a(_arm_fixunsdfsi.o)
                0x08000be8                __aeabi_d2uiz
                0x08000be8                __fixunsdfsi
 .text          0x08000c28       0xa0 C:/ST/STM32CubeIDE_1.18.1/STM32CubeIDE/plugins/com.st.stm32cube.ide.mcu.externaltools.gnu-tools-for-stm32.13.3.rel1.win32_1.0.0.202411081344/tools/bin/../lib/gcc/arm-none-eabi/13.3.1/thumb/v7e-m+fp/hard\libgcc.a(_aeabi_ldivmod.o)
                0x08000c28                __aeabi_ldivmod
 .text          0x08000cc8       0x30 C:/ST/STM32CubeIDE_1.18.1/STM32CubeIDE/plugins/com.st.stm32cube.ide.mcu.externaltools.gnu-tools-for-stm32.13.3.rel1.win32_1.0.0.202411081344/tools/bin/../lib/gcc/arm-none-eabi/13.3.1/thumb/v7e-m+fp/hard\libgcc.a(_aeabi_uldivmod.o)
                0x08000cc8                __aeabi_uldivmod
 .text          0x08000cf8      0x2f8 C:/ST/STM32CubeIDE_1.18.1/STM32CubeIDE/plugins/com.st.stm32cube.ide.mcu.externaltools.gnu-tools-for-stm32.13.3.rel1.win32_1.0.0.202411081344/tools/bin/../lib/gcc/arm-none-eabi/13.3.1/thumb/v7e-m+fp/hard\libgcc.a(_udivmoddi4.o)
                0x08000cf8                __udivmoddi4
 .text          0x08000ff0        0x4 C:/ST/STM32CubeIDE_1.18.1/STM32CubeIDE/plugins/com.st.stm32cube.ide.mcu.externaltools.gnu-tools-for-stm32.13.3.rel1.win32_1.0.0.202411081344/tools/bin/../lib/gcc/arm-none-eabi/13.3.1/thumb/v7e-m+fp/hard\libgcc.a(_dvmd_tls.o)
                0x08000ff0                __aeabi_idiv0
                0x08000ff0                __aeabi_ldiv0
 *(.text*)
 .text._ZN4Comm8instanceEv
                0x08000ff4       0x18 ./Core/Src/Comm.o
                0x08000ff4                Comm::instance()
 .text._ZNK14PressureSensor16getPrintPressureEv
                0x0800100c       0x1a ./Core/Src/Comm.o
                0x0800100c                PressureSensor::getPrintPressure() const
 .text._ZNK7Printer13getPrintPulseEv
                0x08001026       0x18 ./Core/Src/Comm.o
                0x08001026                Printer::getPrintPulse() const
 .text._ZNK7Printer13getDispenseHzEv
                0x0800103e       0x18 ./Core/Src/Comm.o
                0x0800103e                Printer::getDispenseHz() const
 .text._ZN7Stepper8stepperXEv
                0x08001056       0x10 ./Core/Src/Comm.o
                0x08001056                Stepper::stepperX()
 .text._ZN7Stepper8stepperYEv
                0x08001066       0x10 ./Core/Src/Comm.o
                0x08001066                Stepper::stepperY()
 .text._ZN7Stepper8stepperZEv
                0x08001076       0x10 ./Core/Src/Comm.o
                0x08001076                Stepper::stepperZ()
 .text._ZN7Stepper8stepperPEv
                0x08001086       0x10 ./Core/Src/Comm.o
                0x08001086                Stepper::stepperP()
 .text._ZNK7Stepper11getPositionEv
                0x08001096       0x18 ./Core/Src/Comm.o
                0x08001096                Stepper::getPosition() const
 .text._ZNK7Stepper17getTargetPositionEv
                0x080010ae       0x18 ./Core/Src/Comm.o
                0x080010ae                Stepper::getTargetPosition() const
 .text._ZNK7Stepper17accelStepsPerSec2Ev
                0x080010c6       0x1e ./Core/Src/Comm.o
                0x080010c6                Stepper::accelStepsPerSec2() const
 .text._ZNK7Stepper10maxSpeedHzEv
                0x080010e4       0x1a ./Core/Src/Comm.o
                0x080010e4                Stepper::maxSpeedHz() const
 .text._ZNK17PressureRegulator9getTargetEv
                0x080010fe       0x18 ./Core/Src/Comm.o
                0x080010fe                PressureRegulator::getTarget() const
 .text._ZNK17PressureRegulator8isActiveEv
                0x08001116       0x1c ./Core/Src/Comm.o
                0x08001116                PressureRegulator::isActive() const
 .text._ZN17PressureRegulator4regPEv
                0x08001132       0x10 ./Core/Src/Comm.o
                0x08001132                PressureRegulator::regP()
 *fill*         0x08001142        0x2 
 .text._ZN17PressureRegulator3getEi
                0x08001144       0x58 ./Core/Src/Comm.o
                0x08001144                PressureRegulator::get(int)
 .text._ZN12Orchestrator15getCommandDepthEv
                0x0800119c       0x18 ./Core/Src/Comm.o
                0x0800119c                Orchestrator::getCommandDepth()
 .text._ZN12Orchestrator13getLastCmdNumEv
                0x080011b4       0x10 ./Core/Src/Comm.o
                0x080011b4                Orchestrator::getLastCmdNum()
 .text._ZN12Orchestrator16getCurrentCmdNumEv
                0x080011c4       0x10 ./Core/Src/Comm.o
                0x080011c4                Orchestrator::getCurrentCmdNum()
 .text._ZN4CommC2EP20__UART_HandleTypeDef
                0x080011d4       0x68 ./Core/Src/Comm.o
                0x080011d4                Comm::Comm(__UART_HandleTypeDef*)
                0x080011d4                Comm::Comm(__UART_HandleTypeDef*)
 .text._ZN4Comm5crc16EPKht
                0x0800123c       0x78 ./Core/Src/Comm.o
                0x0800123c                Comm::crc16(unsigned char const*, unsigned short)
 .text._ZN4Comm5beginEv
                0x080012b4       0x58 ./Core/Src/Comm.o
                0x080012b4                Comm::begin()
 .text.MX_COMM_Init
                0x0800130c       0x5c ./Core/Src/Comm.o
                0x0800130c                MX_COMM_Init
 .text.HAL_UART_ErrorCallback
                0x08001368       0xb8 ./Core/Src/Comm.o
                0x08001368                HAL_UART_ErrorCallback
 .text.HAL_UART_RxCpltCallback
                0x08001420      0x136 ./Core/Src/Comm.o
                0x08001420                HAL_UART_RxCpltCallback
 .text._ZN4Comm15setStatusPausedEb
                0x08001556       0x20 ./Core/Src/Comm.o
                0x08001556                Comm::setStatusPaused(bool)
 *fill*         0x08001576        0x2 
 .text._ZN4Comm12handlePacketEPKhh
                0x08001578      0x19c ./Core/Src/Comm.o
                0x08001578                Comm::handlePacket(unsigned char const*, unsigned char)
 .text._ZN4Comm17resetReceiveStateEv
                0x08001714       0x28 ./Core/Src/Comm.o
                0x08001714                Comm::resetReceiveState()
 .text._ZN4Comm16sendAckWithSeq32Ehhmb
                0x0800173c      0x144 ./Core/Src/Comm.o
                0x0800173c                Comm::sendAckWithSeq32(unsigned char, unsigned char, unsigned long, bool)
 .text._ZN4Comm15statusTaskEntryEPv
                0x08001880       0x1c ./Core/Src/Comm.o
                0x08001880                Comm::statusTaskEntry(void*)
 .text._ZN4Comm9sendFrameEP20__UART_HandleTypeDefPKhj
                0x0800189c       0xa4 ./Core/Src/Comm.o
                0x0800189c                Comm::sendFrame(__UART_HandleTypeDef*, unsigned char const*, unsigned int)
 .text._ZN4Comm10statusTaskEv
                0x08001940     0x1764 ./Core/Src/Comm.o
                0x08001940                Comm::statusTask()
 .text.MX_FLASH_Init
                0x080030a4       0x16 ./Core/Src/Flash.o
                0x080030a4                MX_FLASH_Init
 .text.MX_FLASH_ONCE
                0x080030ba        0xe ./Core/Src/Flash.o
                0x080030ba                MX_FLASH_ONCE
 .text._ZN7Stepper15setAccelProfileENS_12AccelProfileE
                0x080030c8       0x20 ./Core/Src/Gantry.o
                0x080030c8                Stepper::setAccelProfile(Stepper::AccelProfile)
 .text._ZN7Stepper20setAccelStepsPerSec2Ef
                0x080030e8       0x36 ./Core/Src/Gantry.o
                0x080030e8                Stepper::setAccelStepsPerSec2(float)
 .text._ZSt3absl
                0x0800311e       0x1c ./Core/Src/Gantry.o
                0x0800311e                std::abs(long)
 *fill*         0x0800313a        0x2 
 .text._ZN6Gantry8instanceEv
                0x0800313c       0x18 ./Core/Src/Gantry.o
                0x0800313c                Gantry::instance()
 .text._ZN6GantryC2Ev
                0x08003154       0x1e ./Core/Src/Gantry.o
                0x08003154                Gantry::Gantry()
                0x08003154                Gantry::Gantry()
 *fill*         0x08003172        0x2 
 .text._ZN6Gantry5beginEv
                0x08003174       0x20 ./Core/Src/Gantry.o
                0x08003174                Gantry::begin()
 .text._ZN6Gantry6moveToEllm
                0x08003194       0x42 ./Core/Src/Gantry.o
                0x08003194                Gantry::moveTo(long, long, unsigned long)
 .text._ZSt3maxImERKT_S2_S2_
                0x080031d6       0x28 ./Core/Src/Gantry.o
                0x080031d6                unsigned long const& std::max<unsigned long>(unsigned long const&, unsigned long const&)
 .text._ZZN6Gantry6moveByElllmENKUlP7SteppermE_clES1_m
                0x080031fe       0xae ./Core/Src/Gantry.o
 .text._ZN6Gantry6moveByElllm
                0x080032ac      0x12a ./Core/Src/Gantry.o
                0x080032ac                Gantry::moveBy(long, long, long, unsigned long)
 *fill*         0x080033d6        0x2 
 .text._ZN6Gantry14pauseXYZMotorsEv
                0x080033d8       0x74 ./Core/Src/Gantry.o
                0x080033d8                Gantry::pauseXYZMotors()
 .text._ZN6Gantry15resumeXYZMotorsEv
                0x0800344c       0x74 ./Core/Src/Gantry.o
                0x0800344c                Gantry::resumeXYZMotors()
 .text._ZN6Gantry15cancelXYZMotorsEv
                0x080034c0       0x74 ./Core/Src/Gantry.o
                0x080034c0                Gantry::cancelXYZMotors()
 .text._ZNK6Gantry11getPositionEv
                0x08003534       0x30 ./Core/Src/Gantry.o
                0x08003534                Gantry::getPosition() const
 .text.MX_GANTRY_Init
                0x08003564       0x60 ./Core/Src/Gantry.o
                0x08003564                MX_GANTRY_Init
 .text._ZSt3minIyERKT_S2_S2_
                0x080035c4       0x30 ./Core/Src/Gantry.o
                0x080035c4                unsigned long long const& std::min<unsigned long long>(unsigned long long const&, unsigned long long const&)
 .text._ZNKSt16initializer_listIN7Stepper4AxisEE5beginEv
                0x080035f4       0x18 ./Core/Src/Gantry.o
                0x080035f4                std::initializer_list<Stepper::Axis>::begin() const
 .text._ZNKSt16initializer_listIN7Stepper4AxisEE3endEv
                0x0800360c       0x22 ./Core/Src/Gantry.o
                0x0800360c                std::initializer_list<Stepper::Axis>::end() const
 .text._ZNKSt16initializer_listIN7Stepper4AxisEE4sizeEv
                0x0800362e       0x18 ./Core/Src/Gantry.o
                0x0800362e                std::initializer_list<Stepper::Axis>::size() const
 .text._ZN12Orchestrator13getDoneEventsEv
                0x08003646       0x10 ./Core/Src/Gripper.o
                0x08003646                Orchestrator::getDoneEvents()
 *fill*         0x08003656        0x2 
 .text._ZL21EXTI8_SoftwareTriggerv
                0x08003658       0x28 ./Core/Src/Gripper.o
 .text._ZN7Gripper8instanceEv
                0x08003680       0x50 ./Core/Src/Gripper.o
                0x08003680                Gripper::instance()
 .text._ZN7GripperC2Ev
                0x080036d0       0x68 ./Core/Src/Gripper.o
                0x080036d0                Gripper::Gripper()
                0x080036d0                Gripper::Gripper()
 .text._ZN7Gripper5beginEP12GPIO_TypeDeftS1_tmm
                0x08003738      0x190 ./Core/Src/Gripper.o
                0x08003738                Gripper::begin(GPIO_TypeDef*, unsigned short, GPIO_TypeDef*, unsigned short, unsigned long, unsigned long)
 .text._ZN7Gripper14lockVacuumGateEm
                0x080038c8       0x44 ./Core/Src/Gripper.o
                0x080038c8                Gripper::lockVacuumGate(unsigned long)
 .text._ZN7Gripper16unlockVacuumGateEv
                0x0800390c       0x2c ./Core/Src/Gripper.o
                0x0800390c                Gripper::unlockVacuumGate()
 .text._ZN7Gripper4openEv
                0x08003938       0xaa ./Core/Src/Gripper.o
                0x08003938                Gripper::open()
 .text._ZN7Gripper5closeEv
                0x080039e2       0xa6 ./Core/Src/Gripper.o
                0x080039e2                Gripper::close()
 .text._ZN7Gripper11stopRefreshEv
                0x08003a88       0x3a ./Core/Src/Gripper.o
                0x08003a88                Gripper::stopRefresh()
 .text._ZN7Gripper21setRefreshPeriodTicksEm
                0x08003ac2       0x56 ./Core/Src/Gripper.o
                0x08003ac2                Gripper::setRefreshPeriodTicks(unsigned long)
 .text._ZN7Gripper21setPulseDurationTicksEm
                0x08003b18       0x56 ./Core/Src/Gripper.o
                0x08003b18                Gripper::setPulseDurationTicks(unsigned long)
 *fill*         0x08003b6e        0x2 
 .text._ZN7Gripper18setRefreshPeriodMsEm
                0x08003b70       0x30 ./Core/Src/Gripper.o
                0x08003b70                Gripper::setRefreshPeriodMs(unsigned long)
 .text._ZN7Gripper18setPulseDurationMsEm
                0x08003ba0       0x30 ./Core/Src/Gripper.o
                0x08003ba0                Gripper::setPulseDurationMs(unsigned long)
 .text._ZNK7Gripper18getRefreshPeriodMsEv
                0x08003bd0       0x18 ./Core/Src/Gripper.o
                0x08003bd0                Gripper::getRefreshPeriodMs() const
 .text._ZNK7Gripper18getPulseDurationMsEv
                0x08003be8       0x18 ./Core/Src/Gripper.o
                0x08003be8                Gripper::getPulseDurationMs() const
 .text._ZN7Gripper20refreshTimerCallbackEP15tmrTimerControl
                0x08003c00       0x34 ./Core/Src/Gripper.o
                0x08003c00                Gripper::refreshTimerCallback(tmrTimerControl*)
 .text._ZN7Gripper16refreshTaskEntryEPv
                0x08003c34       0x58 ./Core/Src/Gripper.o
                0x08003c34                Gripper::refreshTaskEntry(void*)
 .text._ZN7Gripper20pumpOffTimerCallbackEP15tmrTimerControl
                0x08003c8c       0x74 ./Core/Src/Gripper.o
                0x08003c8c                Gripper::pumpOffTimerCallback(tmrTimerControl*)
 .text._ZN7Gripper9pulsePumpEv
                0x08003d00       0x38 ./Core/Src/Gripper.o
                0x08003d00                Gripper::pulsePump()
 .text.MX_GRIPPER_Init
                0x08003d38       0x38 ./Core/Src/Gripper.o
                0x08003d38                MX_GRIPPER_Init
 .text.MX_GRIPPER_Open
                0x08003d70       0x14 ./Core/Src/Gripper.o
                0x08003d70                MX_GRIPPER_Open
 .text.MX_GRIPPER_Close
                0x08003d84       0x14 ./Core/Src/Gripper.o
                0x08003d84                MX_GRIPPER_Close
 .text.MX_GRIPPER_StopRefresh
                0x08003d98       0x14 ./Core/Src/Gripper.o
                0x08003d98                MX_GRIPPER_StopRefresh
 .text.MX_GRIPPER_SetRefreshPeriodMs
                0x08003dac       0x1e ./Core/Src/Gripper.o
                0x08003dac                MX_GRIPPER_SetRefreshPeriodMs
 .text.MX_GRIPPER_SetPulseDurationMs
                0x08003dca       0x1e ./Core/Src/Gripper.o
                0x08003dca                MX_GRIPPER_SetPulseDurationMs
 .text.HeartbeatTask
                0x08003de8       0x24 ./Core/Src/Heartbeat.o
 .text.MX_HEARTBEAT_Start
                0x08003e0c       0x30 ./Core/Src/Heartbeat.o
                0x08003e0c                MX_HEARTBEAT_Start
 .text.MX_LED_Init
                0x08003e3c       0x14 ./Core/Src/LEDController.o
                0x08003e3c                MX_LED_Init
 .text._ZN13LEDControllerC2EP12GPIO_TypeDeft
                0x08003e50       0x40 ./Core/Src/LEDController.o
                0x08003e50                LEDController::LEDController(GPIO_TypeDef*, unsigned short)
                0x08003e50                LEDController::LEDController(GPIO_TypeDef*, unsigned short)
 .text._ZN13LEDController5beginEv
                0x08003e90       0x48 ./Core/Src/LEDController.o
                0x08003e90                LEDController::begin()
 .text._ZN13LEDController9taskEntryEPv
                0x08003ed8       0x1c ./Core/Src/LEDController.o
                0x08003ed8                LEDController::taskEntry(void*)
 .text._ZN13LEDController8taskLoopEv
                0x08003ef4       0xc0 ./Core/Src/LEDController.o
                0x08003ef4                LEDController::taskLoop()
 .text._Z41__static_initialization_and_destruction_0v
                0x08003fb4       0x1c ./Core/Src/LEDController.o
 .text._GLOBAL__sub_I__ZN13LEDController9_instanceE
                0x08003fd0        0xa ./Core/Src/LEDController.o
 .text.MX_LEDSTRIP_Init
                0x08003fda       0x14 ./Core/Src/LEDStrip.o
                0x08003fda                MX_LEDSTRIP_Init
 .text.MX_LEDSTRIP_SetBrightness
                0x08003fee       0x16 ./Core/Src/LEDStrip.o
                0x08003fee                MX_LEDSTRIP_SetBrightness
 .text._ZN6LoggerC2Ev
                0x08004004       0x48 ./Core/Src/Logger.o
                0x08004004                Logger::Logger()
                0x08004004                Logger::Logger()
 .text._ZN6Logger8instanceEv
                0x0800404c       0x18 ./Core/Src/Logger.o
                0x0800404c                Logger::instance()
 .text._ZN6Logger5beginEP20__UART_HandleTypeDefP19__DMA_HandleTypeDef
                0x08004064       0x30 ./Core/Src/Logger.o
                0x08004064                Logger::begin(__UART_HandleTypeDef*, __DMA_HandleTypeDef*)
 .text._ZN6Logger3logEPKcz
                0x08004094       0xe8 ./Core/Src/Logger.o
                0x08004094                Logger::log(char const*, ...)
 .text._ZN6Logger6_flushEv
                0x0800417c       0x8c ./Core/Src/Logger.o
                0x0800417c                Logger::_flush()
 .text._ZN6Logger10on_tx_cpltEv
                0x08004208       0x16 ./Core/Src/Logger.o
                0x08004208                Logger::on_tx_cplt()
 .text._ZN6Logger12_dmaCompleteEv
                0x0800421e       0x3c ./Core/Src/Logger.o
                0x0800421e                Logger::_dmaComplete()
 *fill*         0x0800425a        0x2 
 .text.MX_LOGGER_Init
                0x0800425c       0x6c ./Core/Src/Logger.o
                0x0800425c                MX_LOGGER_Init
 .text._ZL14EXTI8_DiagDumpv
                0x080042c8       0xa8 ./Core/Src/Logger.o
 .text._ZN6Logger21startRunTimeStatsTaskEm
                0x08004370       0x38 ./Core/Src/Logger.o
                0x08004370                Logger::startRunTimeStatsTask(unsigned long)
 .text._ZN6Logger14statsTaskEntryEPv
                0x080043a8       0x28 ./Core/Src/Logger.o
                0x080043a8                Logger::statsTaskEntry(void*)
 .text._ZN6Logger9statsTaskEm
                0x080043d0       0x80 ./Core/Src/Logger.o
                0x080043d0                Logger::statsTask(unsigned long)
 .text._ZN7Stepper13setMaxSpeedHzEm
                0x08004450       0x28 ./Core/Src/Orchestrator.o
                0x08004450                Stepper::setMaxSpeedHz(unsigned long)
 .text._ZNK12Orchestrator7Command3p1uEv
                0x08004478       0x18 ./Core/Src/Orchestrator.o
                0x08004478                Orchestrator::Command::p1u() const
 .text._ZNK12Orchestrator7Command3p2uEv
                0x08004490       0x18 ./Core/Src/Orchestrator.o
                0x08004490                Orchestrator::Command::p2u() const
 .text._ZNK12Orchestrator7Command3p1bEv
                0x080044a8       0x22 ./Core/Src/Orchestrator.o
                0x080044a8                Orchestrator::Command::p1b() const
 .text._ZN7Printer13setPrintPulseEm
                0x080044ca       0x1c ./Core/Src/Orchestrator.o
                0x080044ca                Printer::setPrintPulse(unsigned long)
 .text._ZN7Printer14setRefuelPulseEm
                0x080044e6       0x1c ./Core/Src/Orchestrator.o
                0x080044e6                Printer::setRefuelPulse(unsigned long)
 .text._ZN12Orchestrator7CommandC2Ev
                0x08004502       0x3a ./Core/Src/Orchestrator.o
                0x08004502                Orchestrator::Command::Command()
                0x08004502                Orchestrator::Command::Command()
 .text._ZN12OrchestratorC2Ev
                0x0800453c      0x174 ./Core/Src/Orchestrator.o
                0x0800453c                Orchestrator::Orchestrator()
                0x0800453c                Orchestrator::Orchestrator()
 .text._ZN12Orchestrator8instanceEv
                0x080046b0       0x18 ./Core/Src/Orchestrator.o
                0x080046b0                Orchestrator::instance()
 .text._ZN12Orchestrator5beginEv
                0x080046c8       0x4c ./Core/Src/Orchestrator.o
                0x080046c8                Orchestrator::begin()
 .text.MX_ORCH_Init
                0x08004714       0x54 ./Core/Src/Orchestrator.o
                0x08004714                MX_ORCH_Init
 .text._ZN12Orchestrator14enqueueFromISRERKNS_7CommandEPl
                0x08004768      0x168 ./Core/Src/Orchestrator.o
                0x08004768                Orchestrator::enqueueFromISR(Orchestrator::Command const&, long*)
 .text._ZN12Orchestrator12pauseCurrentEv
                0x080048d0       0x44 ./Core/Src/Orchestrator.o
                0x080048d0                Orchestrator::pauseCurrent()
 .text._ZN12Orchestrator13resumeCurrentEv
                0x08004914       0x38 ./Core/Src/Orchestrator.o
                0x08004914                Orchestrator::resumeCurrent()
 .text._ZN12Orchestrator13cancelCurrentEv
                0x0800494c       0x24 ./Core/Src/Orchestrator.o
                0x0800494c                Orchestrator::cancelCurrent()
 .text._ZN12Orchestrator10_taskEntryEPv
                0x08004970       0x16 ./Core/Src/Orchestrator.o
                0x08004970                Orchestrator::_taskEntry(void*)
 *fill*         0x08004986        0x2 
 .text._ZN12Orchestrator16msToAtLeast1TickEm
                0x08004988       0x44 ./Core/Src/Orchestrator.o
                0x08004988                Orchestrator::msToAtLeast1Tick(unsigned long)
 .text._ZN12Orchestrator20pauseAwareDelayTicksERm
                0x080049cc       0x9a ./Core/Src/Orchestrator.o
                0x080049cc                Orchestrator::pauseAwareDelayTicks(unsigned long&)
 .text._ZN12Orchestrator10waitForBitEm
                0x08004a66       0x74 ./Core/Src/Orchestrator.o
                0x08004a66                Orchestrator::waitForBit(unsigned long)
 .text._ZN12Orchestrator11waitForBitsEm
                0x08004ada       0x48 ./Core/Src/Orchestrator.o
                0x08004ada                Orchestrator::waitForBits(unsigned long)
 *fill*         0x08004b22        0x2 
 .text._ZN12Orchestrator4_runEv
                0x08004b24      0x3d8 ./Core/Src/Orchestrator.o
                0x08004b24                Orchestrator::_run()
 .text._ZN12Orchestrator14executeCommandERKNS_7CommandE
                0x08004efc      0xa78 ./Core/Src/Orchestrator.o
                0x08004efc                Orchestrator::executeCommand(Orchestrator::Command const&)
 .text._ZN12Orchestrator15performShutdownEhmb
                0x08005974      0x12c ./Core/Src/Orchestrator.o
                0x08005974                Orchestrator::performShutdown(unsigned char, unsigned long, bool)
 .text._ZN12Orchestrator14_homeTaskEntryEPv
                0x08005aa0       0x8a ./Core/Src/Orchestrator.o
                0x08005aa0                Orchestrator::_homeTaskEntry(void*)
 *fill*         0x08005b2a        0x2 
 .text._ZN12Orchestrator14startHomeAsyncEP7Steppermmmm
                0x08005b2c      0x16c ./Core/Src/Orchestrator.o
                0x08005b2c                Orchestrator::startHomeAsync(Stepper*, unsigned long, unsigned long, unsigned long, unsigned long)
 .text._ZN12Orchestrator17_regHomeTaskEntryEPv
                0x08005c98       0x6a ./Core/Src/Orchestrator.o
                0x08005c98                Orchestrator::_regHomeTaskEntry(void*)
 *fill*         0x08005d02        0x2 
 .text._ZN12Orchestrator17startRegHomeAsyncEP17PressureRegulatormmmm
                0x08005d04      0x130 ./Core/Src/Orchestrator.o
                0x08005d04                Orchestrator::startRegHomeAsync(PressureRegulator*, unsigned long, unsigned long, unsigned long, unsigned long)
 .text.MX_FLASH_TriggerCallback
                0x08005e34       0x16 ./Core/Src/Orchestrator.o
                0x08005e34                MX_FLASH_TriggerCallback
 .text.MX_FLASH_Acknowledge
                0x08005e4a        0xe ./Core/Src/Orchestrator.o
                0x08005e4a                MX_FLASH_Acknowledge
 .text._ZNK7Stepper6isBusyEv
                0x08005e58       0x22 ./Core/Src/PressureRegulator.o
                0x08005e58                Stepper::isBusy() const
 .text._ZNK7Stepper6dirPinEv
                0x08005e7a       0x18 ./Core/Src/PressureRegulator.o
                0x08005e7a                Stepper::dirPin() const
 .text._ZNK7Stepper7dirPortEv
                0x08005e92       0x18 ./Core/Src/PressureRegulator.o
                0x08005e92                Stepper::dirPort() const
 .text._ZNK14PressureSensor11getPressureEh
                0x08005eaa       0x3c ./Core/Src/PressureRegulator.o
                0x08005eaa                PressureSensor::getPressure(unsigned char) const
 .text._ZN17PressureRegulator9taskEntryEPv
                0x08005ee6       0x16 ./Core/Src/PressureRegulator.o
                0x08005ee6                PressureRegulator::taskEntry(void*)
 .text._ZL12pr_port_codeP12GPIO_TypeDef
                0x08005efc       0x98 ./Core/Src/PressureRegulator.o
 .text._ZL17enable_gpio_clockP12GPIO_TypeDef
                0x08005f94      0x168 ./Core/Src/PressureRegulator.o
 .text._ZL23pr_pin_number_from_maskt
                0x080060fc       0x3e ./Core/Src/PressureRegulator.o
 .text._ZL12rtos_runningv
                0x0800613a       0x18 ./Core/Src/PressureRegulator.o
 *fill*         0x08006152        0x2 
 .text._ZN17PressureRegulator5beginER7StepperP17TIM_HandleTypeDefhlmmlP12GPIO_TypeDeftm
                0x08006154      0x15c ./Core/Src/PressureRegulator.o
                0x08006154                PressureRegulator::begin(Stepper&, TIM_HandleTypeDef*, unsigned char, long, unsigned long, unsigned long, long, GPIO_TypeDef*, unsigned short, unsigned long)
 .text._ZN17PressureRegulator5startEv
                0x080062b0      0x1a8 ./Core/Src/PressureRegulator.o
                0x080062b0                PressureRegulator::start()
 .text._ZN17PressureRegulator5pauseEv
                0x08006458       0x54 ./Core/Src/PressureRegulator.o
                0x08006458                PressureRegulator::pause()
 .text._ZN17PressureRegulator15setPrintProfileEb
                0x080064ac      0x160 ./Core/Src/PressureRegulator.o
                0x080064ac                PressureRegulator::setPrintProfile(bool)
 .text._ZN17PressureRegulator18beginDispenseQuietEm
                0x0800660c       0x68 ./Core/Src/PressureRegulator.o
                0x0800660c                PressureRegulator::beginDispenseQuiet(unsigned long)
 .text._ZN17PressureRegulator16endDispenseQuietEm
                0x08006674       0x3c ./Core/Src/PressureRegulator.o
                0x08006674                PressureRegulator::endDispenseQuiet(unsigned long)
 .text._ZN17PressureRegulator13setTargetSafeEl
                0x080066b0       0x80 ./Core/Src/PressureRegulator.o
                0x080066b0                PressureRegulator::setTargetSafe(long)
 .text._ZN17PressureRegulator21setRelativeTargetSafeEbl
                0x08006730       0x7a ./Core/Src/PressureRegulator.o
                0x08006730                PressureRegulator::setRelativeTargetSafe(bool, long)
 .text._ZN17PressureRegulator9openValveEv
                0x080067aa       0x22 ./Core/Src/PressureRegulator.o
                0x080067aa                PressureRegulator::openValve()
 .text._ZN17PressureRegulator10closeValveEv
                0x080067cc       0x22 ./Core/Src/PressureRegulator.o
                0x080067cc                PressureRegulator::closeValve()
 *fill*         0x080067ee        0x2 
 .text._ZN17PressureRegulator13homeWithValveEmmm
                0x080067f0      0x128 ./Core/Src/PressureRegulator.o
                0x080067f0                PressureRegulator::homeWithValve(unsigned long, unsigned long, unsigned long)
 .text._ZN17PressureRegulator12resetSyringeEv
                0x08006918      0x134 ./Core/Src/PressureRegulator.o
                0x08006918                PressureRegulator::resetSyringe()
 .text._ZN17PressureRegulator17homeWithValveFastEv
                0x08006a4c       0x22 ./Core/Src/PressureRegulator.o
                0x08006a4c                PressureRegulator::homeWithValveFast()
 *fill*         0x08006a6e        0x2 
 .text._ZN17PressureRegulator11controlLoopEv
                0x08006a70      0x5d0 ./Core/Src/PressureRegulator.o
                0x08006a70                PressureRegulator::controlLoop()
 .text._ZZN17PressureRegulator22attachInnerLimitSwitchEP12GPIO_TypeDeftmbENKUlS1_E_clES1_
                0x08007040      0x168 ./Core/Src/PressureRegulator.o
 .text._ZZN17PressureRegulator22attachInnerLimitSwitchEP12GPIO_TypeDeftmbENKUlP15tmrTimerControlE_clES3_
                0x080071a8       0x88 ./Core/Src/PressureRegulator.o
 .text._ZZN17PressureRegulator22attachInnerLimitSwitchEP12GPIO_TypeDeftmbENUlP15tmrTimerControlE_4_FUNES3_
                0x08007230       0x16 ./Core/Src/PressureRegulator.o
 *fill*         0x08007246        0x2 
 .text._ZZN17PressureRegulator22attachInnerLimitSwitchEP12GPIO_TypeDeftmbENKUlP15tmrTimerControlE_cvPFvS3_EEv
                0x08007248       0x1c ./Core/Src/PressureRegulator.o
 .text._ZN17PressureRegulator22attachInnerLimitSwitchEP12GPIO_TypeDeftmb
                0x08007264      0x198 ./Core/Src/PressureRegulator.o
                0x08007264                PressureRegulator::attachInnerLimitSwitch(GPIO_TypeDef*, unsigned short, unsigned long, bool)
 .text._ZN17PressureRegulator32_onRawInnerLimitInterruptFromIsrEv
                0x080073fc       0x94 ./Core/Src/PressureRegulator.o
                0x080073fc                PressureRegulator::_onRawInnerLimitInterruptFromIsr()
 .text._ZN17PressureRegulator23handleInnerLimitFromIsrEt
                0x08007490       0x58 ./Core/Src/PressureRegulator.o
                0x08007490                PressureRegulator::handleInnerLimitFromIsr(unsigned short)
 .text.MX_PRESSURE_REGP_Init
                0x080074e8       0x84 ./Core/Src/PressureRegulator.o
                0x080074e8                MX_PRESSURE_REGP_Init
 .text.MX_REG_INNER_LIMIT
                0x0800756c       0x1a ./Core/Src/PressureRegulator.o
                0x0800756c                MX_REG_INNER_LIMIT
 .text._ZN17PressureRegulator4regREv
                0x08007586       0x10 ./Core/Src/PressureSensor.o
                0x08007586                PressureRegulator::regR()
 *fill*         0x08007596        0x2 
 .text._ZN14PressureSensorC2EP17I2C_HandleTypeDefhhm
                0x08007598       0xf4 ./Core/Src/PressureSensor.o
                0x08007598                PressureSensor::PressureSensor(I2C_HandleTypeDef*, unsigned char, unsigned char, unsigned long)
                0x08007598                PressureSensor::PressureSensor(I2C_HandleTypeDef*, unsigned char, unsigned char, unsigned long)
 .text._ZN14PressureSensor8instanceEv
                0x0800768c       0x18 ./Core/Src/PressureSensor.o
                0x0800768c                PressureSensor::instance()
 .text._ZN14PressureSensor16I2C1_BusRecoveryEv
                0x080076a4       0xe4 ./Core/Src/PressureSensor.o
                0x080076a4                PressureSensor::I2C1_BusRecovery()
 .text._ZN14PressureSensor5beginEv
                0x08007788       0x3c ./Core/Src/PressureSensor.o
                0x08007788                PressureSensor::begin()
 .text._ZN14PressureSensor9taskEntryEPv
                0x080077c4       0x1c ./Core/Src/PressureSensor.o
                0x080077c4                PressureSensor::taskEntry(void*)
 .text._ZN14PressureSensor8taskLoopEv
                0x080077e0      0x218 ./Core/Src/PressureSensor.o
                0x080077e0                PressureSensor::taskLoop()
 .text._ZN14PressureSensor10selectPortEh
                0x080079f8       0x1a ./Core/Src/PressureSensor.o
                0x080079f8                PressureSensor::selectPort(unsigned char)
 *fill*         0x08007a12        0x2 
 .text._ZN14PressureSensor13readSensorRawEh
                0x08007a14       0x9c ./Core/Src/PressureSensor.o
                0x08007a14                PressureSensor::readSensorRaw(unsigned char)
 .text._ZN14PressureSensor15setSafetyRawMaxEht
                0x08007ab0       0x42 ./Core/Src/PressureSensor.o
                0x08007ab0                PressureSensor::setSafetyRawMax(unsigned char, unsigned short)
 .text._ZN14PressureSensor12enableSafetyEb
                0x08007af2       0x38 ./Core/Src/PressureSensor.o
                0x08007af2                PressureSensor::enableSafety(bool)
 .text._ZN14PressureSensor16clearSafetyFaultEh
                0x08007b2a       0x3c ./Core/Src/PressureSensor.o
                0x08007b2a                PressureSensor::clearSafetyFault(unsigned char)
 *fill*         0x08007b66        0x2 
 .text.MX_PS_Init
                0x08007b68       0x80 ./Core/Src/PressureSensor.o
                0x08007b68                MX_PS_Init
 .text._ZNK17PressureRegulator12isPressureOkEv
                0x08007be8       0x1a ./Core/Src/Printer.o
                0x08007be8                PressureRegulator::isPressureOk() const
 *fill*         0x08007c02        0x2 
 .text._ZN7Printer8instanceEv
                0x08007c04       0x18 ./Core/Src/Printer.o
                0x08007c04                Printer::instance()
 .text._ZN7PrinterC2Ev
                0x08007c1c       0x80 ./Core/Src/Printer.o
                0x08007c1c                Printer::Printer()
                0x08007c1c                Printer::Printer()
 .text._ZN7Printer5beginEP17TIM_HandleTypeDefmP12GPIO_TypeDeftS1_mS3_tmm
                0x08007c9c       0x94 ./Core/Src/Printer.o
                0x08007c9c                Printer::begin(TIM_HandleTypeDef*, unsigned long, GPIO_TypeDef*, unsigned short, TIM_HandleTypeDef*, unsigned long, GPIO_TypeDef*, unsigned short, unsigned long, unsigned long)
 .text._ZN7Printer19configureTimerPrintEv
                0x08007d30       0x8e ./Core/Src/Printer.o
                0x08007d30                Printer::configureTimerPrint()
 .text._ZN7Printer7enqueueEtt9PulseMode
                0x08007dbe       0x40 ./Core/Src/Printer.o
                0x08007dbe                Printer::enqueue(unsigned short, unsigned short, PulseMode)
 .text._ZNK7Printer17getTotalDispensedEv
                0x08007dfe       0x18 ./Core/Src/Printer.o
                0x08007dfe                Printer::getTotalDispensed() const
 .text._ZNK7Printer12getRemainingEv
                0x08007e16       0x18 ./Core/Src/Printer.o
                0x08007e16                Printer::getRemaining() const
 .text._ZN7Printer9taskEntryEPv
                0x08007e2e       0x1c ./Core/Src/Printer.o
                0x08007e2e                Printer::taskEntry(void*)
 *fill*         0x08007e4a        0x2 
 .text._ZN7Printer8taskLoopEv
                0x08007e4c      0x1bc ./Core/Src/Printer.o
                0x08007e4c                Printer::taskLoop()
 .text._ZN7Printer13pauseDispenseEv
                0x08008008       0x22 ./Core/Src/Printer.o
                0x08008008                Printer::pauseDispense()
 .text._ZN7Printer14resumeDispenseEv
                0x0800802a       0x22 ./Core/Src/Printer.o
                0x0800802a                Printer::resumeDispense()
 .text._ZN7Printer14cancelDispenseEv
                0x0800804c       0x44 ./Core/Src/Printer.o
                0x0800804c                Printer::cancelDispense()
 .text._ZN7Printer10pulsePrintEv
                0x08008090       0x6c ./Core/Src/Printer.o
                0x08008090                Printer::pulsePrint()
 .text._ZN7Printer11pulseRefuelEv
                0x080080fc       0x14 ./Core/Src/Printer.o
                0x080080fc                Printer::pulseRefuel()
 .text.MX_PRINTER_Init
                0x08008110       0x88 ./Core/Src/Printer.o
                0x08008110                MX_PRINTER_Init
 .text._ZNK7Stepper16_isLimitAssertedEv
                0x08008198       0x46 ./Core/Src/Stepper.o
                0x08008198                Stepper::_isLimitAsserted() const
 *fill*         0x080081de        0x2 
 .text._ZL13is_apb2_timerP11TIM_TypeDef
                0x080081e0       0x58 ./Core/Src/Stepper.o
 .text._ZL14is_32bit_timerP11TIM_TypeDef
                0x08008238       0x30 ./Core/Src/Stepper.o
 .text._ZL14timer_input_hzP17TIM_HandleTypeDeft
                0x08008268       0x8e ./Core/Src/Stepper.o
 .text._ZL13timer_max_arrP17TIM_HandleTypeDef
                0x080082f6       0x2a ./Core/Src/Stepper.o
 .text._ZL12arr_for_freqmm
                0x08008320       0x50 ./Core/Src/Stepper.o
 .text._ZL9port_codeP12GPIO_TypeDef
                0x08008370       0x98 ./Core/Src/Stepper.o
 .text._ZL20pin_number_from_maskt
                0x08008408       0x3e ./Core/Src/Stepper.o
 *fill*         0x08008446        0x2 
 .text._ZN7StepperC2Ev
                0x08008448      0x178 ./Core/Src/Stepper.o
                0x08008448                Stepper::Stepper()
                0x08008448                Stepper::Stepper()
 .text._ZN7Stepper7getAxisENS_4AxisE
                0x080085c0       0x2c ./Core/Src/Stepper.o
                0x080085c0                Stepper::getAxis(Stepper::Axis)
 .text._ZN7Stepper5beginENS_4AxisEP17TIM_HandleTypeDefP12GPIO_TypeDeftS4_tS4_tmtbb
                0x080085ec       0x88 ./Core/Src/Stepper.o
                0x080085ec                Stepper::begin(Stepper::Axis, TIM_HandleTypeDef*, GPIO_TypeDef*, unsigned short, GPIO_TypeDef*, unsigned short, GPIO_TypeDef*, unsigned short, unsigned long, unsigned short, bool, bool)
 .text._ZN7Stepper9addDriverEP12GPIO_TypeDeftS1_tS1_t
                0x08008674       0x54 ./Core/Src/Stepper.o
                0x08008674                Stepper::addDriver(GPIO_TypeDef*, unsigned short, GPIO_TypeDef*, unsigned short, GPIO_TypeDef*, unsigned short)
 .text._ZN7Stepper6moveToEbmmm
                0x080086c8       0x7a ./Core/Src/Stepper.o
                0x080086c8                Stepper::moveTo(bool, unsigned long, unsigned long, unsigned long)
 *fill*         0x08008742        0x6 
 .text._ZN7Stepper4moveEbmmm
                0x08008748      0x494 ./Core/Src/Stepper.o
                0x08008748                Stepper::move(bool, unsigned long, unsigned long, unsigned long)
 *fill*         0x08008bdc        0x4 
 .text._ZN7Stepper10setSpeedHzEm
                0x08008be0      0x114 ./Core/Src/Stepper.o
                0x08008be0                Stepper::setSpeedHz(unsigned long)
 .text._ZN7Stepper16_requestSoftStopEv
                0x08008cf4      0x19c ./Core/Src/Stepper.o
                0x08008cf4                Stepper::_requestSoftStop()
 .text._ZN7Stepper4homeEmmm
                0x08008e90      0x25c ./Core/Src/Stepper.o
                0x08008e90                Stepper::home(unsigned long, unsigned long, unsigned long)
 .text._ZN7Stepper13waitUntilDoneEv
                0x080090ec       0x26 ./Core/Src/Stepper.o
                0x080090ec                Stepper::waitUntilDone()
 .text._ZN7Stepper4stopEv
                0x08009112       0x3a ./Core/Src/Stepper.o
                0x08009112                Stepper::stop()
 .text._ZN7Stepper11enableMotorEv
                0x0800914c       0x3a ./Core/Src/Stepper.o
                0x0800914c                Stepper::enableMotor()
 .text._ZN7Stepper12disableMotorEv
                0x08009186       0x3a ./Core/Src/Stepper.o
                0x08009186                Stepper::disableMotor()
 .text._ZN7Stepper9pauseMoveEv
                0x080091c0       0x24 ./Core/Src/Stepper.o
                0x080091c0                Stepper::pauseMove()
 .text._ZN7Stepper10resumeMoveEv
                0x080091e4       0x50 ./Core/Src/Stepper.o
                0x080091e4                Stepper::resumeMove()
 .text._ZN7Stepper10cancelMoveEv
                0x08009234       0x34 ./Core/Src/Stepper.o
                0x08009234                Stepper::cancelMove()
 .text._ZZN7Stepper9_stepTickEvENKUlfE_clEf
                0x08009268       0xf4 ./Core/Src/Stepper.o
 .text._ZN7Stepper9_stepTickEv
                0x0800935c      0x1d8 ./Core/Src/Stepper.o
                0x0800935c                Stepper::_stepTick()
 .text._ZN7Stepper8dispatchEP17TIM_HandleTypeDef
                0x08009534       0x4c ./Core/Src/Stepper.o
                0x08009534                Stepper::dispatch(TIM_HandleTypeDef*)
 .text._ZZN7Stepper17attachLimitSwitchEP12GPIO_TypeDeftmbENKUlS1_E_clES1_
                0x08009580      0x168 ./Core/Src/Stepper.o
 .text._ZZN7Stepper17attachLimitSwitchEP12GPIO_TypeDeftmbENKUlP15tmrTimerControlE_clES3_
                0x080096e8       0x78 ./Core/Src/Stepper.o
 .text._ZZN7Stepper17attachLimitSwitchEP12GPIO_TypeDeftmbENUlP15tmrTimerControlE_4_FUNES3_
                0x08009760       0x16 ./Core/Src/Stepper.o
 *fill*         0x08009776        0x2 
 .text._ZZN7Stepper17attachLimitSwitchEP12GPIO_TypeDeftmbENKUlP15tmrTimerControlE_cvPFvS3_EEv
                0x08009778       0x1c ./Core/Src/Stepper.o
 .text._ZN7Stepper17attachLimitSwitchEP12GPIO_TypeDeftmb
                0x08009794      0x18c ./Core/Src/Stepper.o
                0x08009794                Stepper::attachLimitSwitch(GPIO_TypeDef*, unsigned short, unsigned long, bool)
 .text._ZN7Stepper27_onRawLimitInterruptFromIsrEv
                0x08009920       0x64 ./Core/Src/Stepper.o
                0x08009920                Stepper::_onRawLimitInterruptFromIsr()
 .text._ZN7Stepper16onLimitTriggeredEv
                0x08009984       0x60 ./Core/Src/Stepper.o
                0x08009984                Stepper::onLimitTriggered()
 .text._ZN7Stepper17handleExtiFromIsrEt
                0x080099e4       0x50 ./Core/Src/Stepper.o
                0x080099e4                Stepper::handleExtiFromIsr(unsigned short)
 .text.MX_STEPPERX_Init
                0x08009a34       0xc8 ./Core/Src/Stepper.o
                0x08009a34                MX_STEPPERX_Init
 .text.MX_STEPPERY_Init
                0x08009afc       0xac ./Core/Src/Stepper.o
                0x08009afc                MX_STEPPERY_Init
 .text.MX_STEPPERZ_Init
                0x08009ba8       0xb0 ./Core/Src/Stepper.o
                0x08009ba8                MX_STEPPERZ_Init
 .text.MX_STEPPERP_Init
                0x08009c58       0xac ./Core/Src/Stepper.o
                0x08009c58                MX_STEPPERP_Init
 .text.MX_STEPPERX_Move
                0x08009d04       0x34 ./Core/Src/Stepper.o
                0x08009d04                MX_STEPPERX_Move
 .text.MX_STEPPERY_Move
                0x08009d38       0x34 ./Core/Src/Stepper.o
                0x08009d38                MX_STEPPERY_Move
 .text.MX_STEPPERZ_Move
                0x08009d6c       0x34 ./Core/Src/Stepper.o
                0x08009d6c                MX_STEPPERZ_Move
 .text.MX_STEPPERX_Home
                0x08009da0       0x22 ./Core/Src/Stepper.o
                0x08009da0                MX_STEPPERX_Home
 .text.MX_STEPPERY_Home
                0x08009dc2       0x22 ./Core/Src/Stepper.o
                0x08009dc2                MX_STEPPERY_Home
 .text.MX_STEPPERZ_Home
                0x08009de4       0x22 ./Core/Src/Stepper.o
                0x08009de4                MX_STEPPERZ_Home
 .text.MX_STEPPERX_GetPos
                0x08009e06       0x16 ./Core/Src/Stepper.o
                0x08009e06                MX_STEPPERX_GetPos
 .text.MX_STEPPERY_GetPos
                0x08009e1c       0x16 ./Core/Src/Stepper.o
                0x08009e1c                MX_STEPPERY_GetPos
 .text.MX_STEPPERZ_GetPos
                0x08009e32       0x16 ./Core/Src/Stepper.o
                0x08009e32                MX_STEPPERZ_GetPos
 .text.MX_DISPATCH
                0x08009e48       0x16 ./Core/Src/Stepper.o
                0x08009e48                MX_DISPATCH
 .text.MX_ATTACH_LIMIT
                0x08009e5e       0x1a ./Core/Src/Stepper.o
                0x08009e5e                MX_ATTACH_LIMIT
 .text._ZN13TMC2208Driver14I_scale_analogEb
                0x08009e78       0x24 ./Core/Src/TMC2208Driver.o
                0x08009e78                TMC2208Driver::I_scale_analog(bool)
 .text._ZN13TMC2208Driver15internal_RsenseEb
                0x08009e9c       0x24 ./Core/Src/TMC2208Driver.o
                0x08009e9c                TMC2208Driver::internal_Rsense(bool)
 .text._ZN13TMC2208Driver14en_spreadCycleEb
                0x08009ec0       0x24 ./Core/Src/TMC2208Driver.o
                0x08009ec0                TMC2208Driver::en_spreadCycle(bool)
 .text._ZN13TMC2208Driver11pdn_disableEb
                0x08009ee4       0x24 ./Core/Src/TMC2208Driver.o
                0x08009ee4                TMC2208Driver::pdn_disable(bool)
 .text._ZN13TMC2208Driver16mstep_reg_selectEb
                0x08009f08       0x24 ./Core/Src/TMC2208Driver.o
                0x08009f08                TMC2208Driver::mstep_reg_select(bool)
 .text._ZN13TMC2208Driver14multistep_filtEb
                0x08009f2c       0x24 ./Core/Src/TMC2208Driver.o
                0x08009f2c                TMC2208Driver::multistep_filt(bool)
 .text._ZN13TMC2208Driver4mresEh
                0x08009f50       0x2a ./Core/Src/TMC2208Driver.o
                0x08009f50                TMC2208Driver::mres(unsigned char)
 .text._ZN13TMC2208Driver5dedgeEb
                0x08009f7a       0x24 ./Core/Src/TMC2208Driver.o
                0x08009f7a                TMC2208Driver::dedge(bool)
 .text._ZN13TMC2208Driver8tpwmthrsEt
                0x08009f9e       0x40 ./Core/Src/TMC2208Driver.o
                0x08009f9e                TMC2208Driver::tpwmthrs(unsigned short)
 *fill*         0x08009fde        0x2 
 .text._ZN13TMC2208DriverC2EP20__UART_HandleTypeDef
                0x08009fe0       0x68 ./Core/Src/TMC2208Driver.o
                0x08009fe0                TMC2208Driver::TMC2208Driver(__UART_HandleTypeDef*)
                0x08009fe0                TMC2208Driver::TMC2208Driver(__UART_HandleTypeDef*)
 .text._ZN13TMC2208Driver7calcCRCEPhh
                0x0800a048       0x80 ./Core/Src/TMC2208Driver.o
                0x0800a048                TMC2208Driver::calcCRC(unsigned char*, unsigned char)
 .text._ZN13TMC2208Driver5writeEhm
                0x0800a0c8       0x6a ./Core/Src/TMC2208Driver.o
                0x0800a0c8                TMC2208Driver::write(unsigned char, unsigned long)
 .text._ZN13TMC2208Driver10writeGCONFEv
                0x0800a132       0x24 ./Core/Src/TMC2208Driver.o
                0x0800a132                TMC2208Driver::writeGCONF()
 .text._ZN13TMC2208Driver13writeCHOPCONFEv
                0x0800a156       0x20 ./Core/Src/TMC2208Driver.o
                0x0800a156                TMC2208Driver::writeCHOPCONF()
 .text._ZN13TMC2208Driver12writePWMCONFEv
                0x0800a176       0x20 ./Core/Src/TMC2208Driver.o
                0x0800a176                TMC2208Driver::writePWMCONF()
 .text._ZN13TMC2208Driver13writeTPWMTHRSEv
                0x0800a196       0x20 ./Core/Src/TMC2208Driver.o
                0x0800a196                TMC2208Driver::writeTPWMTHRS()
 .text._ZN13TMC2208Driver4pushEv
                0x0800a1b6       0x28 ./Core/Src/TMC2208Driver.o
                0x0800a1b6                TMC2208Driver::push()
 *fill*         0x0800a1de        0x2 
 .text.MX_TMC2208_Init
                0x0800a1e0       0xa4 ./Core/Src/TMC2208Driver.o
                0x0800a1e0                MX_TMC2208_Init
 .text._ZNK6Logger6handleEv
                0x0800a284       0x18 ./Core/Src/callbacks.o
                0x0800a284                Logger::handle() const
 .text._ZNK4Comm6handleEv
                0x0800a29c       0x18 ./Core/Src/callbacks.o
                0x0800a29c                Comm::handle() const
 .text._ZN4Comm10on_tx_cpltEv
                0x0800a2b4       0x1c ./Core/Src/callbacks.o
                0x0800a2b4                Comm::on_tx_cplt()
 .text.HAL_UART_TxCpltCallback
                0x0800a2d0       0x64 ./Core/Src/callbacks.o
                0x0800a2d0                HAL_UART_TxCpltCallback
 .text.vApplicationGetIdleTaskMemory
                0x0800a334       0x34 ./Core/Src/freertos.o
                0x0800a334                vApplicationGetIdleTaskMemory
 .text.vApplicationGetTimerTaskMemory
                0x0800a368       0x34 ./Core/Src/freertos.o
                0x0800a368                vApplicationGetTimerTaskMemory
 .text.main     0x0800a39c       0xfc ./Core/Src/main.o
                0x0800a39c                main
 .text.SystemClock_Config
                0x0800a498       0xe4 ./Core/Src/main.o
                0x0800a498                SystemClock_Config
 .text.MX_I2C1_Init
                0x0800a57c       0x5c ./Core/Src/main.o
 .text.MX_TIM1_Init
                0x0800a5d8      0x154 ./Core/Src/main.o
 .text.MX_TIM2_Init
                0x0800a72c       0xb0 ./Core/Src/main.o
 .text.MX_TIM3_Init
                0x0800a7dc       0xec ./Core/Src/main.o
 .text.MX_TIM4_Init
                0x0800a8c8      0x100 ./Core/Src/main.o
 .text.MX_TIM5_Init
                0x0800a9c8       0x9c ./Core/Src/main.o
 .text.MX_TIM7_Init
                0x0800aa64       0x6c ./Core/Src/main.o
 .text.MX_TIM9_Init
                0x0800aad0       0xd8 ./Core/Src/main.o
 .text.MX_TIM10_Init
                0x0800aba8       0x48 ./Core/Src/main.o
 .text.MX_TIM12_Init
                0x0800abf0       0xd0 ./Core/Src/main.o
 .text.MX_TIM13_Init
                0x0800acc0       0x48 ./Core/Src/main.o
 .text.MX_TIM14_Init
                0x0800ad08       0x48 ./Core/Src/main.o
 .text.MX_USART1_UART_Init
                0x0800ad50       0x54 ./Core/Src/main.o
 .text.MX_USART2_UART_Init
                0x0800ada4       0x54 ./Core/Src/main.o
 .text.MX_USART3_UART_Init
                0x0800adf8       0x54 ./Core/Src/main.o
 .text.MX_USART6_UART_Init
                0x0800ae4c       0x54 ./Core/Src/main.o
 .text.MX_DMA_Init
                0x0800aea0       0x40 ./Core/Src/main.o
 .text.MX_GPIO_Init
                0x0800aee0      0x268 ./Core/Src/main.o
 .text.configureTimerForRunTimeStats
                0x0800b148       0x14 ./Core/Src/main.o
                0x0800b148                configureTimerForRunTimeStats
 .text.getRunTimeCounterValue
                0x0800b15c       0x18 ./Core/Src/main.o
                0x0800b15c                getRunTimeCounterValue
 .text.HAL_GPIO_EXTI_Callback
                0x0800b174       0x34 ./Core/Src/main.o
                0x0800b174                HAL_GPIO_EXTI_Callback
 .text.HAL_TIM_OC_DelayElapsedCallback
                0x0800b1a8       0x38 ./Core/Src/main.o
                0x0800b1a8                HAL_TIM_OC_DelayElapsedCallback
 .text.StartDefaultTask
                0x0800b1e0       0x48 ./Core/Src/main.o
                0x0800b1e0                StartDefaultTask
 .text.HAL_TIM_PeriodElapsedCallback
                0x0800b228       0x6c ./Core/Src/main.o
                0x0800b228                HAL_TIM_PeriodElapsedCallback
 .text.Error_Handler
                0x0800b294        0xc ./Core/Src/main.o
                0x0800b294                Error_Handler
 .text.crc32_update
                0x0800b2a0       0x74 ./Core/Src/nvm.o
 .text.crc32_block
                0x0800b314       0x1e ./Core/Src/nvm.o
 *fill*         0x0800b332        0x2 
 .text.nvm_load
                0x0800b334       0x7c ./Core/Src/nvm.o
                0x0800b334                nvm_load
 .text.nvm_defaults
                0x0800b3b0       0x94 ./Core/Src/nvm.o
                0x0800b3b0                nvm_defaults
 .text.nvm_save
                0x0800b444       0xe8 ./Core/Src/nvm.o
                0x0800b444                nvm_save
 .text.HAL_MspInit
                0x0800b52c       0x58 ./Core/Src/stm32f4xx_hal_msp.o
                0x0800b52c                HAL_MspInit
 .text.HAL_I2C_MspInit
                0x0800b584       0x90 ./Core/Src/stm32f4xx_hal_msp.o
                0x0800b584                HAL_I2C_MspInit
 .text.HAL_I2C_MspDeInit
                0x0800b614       0x48 ./Core/Src/stm32f4xx_hal_msp.o
                0x0800b614                HAL_I2C_MspDeInit
 .text.HAL_TIM_Base_MspInit
                0x0800b65c      0x2a4 ./Core/Src/stm32f4xx_hal_msp.o
                0x0800b65c                HAL_TIM_Base_MspInit
 .text.HAL_TIM_MspPostInit
                0x0800b900      0x164 ./Core/Src/stm32f4xx_hal_msp.o
                0x0800b900                HAL_TIM_MspPostInit
 .text.HAL_UART_MspInit
                0x0800ba64      0x25c ./Core/Src/stm32f4xx_hal_msp.o
                0x0800ba64                HAL_UART_MspInit
 .text.HAL_InitTick
                0x0800bcc0       0xf8 ./Core/Src/stm32f4xx_hal_timebase_tim.o
                0x0800bcc0                HAL_InitTick
 .text.NMI_Handler
                0x0800bdb8        0x8 ./Core/Src/stm32f4xx_it.o
                0x0800bdb8                NMI_Handler
 .text.HardFault_Handler
                0x0800bdc0        0x8 ./Core/Src/stm32f4xx_it.o
                0x0800bdc0                HardFault_Handler
 .text.MemManage_Handler
                0x0800bdc8        0x8 ./Core/Src/stm32f4xx_it.o
                0x0800bdc8                MemManage_Handler
 .text.BusFault_Handler
                0x0800bdd0        0x8 ./Core/Src/stm32f4xx_it.o
                0x0800bdd0                BusFault_Handler
 .text.UsageFault_Handler
                0x0800bdd8        0x8 ./Core/Src/stm32f4xx_it.o
                0x0800bdd8                UsageFault_Handler
 .text.DebugMon_Handler
                0x0800bde0        0xe ./Core/Src/stm32f4xx_it.o
                0x0800bde0                DebugMon_Handler
 .text.EXTI9_5_IRQHandler
                0x0800bdee       0x1e ./Core/Src/stm32f4xx_it.o
                0x0800bdee                EXTI9_5_IRQHandler
 .text.TIM1_BRK_TIM9_IRQHandler
                0x0800be0c       0x1c ./Core/Src/stm32f4xx_it.o
                0x0800be0c                TIM1_BRK_TIM9_IRQHandler
 .text.TIM1_UP_TIM10_IRQHandler
                0x0800be28       0x1c ./Core/Src/stm32f4xx_it.o
                0x0800be28                TIM1_UP_TIM10_IRQHandler
 .text.TIM2_IRQHandler
                0x0800be44       0x14 ./Core/Src/stm32f4xx_it.o
                0x0800be44                TIM2_IRQHandler
 .text.TIM3_IRQHandler
                0x0800be58       0x14 ./Core/Src/stm32f4xx_it.o
                0x0800be58                TIM3_IRQHandler
 .text.TIM4_IRQHandler
                0x0800be6c       0x14 ./Core/Src/stm32f4xx_it.o
                0x0800be6c                TIM4_IRQHandler
 .text.USART1_IRQHandler
                0x0800be80       0x14 ./Core/Src/stm32f4xx_it.o
                0x0800be80                USART1_IRQHandler
 .text.USART2_IRQHandler
                0x0800be94       0x14 ./Core/Src/stm32f4xx_it.o
                0x0800be94                USART2_IRQHandler
 .text.EXTI15_10_IRQHandler
                0x0800bea8       0x30 ./Core/Src/stm32f4xx_it.o
                0x0800bea8                EXTI15_10_IRQHandler
 .text.TIM8_BRK_TIM12_IRQHandler
                0x0800bed8       0x14 ./Core/Src/stm32f4xx_it.o
                0x0800bed8                TIM8_BRK_TIM12_IRQHandler
 .text.TIM8_UP_TIM13_IRQHandler
                0x0800beec       0x14 ./Core/Src/stm32f4xx_it.o
                0x0800beec                TIM8_UP_TIM13_IRQHandler
 .text.TIM8_TRG_COM_TIM14_IRQHandler
                0x0800bf00       0x14 ./Core/Src/stm32f4xx_it.o
                0x0800bf00                TIM8_TRG_COM_TIM14_IRQHandler
 .text.TIM6_DAC_IRQHandler
                0x0800bf14       0x14 ./Core/Src/stm32f4xx_it.o
                0x0800bf14                TIM6_DAC_IRQHandler
 .text.TIM7_IRQHandler
                0x0800bf28       0x14 ./Core/Src/stm32f4xx_it.o
                0x0800bf28                TIM7_IRQHandler
 .text.DMA2_Stream7_IRQHandler
                0x0800bf3c       0x14 ./Core/Src/stm32f4xx_it.o
                0x0800bf3c                DMA2_Stream7_IRQHandler
 .text._getpid  0x0800bf50       0x10 ./Core/Src/syscalls.o
                0x0800bf50                _getpid
 .text._kill    0x0800bf60       0x20 ./Core/Src/syscalls.o
                0x0800bf60                _kill
 .text._exit    0x0800bf80       0x16 ./Core/Src/syscalls.o
                0x0800bf80                _exit
 .text._read    0x0800bf96       0x3a ./Core/Src/syscalls.o
                0x0800bf96                _read
 .text._write   0x0800bfd0       0x38 ./Core/Src/syscalls.o
                0x0800bfd0                _write
 .text._close   0x0800c008       0x18 ./Core/Src/syscalls.o
                0x0800c008                _close
 .text._fstat   0x0800c020       0x20 ./Core/Src/syscalls.o
                0x0800c020                _fstat
 .text._isatty  0x0800c040       0x16 ./Core/Src/syscalls.o
                0x0800c040                _isatty
 .text._lseek   0x0800c056       0x1a ./Core/Src/syscalls.o
                0x0800c056                _lseek
 .text._sbrk    0x0800c070       0x6c ./Core/Src/sysmem.o
                0x0800c070                _sbrk
 .text.SystemInit
                0x0800c0dc       0x24 ./Core/Src/system_stm32f4xx.o
                0x0800c0dc                SystemInit
 .text.Reset_Handler
                0x0800c100       0x50 ./Core/Startup/startup_stm32f446zetx.o
                0x0800c100                Reset_Handler
 .text.Default_Handler
                0x0800c150        0x2 ./Core/Startup/startup_stm32f446zetx.o
                0x0800c150                RTC_Alarm_IRQHandler
                0x0800c150                EXTI2_IRQHandler
                0x0800c150                TIM8_CC_IRQHandler
                0x0800c150                FMPI2C1_EV_IRQHandler
                0x0800c150                SPI4_IRQHandler
                0x0800c150                TIM1_CC_IRQHandler
                0x0800c150                DMA2_Stream5_IRQHandler
                0x0800c150                DMA1_Stream5_IRQHandler
                0x0800c150                PVD_IRQHandler
                0x0800c150                SDIO_IRQHandler
                0x0800c150                TAMP_STAMP_IRQHandler
                0x0800c150                CAN2_RX1_IRQHandler
                0x0800c150                EXTI3_IRQHandler
                0x0800c150                I2C3_ER_IRQHandler
                0x0800c150                EXTI0_IRQHandler
                0x0800c150                I2C2_EV_IRQHandler
                0x0800c150                DMA1_Stream2_IRQHandler
                0x0800c150                CAN1_RX0_IRQHandler
                0x0800c150                FPU_IRQHandler
                0x0800c150                OTG_HS_WKUP_IRQHandler
                0x0800c150                CAN2_SCE_IRQHandler
                0x0800c150                DMA2_Stream2_IRQHandler
                0x0800c150                SPI1_IRQHandler
                0x0800c150                DCMI_IRQHandler
                0x0800c150                CAN2_RX0_IRQHandler
                0x0800c150                DMA2_Stream3_IRQHandler
                0x0800c150                SAI2_IRQHandler
                0x0800c150                USART6_IRQHandler
                0x0800c150                USART3_IRQHandler
                0x0800c150                CAN1_RX1_IRQHandler
                0x0800c150                UART5_IRQHandler
                0x0800c150                DMA2_Stream0_IRQHandler
                0x0800c150                QUADSPI_IRQHandler
                0x0800c150                I2C1_EV_IRQHandler
                0x0800c150                DMA1_Stream6_IRQHandler
                0x0800c150                DMA1_Stream1_IRQHandler
                0x0800c150                UART4_IRQHandler
                0x0800c150                RCC_IRQHandler
                0x0800c150                Default_Handler
                0x0800c150                CEC_IRQHandler
                0x0800c150                ADC_IRQHandler
                0x0800c150                DMA1_Stream7_IRQHandler
                0x0800c150                CAN2_TX_IRQHandler
                0x0800c150                TIM5_IRQHandler
                0x0800c150                I2C3_EV_IRQHandler
                0x0800c150                RTC_WKUP_IRQHandler
                0x0800c150                SPDIF_RX_IRQHandler
                0x0800c150                SPI2_IRQHandler
                0x0800c150                OTG_HS_EP1_IN_IRQHandler
                0x0800c150                DMA1_Stream0_IRQHandler
                0x0800c150                CAN1_TX_IRQHandler
                0x0800c150                FMPI2C1_ER_IRQHandler
                0x0800c150                EXTI4_IRQHandler
                0x0800c150                OTG_HS_EP1_OUT_IRQHandler
                0x0800c150                WWDG_IRQHandler
                0x0800c150                OTG_FS_WKUP_IRQHandler
                0x0800c150                TIM1_TRG_COM_TIM11_IRQHandler
                0x0800c150                OTG_HS_IRQHandler
                0x0800c150                EXTI1_IRQHandler
                0x0800c150                I2C2_ER_IRQHandler
                0x0800c150                DMA2_Stream1_IRQHandler
                0x0800c150                CAN1_SCE_IRQHandler
                0x0800c150                FLASH_IRQHandler
                0x0800c150                DMA2_Stream4_IRQHandler
                0x0800c150                OTG_FS_IRQHandler
                0x0800c150                SPI3_IRQHandler
                0x0800c150                DMA1_Stream4_IRQHandler
                0x0800c150                I2C1_ER_IRQHandler
                0x0800c150                FMC_IRQHandler
                0x0800c150                DMA2_Stream6_IRQHandler
                0x0800c150                SAI1_IRQHandler
                0x0800c150                DMA1_Stream3_IRQHandler
 *fill*         0x0800c152        0x2 
 .text.HAL_Init
                0x0800c154       0x44 ./Drivers/STM32F4xx_HAL_Driver/Src/stm32f4xx_hal.o
                0x0800c154                HAL_Init
 .text.HAL_IncTick
                0x0800c198       0x28 ./Drivers/STM32F4xx_HAL_Driver/Src/stm32f4xx_hal.o
                0x0800c198                HAL_IncTick
 .text.HAL_GetTick
                0x0800c1c0       0x18 ./Drivers/STM32F4xx_HAL_Driver/Src/stm32f4xx_hal.o
                0x0800c1c0                HAL_GetTick
 .text.__NVIC_SetPriorityGrouping
                0x0800c1d8       0x48 ./Drivers/STM32F4xx_HAL_Driver/Src/stm32f4xx_hal_cortex.o
 .text.__NVIC_GetPriorityGrouping
                0x0800c220       0x1c ./Drivers/STM32F4xx_HAL_Driver/Src/stm32f4xx_hal_cortex.o
 .text.__NVIC_EnableIRQ
                0x0800c23c       0x3c ./Drivers/STM32F4xx_HAL_Driver/Src/stm32f4xx_hal_cortex.o
 .text.__NVIC_DisableIRQ
                0x0800c278       0x48 ./Drivers/STM32F4xx_HAL_Driver/Src/stm32f4xx_hal_cortex.o
 .text.__NVIC_SetPriority
                0x0800c2c0       0x54 ./Drivers/STM32F4xx_HAL_Driver/Src/stm32f4xx_hal_cortex.o
 .text.NVIC_EncodePriority
                0x0800c314       0x66 ./Drivers/STM32F4xx_HAL_Driver/Src/stm32f4xx_hal_cortex.o
 .text.HAL_NVIC_SetPriorityGrouping
                0x0800c37a       0x16 ./Drivers/STM32F4xx_HAL_Driver/Src/stm32f4xx_hal_cortex.o
                0x0800c37a                HAL_NVIC_SetPriorityGrouping
 .text.HAL_NVIC_SetPriority
                0x0800c390       0x38 ./Drivers/STM32F4xx_HAL_Driver/Src/stm32f4xx_hal_cortex.o
                0x0800c390                HAL_NVIC_SetPriority
 .text.HAL_NVIC_EnableIRQ
                0x0800c3c8       0x1c ./Drivers/STM32F4xx_HAL_Driver/Src/stm32f4xx_hal_cortex.o
                0x0800c3c8                HAL_NVIC_EnableIRQ
 .text.HAL_NVIC_DisableIRQ
                0x0800c3e4       0x1c ./Drivers/STM32F4xx_HAL_Driver/Src/stm32f4xx_hal_cortex.o
                0x0800c3e4                HAL_NVIC_DisableIRQ
 .text.HAL_DMA_Init
                0x0800c400      0x15c ./Drivers/STM32F4xx_HAL_Driver/Src/stm32f4xx_hal_dma.o
                0x0800c400                HAL_DMA_Init
 .text.HAL_DMA_Start_IT
                0x0800c55c       0xb0 ./Drivers/STM32F4xx_HAL_Driver/Src/stm32f4xx_hal_dma.o
                0x0800c55c                HAL_DMA_Start_IT
 .text.HAL_DMA_Abort
                0x0800c60c       0xe0 ./Drivers/STM32F4xx_HAL_Driver/Src/stm32f4xx_hal_dma.o
                0x0800c60c                HAL_DMA_Abort
 .text.HAL_DMA_Abort_IT
                0x0800c6ec       0x44 ./Drivers/STM32F4xx_HAL_Driver/Src/stm32f4xx_hal_dma.o
                0x0800c6ec                HAL_DMA_Abort_IT
 .text.HAL_DMA_IRQHandler
                0x0800c730      0x314 ./Drivers/STM32F4xx_HAL_Driver/Src/stm32f4xx_hal_dma.o
                0x0800c730                HAL_DMA_IRQHandler
 .text.DMA_SetConfig
                0x0800ca44       0x5c ./Drivers/STM32F4xx_HAL_Driver/Src/stm32f4xx_hal_dma.o
 .text.DMA_CalcBaseAndBitshift
                0x0800caa0       0x6c ./Drivers/STM32F4xx_HAL_Driver/Src/stm32f4xx_hal_dma.o
 .text.DMA_CheckFifoParam
                0x0800cb0c       0xf8 ./Drivers/STM32F4xx_HAL_Driver/Src/stm32f4xx_hal_dma.o
 .text.HAL_FLASH_Program
                0x0800cc04       0xa4 ./Drivers/STM32F4xx_HAL_Driver/Src/stm32f4xx_hal_flash.o
                0x0800cc04                HAL_FLASH_Program
 .text.HAL_FLASH_Unlock
                0x0800cca8       0x44 ./Drivers/STM32F4xx_HAL_Driver/Src/stm32f4xx_hal_flash.o
                0x0800cca8                HAL_FLASH_Unlock
 .text.HAL_FLASH_Lock
                0x0800ccec       0x20 ./Drivers/STM32F4xx_HAL_Driver/Src/stm32f4xx_hal_flash.o
                0x0800ccec                HAL_FLASH_Lock
 .text.FLASH_WaitForLastOperation
                0x0800cd0c       0x80 ./Drivers/STM32F4xx_HAL_Driver/Src/stm32f4xx_hal_flash.o
                0x0800cd0c                FLASH_WaitForLastOperation
 .text.FLASH_Program_DoubleWord
                0x0800cd8c       0x64 ./Drivers/STM32F4xx_HAL_Driver/Src/stm32f4xx_hal_flash.o
 .text.FLASH_Program_Word
                0x0800cdf0       0x44 ./Drivers/STM32F4xx_HAL_Driver/Src/stm32f4xx_hal_flash.o
 .text.FLASH_Program_HalfWord
                0x0800ce34       0x48 ./Drivers/STM32F4xx_HAL_Driver/Src/stm32f4xx_hal_flash.o
 .text.FLASH_Program_Byte
                0x0800ce7c       0x44 ./Drivers/STM32F4xx_HAL_Driver/Src/stm32f4xx_hal_flash.o
 .text.FLASH_SetErrorCode
                0x0800cec0       0xcc ./Drivers/STM32F4xx_HAL_Driver/Src/stm32f4xx_hal_flash.o
 .text.HAL_FLASHEx_Erase
                0x0800cf8c       0xdc ./Drivers/STM32F4xx_HAL_Driver/Src/stm32f4xx_hal_flash_ex.o
                0x0800cf8c                HAL_FLASHEx_Erase
 .text.FLASH_MassErase
                0x0800d068       0x48 ./Drivers/STM32F4xx_HAL_Driver/Src/stm32f4xx_hal_flash_ex.o
 .text.FLASH_Erase_Sector
                0x0800d0b0       0x90 ./Drivers/STM32F4xx_HAL_Driver/Src/stm32f4xx_hal_flash_ex.o
                0x0800d0b0                FLASH_Erase_Sector
 .text.FLASH_FlushCaches
                0x0800d140       0x8c ./Drivers/STM32F4xx_HAL_Driver/Src/stm32f4xx_hal_flash_ex.o
                0x0800d140                FLASH_FlushCaches
 .text.HAL_GPIO_Init
                0x0800d1cc      0x328 ./Drivers/STM32F4xx_HAL_Driver/Src/stm32f4xx_hal_gpio.o
                0x0800d1cc                HAL_GPIO_Init
 .text.HAL_GPIO_DeInit
                0x0800d4f4      0x1e8 ./Drivers/STM32F4xx_HAL_Driver/Src/stm32f4xx_hal_gpio.o
                0x0800d4f4                HAL_GPIO_DeInit
 .text.HAL_GPIO_ReadPin
                0x0800d6dc       0x30 ./Drivers/STM32F4xx_HAL_Driver/Src/stm32f4xx_hal_gpio.o
                0x0800d6dc                HAL_GPIO_ReadPin
 .text.HAL_GPIO_WritePin
                0x0800d70c       0x32 ./Drivers/STM32F4xx_HAL_Driver/Src/stm32f4xx_hal_gpio.o
                0x0800d70c                HAL_GPIO_WritePin
 .text.HAL_GPIO_TogglePin
                0x0800d73e       0x34 ./Drivers/STM32F4xx_HAL_Driver/Src/stm32f4xx_hal_gpio.o
                0x0800d73e                HAL_GPIO_TogglePin
 *fill*         0x0800d772        0x2 
 .text.HAL_GPIO_EXTI_IRQHandler
                0x0800d774       0x30 ./Drivers/STM32F4xx_HAL_Driver/Src/stm32f4xx_hal_gpio.o
                0x0800d774                HAL_GPIO_EXTI_IRQHandler
 .text.HAL_I2C_Init
                0x0800d7a4      0x288 ./Drivers/STM32F4xx_HAL_Driver/Src/stm32f4xx_hal_i2c.o
                0x0800d7a4                HAL_I2C_Init
 .text.HAL_I2C_DeInit
                0x0800da2c       0x5e ./Drivers/STM32F4xx_HAL_Driver/Src/stm32f4xx_hal_i2c.o
                0x0800da2c                HAL_I2C_DeInit
 *fill*         0x0800da8a        0x2 
 .text.HAL_I2C_Master_Receive
                0x0800da8c      0x464 ./Drivers/STM32F4xx_HAL_Driver/Src/stm32f4xx_hal_i2c.o
                0x0800da8c                HAL_I2C_Master_Receive
 .text.I2C_MasterRequestRead
                0x0800def0      0x19c ./Drivers/STM32F4xx_HAL_Driver/Src/stm32f4xx_hal_i2c.o
 .text.I2C_WaitOnFlagUntilTimeout
                0x0800e08c       0xf4 ./Drivers/STM32F4xx_HAL_Driver/Src/stm32f4xx_hal_i2c.o
 .text.I2C_WaitOnMasterAddressFlagUntilTimeout
                0x0800e180      0x140 ./Drivers/STM32F4xx_HAL_Driver/Src/stm32f4xx_hal_i2c.o
 .text.I2C_WaitOnRXNEFlagUntilTimeout
                0x0800e2c0       0xba ./Drivers/STM32F4xx_HAL_Driver/Src/stm32f4xx_hal_i2c.o
 *fill*         0x0800e37a        0x2 
 .text.HAL_PWREx_EnableOverDrive
                0x0800e37c       0xa0 ./Drivers/STM32F4xx_HAL_Driver/Src/stm32f4xx_hal_pwr_ex.o
                0x0800e37c                HAL_PWREx_EnableOverDrive
 .text.HAL_RCC_ClockConfig
                0x0800e41c      0x1cc ./Drivers/STM32F4xx_HAL_Driver/Src/stm32f4xx_hal_rcc.o
                0x0800e41c                HAL_RCC_ClockConfig
 .text.HAL_RCC_GetHCLKFreq
                0x0800e5e8       0x18 ./Drivers/STM32F4xx_HAL_Driver/Src/stm32f4xx_hal_rcc.o
                0x0800e5e8                HAL_RCC_GetHCLKFreq
 .text.HAL_RCC_GetPCLK1Freq
                0x0800e600       0x28 ./Drivers/STM32F4xx_HAL_Driver/Src/stm32f4xx_hal_rcc.o
                0x0800e600                HAL_RCC_GetPCLK1Freq
 .text.HAL_RCC_GetPCLK2Freq
                0x0800e628       0x28 ./Drivers/STM32F4xx_HAL_Driver/Src/stm32f4xx_hal_rcc.o
                0x0800e628                HAL_RCC_GetPCLK2Freq
 .text.HAL_RCC_GetClockConfig
                0x0800e650       0x64 ./Drivers/STM32F4xx_HAL_Driver/Src/stm32f4xx_hal_rcc.o
                0x0800e650                HAL_RCC_GetClockConfig
 .text.HAL_RCC_GetSysClockFreq
                0x0800e6b4      0x354 ./Drivers/STM32F4xx_HAL_Driver/Src/stm32f4xx_hal_rcc_ex.o
                0x0800e6b4                HAL_RCC_GetSysClockFreq
 .text.HAL_RCC_OscConfig
                0x0800ea08      0x53c ./Drivers/STM32F4xx_HAL_Driver/Src/stm32f4xx_hal_rcc_ex.o
                0x0800ea08                HAL_RCC_OscConfig
 .text.HAL_TIM_Base_Init
                0x0800ef44       0x9e ./Drivers/STM32F4xx_HAL_Driver/Src/stm32f4xx_hal_tim.o
                0x0800ef44                HAL_TIM_Base_Init
 *fill*         0x0800efe2        0x2 
 .text.HAL_TIM_Base_Start
                0x0800efe4       0xd0 ./Drivers/STM32F4xx_HAL_Driver/Src/stm32f4xx_hal_tim.o
                0x0800efe4                HAL_TIM_Base_Start
 .text.HAL_TIM_Base_Start_IT
                0x0800f0b4       0xe0 ./Drivers/STM32F4xx_HAL_Driver/Src/stm32f4xx_hal_tim.o
                0x0800f0b4                HAL_TIM_Base_Start_IT
 .text.HAL_TIM_Base_Stop_IT
                0x0800f194       0x5e ./Drivers/STM32F4xx_HAL_Driver/Src/stm32f4xx_hal_tim.o
                0x0800f194                HAL_TIM_Base_Stop_IT
 .text.HAL_TIM_OC_Init
                0x0800f1f2       0x9e ./Drivers/STM32F4xx_HAL_Driver/Src/stm32f4xx_hal_tim.o
                0x0800f1f2                HAL_TIM_OC_Init
 .text.HAL_TIM_OC_MspInit
                0x0800f290       0x14 ./Drivers/STM32F4xx_HAL_Driver/Src/stm32f4xx_hal_tim.o
                0x0800f290                HAL_TIM_OC_MspInit
 .text.HAL_TIM_OC_Stop_IT
                0x0800f2a4      0x17c ./Drivers/STM32F4xx_HAL_Driver/Src/stm32f4xx_hal_tim.o
                0x0800f2a4                HAL_TIM_OC_Stop_IT
 .text.HAL_TIM_PWM_Init
                0x0800f420       0x9e ./Drivers/STM32F4xx_HAL_Driver/Src/stm32f4xx_hal_tim.o
                0x0800f420                HAL_TIM_PWM_Init
 .text.HAL_TIM_PWM_MspInit
                0x0800f4be       0x14 ./Drivers/STM32F4xx_HAL_Driver/Src/stm32f4xx_hal_tim.o
                0x0800f4be                HAL_TIM_PWM_MspInit
 *fill*         0x0800f4d2        0x2 
 .text.HAL_TIM_PWM_Start
                0x0800f4d4      0x190 ./Drivers/STM32F4xx_HAL_Driver/Src/stm32f4xx_hal_tim.o
                0x0800f4d4                HAL_TIM_PWM_Start
 .text.HAL_TIM_OnePulse_Init
                0x0800f664       0xa0 ./Drivers/STM32F4xx_HAL_Driver/Src/stm32f4xx_hal_tim.o
                0x0800f664                HAL_TIM_OnePulse_Init
 .text.HAL_TIM_OnePulse_MspInit
                0x0800f704       0x14 ./Drivers/STM32F4xx_HAL_Driver/Src/stm32f4xx_hal_tim.o
                0x0800f704                HAL_TIM_OnePulse_MspInit
 .text.HAL_TIM_OnePulse_Start
                0x0800f718       0xc4 ./Drivers/STM32F4xx_HAL_Driver/Src/stm32f4xx_hal_tim.o
                0x0800f718                HAL_TIM_OnePulse_Start
 .text.HAL_TIM_IRQHandler
                0x0800f7dc      0x1e0 ./Drivers/STM32F4xx_HAL_Driver/Src/stm32f4xx_hal_tim.o
                0x0800f7dc                HAL_TIM_IRQHandler
 .text.HAL_TIM_OC_ConfigChannel
                0x0800f9bc       0xb8 ./Drivers/STM32F4xx_HAL_Driver/Src/stm32f4xx_hal_tim.o
                0x0800f9bc                HAL_TIM_OC_ConfigChannel
 .text.HAL_TIM_PWM_ConfigChannel
                0x0800fa74      0x184 ./Drivers/STM32F4xx_HAL_Driver/Src/stm32f4xx_hal_tim.o
                0x0800fa74                HAL_TIM_PWM_ConfigChannel
 .text.HAL_TIM_ConfigClockSource
                0x0800fbf8      0x18e ./Drivers/STM32F4xx_HAL_Driver/Src/stm32f4xx_hal_tim.o
                0x0800fbf8                HAL_TIM_ConfigClockSource
 .text.HAL_TIM_IC_CaptureCallback
                0x0800fd86       0x14 ./Drivers/STM32F4xx_HAL_Driver/Src/stm32f4xx_hal_tim.o
                0x0800fd86                HAL_TIM_IC_CaptureCallback
 .text.HAL_TIM_PWM_PulseFinishedCallback
                0x0800fd9a       0x14 ./Drivers/STM32F4xx_HAL_Driver/Src/stm32f4xx_hal_tim.o
                0x0800fd9a                HAL_TIM_PWM_PulseFinishedCallback
 .text.HAL_TIM_TriggerCallback
                0x0800fdae       0x14 ./Drivers/STM32F4xx_HAL_Driver/Src/stm32f4xx_hal_tim.o
                0x0800fdae                HAL_TIM_TriggerCallback
 *fill*         0x0800fdc2        0x2 
 .text.TIM_Base_SetConfig
                0x0800fdc4      0x14c ./Drivers/STM32F4xx_HAL_Driver/Src/stm32f4xx_hal_tim.o
                0x0800fdc4                TIM_Base_SetConfig
 .text.TIM_OC1_SetConfig
                0x0800ff10       0xe0 ./Drivers/STM32F4xx_HAL_Driver/Src/stm32f4xx_hal_tim.o
 .text.TIM_OC2_SetConfig
                0x0800fff0       0xec ./Drivers/STM32F4xx_HAL_Driver/Src/stm32f4xx_hal_tim.o
                0x0800fff0                TIM_OC2_SetConfig
 .text.TIM_OC3_SetConfig
                0x080100dc       0xe8 ./Drivers/STM32F4xx_HAL_Driver/Src/stm32f4xx_hal_tim.o
 .text.TIM_OC4_SetConfig
                0x080101c4       0xac ./Drivers/STM32F4xx_HAL_Driver/Src/stm32f4xx_hal_tim.o
 .text.TIM_TI1_ConfigInputStage
                0x08010270       0x5e ./Drivers/STM32F4xx_HAL_Driver/Src/stm32f4xx_hal_tim.o
 .text.TIM_TI2_ConfigInputStage
                0x080102ce       0x60 ./Drivers/STM32F4xx_HAL_Driver/Src/stm32f4xx_hal_tim.o
 .text.TIM_ITRx_SetConfig
                0x0801032e       0x36 ./Drivers/STM32F4xx_HAL_Driver/Src/stm32f4xx_hal_tim.o
 .text.TIM_ETR_SetConfig
                0x08010364       0x40 ./Drivers/STM32F4xx_HAL_Driver/Src/stm32f4xx_hal_tim.o
                0x08010364                TIM_ETR_SetConfig
 .text.TIM_CCxChannelCmd
                0x080103a4       0x4a ./Drivers/STM32F4xx_HAL_Driver/Src/stm32f4xx_hal_tim.o
                0x080103a4                TIM_CCxChannelCmd
 *fill*         0x080103ee        0x2 
 .text.HAL_TIMEx_MasterConfigSynchronization
                0x080103f0       0xf8 ./Drivers/STM32F4xx_HAL_Driver/Src/stm32f4xx_hal_tim_ex.o
                0x080103f0                HAL_TIMEx_MasterConfigSynchronization
 .text.HAL_TIMEx_ConfigBreakDeadTime
                0x080104e8       0xa4 ./Drivers/STM32F4xx_HAL_Driver/Src/stm32f4xx_hal_tim_ex.o
                0x080104e8                HAL_TIMEx_ConfigBreakDeadTime
 .text.HAL_TIMEx_CommutCallback
                0x0801058c       0x14 ./Drivers/STM32F4xx_HAL_Driver/Src/stm32f4xx_hal_tim_ex.o
                0x0801058c                HAL_TIMEx_CommutCallback
 .text.HAL_TIMEx_BreakCallback
                0x080105a0       0x14 ./Drivers/STM32F4xx_HAL_Driver/Src/stm32f4xx_hal_tim_ex.o
                0x080105a0                HAL_TIMEx_BreakCallback
 .text.HAL_UART_Init
                0x080105b4       0xa0 ./Drivers/STM32F4xx_HAL_Driver/Src/stm32f4xx_hal_uart.o
                0x080105b4                HAL_UART_Init
 .text.HAL_HalfDuplex_Init
                0x08010654       0xb0 ./Drivers/STM32F4xx_HAL_Driver/Src/stm32f4xx_hal_uart.o
                0x08010654                HAL_HalfDuplex_Init
 .text.HAL_UART_Transmit
                0x08010704      0x116 ./Drivers/STM32F4xx_HAL_Driver/Src/stm32f4xx_hal_uart.o
                0x08010704                HAL_UART_Transmit
 .text.HAL_UART_Receive_IT
                0x0801081a       0x4a ./Drivers/STM32F4xx_HAL_Driver/Src/stm32f4xx_hal_uart.o
                0x0801081a                HAL_UART_Receive_IT
 .text.HAL_UART_Transmit_DMA
                0x08010864       0xf8 ./Drivers/STM32F4xx_HAL_Driver/Src/stm32f4xx_hal_uart.o
                0x08010864                HAL_UART_Transmit_DMA
 .text.HAL_UART_AbortTransmit_IT
                0x0801095c       0xe8 ./Drivers/STM32F4xx_HAL_Driver/Src/stm32f4xx_hal_uart.o
                0x0801095c                HAL_UART_AbortTransmit_IT
 .text.HAL_UART_AbortReceive_IT
                0x08010a44      0x164 ./Drivers/STM32F4xx_HAL_Driver/Src/stm32f4xx_hal_uart.o
                0x08010a44                HAL_UART_AbortReceive_IT
 .text.HAL_UART_IRQHandler
                0x08010ba8      0x554 ./Drivers/STM32F4xx_HAL_Driver/Src/stm32f4xx_hal_uart.o
                0x08010ba8                HAL_UART_IRQHandler
 .text.HAL_UART_TxHalfCpltCallback
                0x080110fc       0x14 ./Drivers/STM32F4xx_HAL_Driver/Src/stm32f4xx_hal_uart.o
                0x080110fc                HAL_UART_TxHalfCpltCallback
 .text.HAL_UART_AbortTransmitCpltCallback
                0x08011110       0x14 ./Drivers/STM32F4xx_HAL_Driver/Src/stm32f4xx_hal_uart.o
                0x08011110                HAL_UART_AbortTransmitCpltCallback
 .text.HAL_UART_AbortReceiveCpltCallback
                0x08011124       0x14 ./Drivers/STM32F4xx_HAL_Driver/Src/stm32f4xx_hal_uart.o
                0x08011124                HAL_UART_AbortReceiveCpltCallback
 .text.HAL_UARTEx_RxEventCallback
                0x08011138       0x18 ./Drivers/STM32F4xx_HAL_Driver/Src/stm32f4xx_hal_uart.o
                0x08011138                HAL_UARTEx_RxEventCallback
 .text.UART_DMATransmitCplt
                0x08011150       0x9a ./Drivers/STM32F4xx_HAL_Driver/Src/stm32f4xx_hal_uart.o
 .text.UART_DMATxHalfCplt
                0x080111ea       0x1c ./Drivers/STM32F4xx_HAL_Driver/Src/stm32f4xx_hal_uart.o
 .text.UART_DMAError
                0x08011206       0x94 ./Drivers/STM32F4xx_HAL_Driver/Src/stm32f4xx_hal_uart.o
 .text.UART_WaitOnFlagUntilTimeout
                0x0801129a       0xb2 ./Drivers/STM32F4xx_HAL_Driver/Src/stm32f4xx_hal_uart.o
 .text.UART_Start_Receive_IT
                0x0801134c       0x74 ./Drivers/STM32F4xx_HAL_Driver/Src/stm32f4xx_hal_uart.o
                0x0801134c                UART_Start_Receive_IT
 .text.UART_EndTxTransfer
                0x080113c0       0x50 ./Drivers/STM32F4xx_HAL_Driver/Src/stm32f4xx_hal_uart.o
 .text.UART_EndRxTransfer
                0x08011410       0xc6 ./Drivers/STM32F4xx_HAL_Driver/Src/stm32f4xx_hal_uart.o
 .text.UART_DMAAbortOnError
                0x080114d6       0x22 ./Drivers/STM32F4xx_HAL_Driver/Src/stm32f4xx_hal_uart.o
 .text.UART_DMATxOnlyAbortCallback
                0x080114f8       0x2a ./Drivers/STM32F4xx_HAL_Driver/Src/stm32f4xx_hal_uart.o
 .text.UART_DMARxOnlyAbortCallback
                0x08011522       0x30 ./Drivers/STM32F4xx_HAL_Driver/Src/stm32f4xx_hal_uart.o
 .text.UART_Transmit_IT
                0x08011552       0xa0 ./Drivers/STM32F4xx_HAL_Driver/Src/stm32f4xx_hal_uart.o
 .text.UART_EndTransmit_IT
                0x080115f2       0x30 ./Drivers/STM32F4xx_HAL_Driver/Src/stm32f4xx_hal_uart.o
 .text.UART_Receive_IT
                0x08011622      0x17c ./Drivers/STM32F4xx_HAL_Driver/Src/stm32f4xx_hal_uart.o
 *fill*         0x0801179e        0x2 
 .text.UART_SetConfig
                0x080117a0      0x4e8 ./Drivers/STM32F4xx_HAL_Driver/Src/stm32f4xx_hal_uart.o
 .text.makeFreeRtosPriority
                0x08011c88       0x30 ./Middlewares/Third_Party/FreeRTOS/Source/CMSIS_RTOS/cmsis_os.o
 .text.osKernelStart
                0x08011cb8        0xe ./Middlewares/Third_Party/FreeRTOS/Source/CMSIS_RTOS/cmsis_os.o
                0x08011cb8                osKernelStart
 .text.osThreadCreate
                0x08011cc6       0x98 ./Middlewares/Third_Party/FreeRTOS/Source/CMSIS_RTOS/cmsis_os.o
                0x08011cc6                osThreadCreate
 .text.osDelay  0x08011d5e       0x28 ./Middlewares/Third_Party/FreeRTOS/Source/CMSIS_RTOS/cmsis_os.o
                0x08011d5e                osDelay
 .text.xEventGroupCreate
                0x08011d86       0x34 ./Middlewares/Third_Party/FreeRTOS/Source/event_groups.o
                0x08011d86                xEventGroupCreate
 *fill*         0x08011dba        0x2 
 .text.xEventGroupWaitBits
                0x08011dbc      0x1a4 ./Middlewares/Third_Party/FreeRTOS/Source/event_groups.o
                0x08011dbc                xEventGroupWaitBits
 .text.xEventGroupClearBits