../Core/Inc/Stepper.h:37:19:static Stepper* Stepper::stepperX()	8	static
../Core/Inc/Stepper.h:38:19:static Stepper* Stepper::stepperY()	8	static
../Core/Inc/Stepper.h:39:19:static Stepper* Stepper::stepperZ()	8	static
../Core/Inc/Stepper.h:146:8:void Stepper::setAccelProfile(AccelProfile)	16	static
../Core/Inc/Stepper.h:150:9:void Stepper::setAccelStepsPerSec2(float)	16	static
../Core/Inc/Stepper.h:155:12:uint32_t Stepper::maxSpeedHz() const	16	static
C:\ST\STM32CubeIDE_1.18.1\STM32CubeIDE\plugins\com.st.stm32cube.ide.mcu.externaltools.gnu-tools-for-stm32.13.3.rel1.win32_1.0.0.202411081344\tools\bin/../lib/gcc/arm-none-eabi/13.3.1/../../../../arm-none-eabi/include/c++/13.3.1/bits/std_abs.h:56:3:long int std::abs(long int)	16	static
../Core/Src/Gantry.cpp:38:9:static Gantry* Gantry::instance()	4	static
../Core/Src/Gantry.cpp:42:1:Gantry::Gantry()	16	static
../Core/Src/Gantry.cpp:44:6:void Gantry::begin()	16	static
../Core/Src/Gantry.cpp:48:6:void Gantry::moveTo(int32_t, int32_t, uint32_t)	48	static
C:\ST\STM32CubeIDE_1.18.1\STM32CubeIDE\plugins\com.st.stm32cube.ide.mcu.externaltools.gnu-tools-for-stm32.13.3.rel1.win32_1.0.0.202411081344\tools\bin/../lib/gcc/arm-none-eabi/13.3.1/../../../../arm-none-eabi/include/c++/13.3.1/bits/stl_algobase.h:257:5:constexpr const _Tp& std::max(const _Tp&, const _Tp&) [with _Tp = long unsigned int]	16	static
../Core/Src/Gantry.cpp:75:17:Gantry::moveBy(int32_t, int32_t, int32_t, uint32_t)::<lambda(Stepper*, uint32_t)>	88	static
../Core/Src/Gantry.cpp:58:6:void Gantry::moveBy(int32_t, int32_t, int32_t, uint32_t)	88	static
../Core/Src/Gantry.cpp:200:6:void Gantry::setAxisAccel(Stepper::Axis, float)	32	static
../Core/Src/Gantry.cpp:203:6:void Gantry::setAccelAll(float)	16	static
../Core/Src/Gantry.cpp:208:6:void Gantry::setAccelProfileAll(Stepper::AccelProfile)	32	static
../Core/Src/Gantry.cpp:214:6:static void Gantry::pauseXYZMotors()	40	static
../Core/Src/Gantry.cpp:219:6:static void Gantry::resumeXYZMotors()	40	static
../Core/Src/Gantry.cpp:224:6:static void Gantry::cancelXYZMotors()	40	static
../Core/Src/Gantry.cpp:230:16:GantryPosition Gantry::getPosition() const	16	static
../Core/Src/Gantry.cpp:242:6:void MX_GANTRY_Init()	8	static
../Core/Src/Gantry.cpp:252:6:void MX_GANTRY_MoveBy(int32_t, int32_t, int32_t, uint32_t)	32	static
../Core/Src/Gantry.cpp:256:6:void MX_GANTRY_MoveTo(int32_t, int32_t, int32_t, uint32_t)	24	static
C:\ST\STM32CubeIDE_1.18.1\STM32CubeIDE\plugins\com.st.stm32cube.ide.mcu.externaltools.gnu-tools-for-stm32.13.3.rel1.win32_1.0.0.202411081344\tools\bin/../lib/gcc/arm-none-eabi/13.3.1/../../../../arm-none-eabi/include/c++/13.3.1/bits/stl_algobase.h:233:5:constexpr const _Tp& std::min(const _Tp&, const _Tp&) [with _Tp = long long unsigned int]	16	static
C:\ST\STM32CubeIDE_1.18.1\STM32CubeIDE\plugins\com.st.stm32cube.ide.mcu.externaltools.gnu-tools-for-stm32.13.3.rel1.win32_1.0.0.202411081344\tools\bin/../lib/gcc/arm-none-eabi/13.3.1/../../../../arm-none-eabi/include/c++/13.3.1/initializer_list:73:7:constexpr const _E* std::initializer_list<_E>::begin() const [with _E = Stepper::Axis]	16	static
C:\ST\STM32CubeIDE_1.18.1\STM32CubeIDE\plugins\com.st.stm32cube.ide.mcu.externaltools.gnu-tools-for-stm32.13.3.rel1.win32_1.0.0.202411081344\tools\bin/../lib/gcc/arm-none-eabi/13.3.1/../../../../arm-none-eabi/include/c++/13.3.1/initializer_list:77:7:constexpr const _E* std::initializer_list<_E>::end() const [with _E = Stepper::Axis]	24	static
C:\ST\STM32CubeIDE_1.18.1\STM32CubeIDE\plugins\com.st.stm32cube.ide.mcu.externaltools.gnu-tools-for-stm32.13.3.rel1.win32_1.0.0.202411081344\tools\bin/../lib/gcc/arm-none-eabi/13.3.1/../../../../arm-none-eabi/include/c++/13.3.1/initializer_list:69:7:constexpr std::initializer_list<_E>::size_type std::initializer_list<_E>::size() const [with _E = Stepper::Axis]	16	static
