../Core/Inc/LEDController.h:39:17:QueueDefinition* LEDController::getQueue() const	16	static
../Core/Inc/Orchestrator.h:159:29:static EventGroupDef_t* Orchestrator::getDoneEvents()	8	static
../Core/Src/LEDController.cpp:19:17:void MX_LED_Init()	8	static
../Core/Src/LEDController.cpp:24:26:QueueDefinition* MX_LED_GetQueue()	8	static
../Core/Src/LEDController.cpp:28:1:LEDController::LEDController(GPIO_TypeDef*, uint16_t)	24	static
../Core/Src/LEDController.cpp:33:16:static LEDController* LEDController::instance()	4	static
../Core/Src/LEDController.cpp:37:6:void LEDController::begin()	24	static
../Core/Src/LEDController.cpp:54:6:void LEDController::enqueue(const BlinkCommand&)	16	static
../Core/Src/LEDController.cpp:59:6:static void LEDController::taskEntry(void*)	16	static
../Core/Src/LEDController.cpp:64:6:void LEDController::taskLoop()	32	static
../Core/Src/LEDController.cpp:89:1:void __static_initialization_and_destruction_0()	8	static
../Core/Src/LEDController.cpp:89:1:cpp)	8	static
