../Core/Inc/Stepper.h:37:19:static Stepper* Stepper::stepperX()	8	static
../Core/Inc/Stepper.h:38:19:static Stepper* Stepper::stepperY()	8	static
../Core/Inc/Stepper.h:39:19:static Stepper* Stepper::stepperZ()	8	static
../Core/Inc/Stepper.h:40:19:static Stepper* Stepper::stepperP()	8	static
../Core/Inc/Stepper.h:146:8:void Stepper::setAccelProfile(AccelProfile)	16	static
../Core/Inc/Stepper.h:150:9:void Stepper::setAccelStepsPerSec2(float)	16	static
../Core/Inc/Stepper.h:154:12:void Stepper::setMaxSpeedHz(uint32_t)	16	static
../Core/Inc/PressureRegulator.h:64:29:static PressureRegulator& PressureRegulator::regP()	8	static
../Core/Inc/PressureRegulator.h:147:28:static PressureRegulator* PressureRegulator::get(int)	16	static
../Core/Inc/Orchestrator.h:138:21:uint32_t Orchestrator::Command::p1u() const	16	static
../Core/Inc/Orchestrator.h:139:21:uint32_t Orchestrator::Command::p2u() const	16	static
../Core/Inc/Orchestrator.h:146:18:bool Orchestrator::Command::p1b() const	16	static
../Core/Inc/Orchestrator.h:159:29:static EventGroupDef_t* Orchestrator::getDoneEvents()	8	static
../Core/Inc/Printer.h:80:8:void Printer::setPrintPulse(uint32_t)	16	static
../Core/Inc/Printer.h:81:8:void Printer::setRefuelPulse(uint32_t)	16	static
../Core/Inc/Comm.h:76:18:static Comm* Comm::instance()	4	static
../Core/Inc/Orchestrator.h:128:10:Orchestrator::Command::Command()	16	static
../Core/Src/Orchestrator.cpp:30:1:Orchestrator::Orchestrator()	16	static
../Core/Src/Orchestrator.cpp:43:15:static Orchestrator* Orchestrator::instance()	4	static
../Core/Src/Orchestrator.cpp:47:6:void Orchestrator::begin()	24	static
../Core/Src/Orchestrator.cpp:61:17:void MX_ORCH_Init()	8	static
../Core/Src/Orchestrator.cpp:67:12:BaseType_t Orchestrator::enqueueFromISR(const Command&, BaseType_t*)	32	static
../Core/Src/Orchestrator.cpp:114:6:void Orchestrator::pauseCurrent()	16	static
../Core/Src/Orchestrator.cpp:125:6:void Orchestrator::resumeCurrent()	16	static
../Core/Src/Orchestrator.cpp:132:6:void Orchestrator::cancelCurrent()	16	static
../Core/Src/Orchestrator.cpp:138:6:static void Orchestrator::_taskEntry(void*)	16	static
../Core/Src/Orchestrator.cpp:142:12:static TickType_t Orchestrator::msToAtLeast1Tick(uint32_t)	24	static
../Core/Src/Orchestrator.cpp:149:6:bool Orchestrator::pauseAwareDelayTicks(TickType_t&)	24	static
../Core/Src/Orchestrator.cpp:170:6:bool Orchestrator::waitForBit(EventBits_t)	32	static
../Core/Src/Orchestrator.cpp:193:6:bool Orchestrator::waitForBits(EventBits_t)	32	static
../Core/Src/Orchestrator.cpp:220:6:void Orchestrator::_run()	88	static
../Core/Src/Orchestrator.cpp:358:6:void Orchestrator::executeCommand(const Command&)	112	static
../Core/Src/Orchestrator.cpp:791:6:void Orchestrator::performShutdown(uint8_t, uint32_t, bool)	64	static
../Core/Src/Orchestrator.cpp:863:6:static void Orchestrator::_homeTaskEntry(void*)	32	static
../Core/Src/Orchestrator.cpp:876:6:void Orchestrator::startHomeAsync(Stepper*, uint32_t, uint32_t, uint32_t, EventBits_t)	64	static
../Core/Src/Orchestrator.cpp:933:6:static void Orchestrator::_regHomeTaskEntry(void*)	32	static
../Core/Src/Orchestrator.cpp:946:6:void Orchestrator::startRegHomeAsync(PressureRegulator*, uint32_t, uint32_t, uint32_t, EventBits_t)	64	static
../Core/Src/Orchestrator.cpp:1145:17:void MX_FLASH_TriggerCallback(uint16_t)	16	static
../Core/Src/Orchestrator.cpp:1146:17:void MX_FLASH_Acknowledge()	4	static
